2026-10-04T23:42:21.9503884Z 保護対象26件、一致26件。
2026-10-04T23:43:28.0515923Z PASS R-01 (exit=0, tests_ran=True, parser_failed=False)
2026-10-04T23:43:36.1214837Z PASS R-02 (exit=0, tests_ran=True, parser_failed=False)
2026-10-04T23:43:38.0533287Z PASS R-03 (exit=0, tests_ran=True, parser_failed=False)
2026-10-04T23:43:40.6555588Z PASS R-04 (exit=0, tests_ran=True, parser_failed=False)
2026-10-04T23:43:42.5878028Z PASS R-05 (exit=0, tests_ran=True, parser_failed=False)
2026-10-04T23:43:44.8005326Z PASS R-06 (exit=0, tests_ran=True, parser_failed=False)
2026-10-04T23:44:45.4219351Z PASS R-07 (exit=0, tests_ran=True, parser_failed=False)
2026-10-04T23:44:57.4928169Z PASS R-08 (exit=0, tests_ran=True, parser_failed=False)
2026-10-04T23:54:02.8104860Z TASK021_PASS: cases=8
2026-10-04T23:54:02.8118599Z TASK007_PASS: completed=776ad944723d21c1e250a1ee5fd56d35da42cfed latest=1c23008360249919f730efcc7b04de5019e18e0e
2026-10-04T23:54:36.6361041Z 保護対象26件、一致26件。
2026-10-04T23:46:27.3232385Z import.log: PASS 56.83s
2026-10-04T23:46:37.1230143Z assets.log: PASS 9.8s
2026-10-04T23:46:42.6812485Z services.log: PASS 5.558s
2026-10-04T23:47:58.9459371Z outside.log: PASS 76.265s
2026-10-04T23:48:56.6920538Z rooms.log: PASS 57.745s
2026-10-04T23:48:59.0843031Z assets.log: PASS 0.212s
2026-10-04T23:49:04.5497411Z services.log: PASS 5.465s
2026-10-04T23:50:18.1411643Z outside.log: PASS 73.591s
2026-10-04T23:51:15.7963323Z rooms.log: PASS 57.654s
2026-10-04T23:52:47.3375111Z relocated-outside.log: PASS 74.329s
2026-10-04T23:53:44.5895676Z relocated-rooms.log: PASS 57.248s
