Godot Engine v4.7.2.stable.official.ed1daf0bf - https://godotengine.org

TASK007_SERVICES_FAIL: 祠成功前後のoverworld全体不変
TASK007_SERVICES_FAIL: 従来祠との同条件・同全状態
TASK007_SERVICES_FAIL: 祠成功前後のoverworld全体不変
TASK007_SERVICES_FAIL: 従来祠との同条件・同全状態
TASK007_SERVICES_FAIL: 祠成功前後のoverworld全体不変
TASK007_SERVICES_FAIL: 従来祠との同条件・同全状態
TASK007_SERVICES_FAIL: 祠成功前後のoverworld全体不変
TASK007_SERVICES_FAIL: 従来祠との同条件・同全状態
TASK007_SERVICES_FAIL: 全8系統の祠成功前後のoverworld全体不変: slime
TASK007_SERVICES_FAIL: 全8系統で従来祠との全状態一致: slime
TASK007_SERVICES_FAIL: 全8系統の祠成功前後のoverworld全体不変: beast
TASK007_SERVICES_FAIL: 全8系統で従来祠との全状態一致: beast
TASK007_SERVICES_FAIL: 全8系統の祠成功前後のoverworld全体不変: undead
TASK007_SERVICES_FAIL: 全8系統で従来祠との全状態一致: undead
TASK007_SERVICES_FAIL: 全8系統の祠成功前後のoverworld全体不変: bird
TASK007_SERVICES_FAIL: 全8系統で従来祠との全状態一致: bird
TASK007_SERVICES_FAIL: 全8系統の祠成功前後のoverworld全体不変: plant
TASK007_SERVICES_FAIL: 全8系統で従来祠との全状態一致: plant
TASK007_SERVICES_FAIL: 全8系統の祠成功前後のoverworld全体不変: shell
TASK007_SERVICES_FAIL: 全8系統で従来祠との全状態一致: shell
TASK007_SERVICES_FAIL: 全8系統の祠成功前後のoverworld全体不変: spirit
TASK007_SERVICES_FAIL: 全8系統で従来祠との全状態一致: spirit
TASK007_SERVICES_FAIL: 全8系統の祠成功前後のoverworld全体不変: dragon
TASK007_SERVICES_FAIL: 全8系統で従来祠との全状態一致: dragon
TASK007_SERVICES_FAIL
