Godot Engine v4.7.2.stable.official.ed1daf0bf - https://godotengine.org

[   0% ] [90m[1mfirst_scan_filesystem[22m | Started Project initialization (5 steps)[39m[0m
[   0% ] [90m[1mfirst_scan_filesystem[22m | Scanning file structure...[39m[0m
[  16% ] [90m[1mfirst_scan_filesystem[22m | Loading global class names...[39m[0m
[  33% ] [90m[1mfirst_scan_filesystem[22m | Verifying GDExtensions...[39m[0m
[  50% ] [90m[1mfirst_scan_filesystem[22m | Creating autoload scripts...[39m[0m
[  66% ] [90m[1mfirst_scan_filesystem[22m | Initializing plugins...[39m[0m
[  83% ] [90m[1mfirst_scan_filesystem[22m | Starting file scan...[39m[0m
[92m[ DONE ][39m [1mfirst_scan_filesystem[22m
[0m
WARNING: UID duplicate detected between res://docs/verification/task-009/fixed-render/details/01-west-arch-under.png and res://docs/verification/region2-village-connections/details/01-west-arch-under.png.
     at: _process_file_system (editor/file_system/editor_file_system.cpp:1405)
WARNING: UID duplicate detected between res://docs/verification/task-009/fixed-render/details/02-east-arch-under.png and res://docs/verification/region2-village-connections/details/02-east-arch-under.png.
     at: _process_file_system (editor/file_system/editor_file_system.cpp:1405)
WARNING: UID duplicate detected between res://docs/verification/task-009/fixed-render/details/03-room-1-high-front-wall.png and res://docs/verification/region2-village-connections/details/03-room-1-high-front-wall.png.
     at: _process_file_system (editor/file_system/editor_file_system.cpp:1405)
WARNING: UID duplicate detected between res://docs/verification/task-009/fixed-render/details/03-room-2-high-front-wall.png and res://docs/verification/region2-village-connections/details/03-room-2-high-front-wall.png.
     at: _process_file_system (editor/file_system/editor_file_system.cpp:1405)
WARNING: UID duplicate detected between res://docs/verification/task-009/fixed-render/details/03-room-3-high-front-wall.png and res://docs/verification/region2-village-connections/details/03-room-3-high-front-wall.png.
     at: _process_file_system (editor/file_system/editor_file_system.cpp:1405)
WARNING: UID duplicate detected between res://docs/verification/task-009/fixed-render/details/03-room-4-high-front-wall.png and res://docs/verification/region2-village-connections/details/03-room-4-high-front-wall.png.
     at: _process_file_system (editor/file_system/editor_file_system.cpp:1405)
WARNING: UID duplicate detected between res://docs/verification/task-009/fixed-render/journey/01-port-start.png and res://docs/verification/region2-village-connections/journey/01-port-start.png.
     at: _process_file_system (editor/file_system/editor_file_system.cpp:1405)
WARNING: UID duplicate detected between res://docs/verification/task-009/fixed-render/journey/02-world-village-entrance.png and res://docs/verification/region2-village-connections/journey/02-world-village-entrance.png.
     at: _process_file_system (editor/file_system/editor_file_system.cpp:1405)
WARNING: UID duplicate detected between res://docs/verification/task-009/fixed-render/journey/03-west-landing.png and res://docs/verification/region2-village-connections/journey/03-west-landing.png.
     at: _process_file_system (editor/file_system/editor_file_system.cpp:1405)
WARNING: UID duplicate detected between res://docs/verification/task-009/fixed-render/journey/04-room-0-entrance.png and res://docs/verification/region2-village-connections/journey/04-room-0-entrance.png.
     at: _process_file_system (editor/file_system/editor_file_system.cpp:1405)
WARNING: UID duplicate detected between res://docs/verification/task-009/fixed-render/journey/04-room-1-entrance.png and res://docs/verification/region2-village-connections/journey/04-room-1-entrance.png.
     at: _process_file_system (editor/file_system/editor_file_system.cpp:1405)
WARNING: UID duplicate detected between res://docs/verification/task-009/fixed-render/journey/04-room-2-entrance.png and res://docs/verification/region2-village-connections/journey/04-room-2-entrance.png.
     at: _process_file_system (editor/file_system/editor_file_system.cpp:1405)
WARNING: UID duplicate detected between res://docs/verification/task-009/fixed-render/journey/04-room-3-entrance.png and res://docs/verification/region2-village-connections/journey/04-room-3-entrance.png.
     at: _process_file_system (editor/file_system/editor_file_system.cpp:1405)
WARNING: UID duplicate detected between res://docs/verification/task-009/fixed-render/journey/04-room-4-entrance.png and res://docs/verification/region2-village-connections/journey/04-room-4-entrance.png.
     at: _process_file_system (editor/file_system/editor_file_system.cpp:1405)
WARNING: UID duplicate detected between res://docs/verification/task-009/fixed-render/journey/05-room-0-front.png and res://docs/verification/region2-village-connections/journey/05-room-0-front.png.
     at: _process_file_system (editor/file_system/editor_file_system.cpp:1405)
WARNING: UID duplicate detected between res://docs/verification/task-009/fixed-render/journey/05-room-1-front.png and res://docs/verification/region2-village-connections/journey/05-room-1-front.png.
     at: _process_file_system (editor/file_system/editor_file_system.cpp:1405)
WARNING: UID duplicate detected between res://docs/verification/task-009/fixed-render/journey/05-room-2-front.png and res://docs/verification/region2-village-connections/journey/05-room-2-front.png.
     at: _process_file_system (editor/file_system/editor_file_system.cpp:1405)
WARNING: UID duplicate detected between res://docs/verification/task-009/fixed-render/journey/05-room-3-front.png and res://docs/verification/region2-village-connections/journey/05-room-3-front.png.
     at: _process_file_system (editor/file_system/editor_file_system.cpp:1405)
WARNING: UID duplicate detected between res://docs/verification/task-009/fixed-render/journey/05-room-4-front.png and res://docs/verification/region2-village-connections/journey/05-room-4-front.png.
     at: _process_file_system (editor/file_system/editor_file_system.cpp:1405)
WARNING: UID duplicate detected between res://docs/verification/task-009/fixed-render/journey/06-room-0-behind.png and res://docs/verification/region2-village-connections/journey/06-room-0-behind.png.
     at: _process_file_system (editor/file_system/editor_file_system.cpp:1405)
WARNING: UID duplicate detected between res://docs/verification/task-009/fixed-render/journey/06-room-1-behind.png and res://docs/verification/region2-village-connections/journey/06-room-1-behind.png.
     at: _process_file_system (editor/file_system/editor_file_system.cpp:1405)
WARNING: UID duplicate detected between res://docs/verification/task-009/fixed-render/journey/06-room-2-behind.png and res://docs/verification/region2-village-connections/journey/06-room-2-behind.png.
     at: _process_file_system (editor/file_system/editor_file_system.cpp:1405)
WARNING: UID duplicate detected between res://docs/verification/task-009/fixed-render/journey/06-room-3-behind.png and res://docs/verification/region2-village-connections/journey/06-room-3-behind.png.
     at: _process_file_system (editor/file_system/editor_file_system.cpp:1405)
WARNING: UID duplicate detected between res://docs/verification/task-009/fixed-render/journey/06-room-4-behind.png and res://docs/verification/region2-village-connections/journey/06-room-4-behind.png.
     at: _process_file_system (editor/file_system/editor_file_system.cpp:1405)
WARNING: UID duplicate detected between res://docs/verification/task-009/fixed-render/journey/07-room-1-return.png and res://docs/verification/region2-village-connections/journey/07-room-1-return.png.
     at: _process_file_system (editor/file_system/editor_file_system.cpp:1405)
WARNING: UID duplicate detected between res://docs/verification/task-009/fixed-render/journey/07-room-2-return.png and res://docs/verification/region2-village-connections/journey/07-room-2-return.png.
     at: _process_file_system (editor/file_system/editor_file_system.cpp:1405)
WARNING: UID duplicate detected between res://docs/verification/task-009/fixed-render/journey/07-room-3-return.png and res://docs/verification/region2-village-connections/journey/07-room-3-return.png.
     at: _process_file_system (editor/file_system/editor_file_system.cpp:1405)
WARNING: UID duplicate detected between res://docs/verification/task-009/fixed-render/journey/07-room-4-return.png and res://docs/verification/region2-village-connections/journey/07-room-4-return.png.
     at: _process_file_system (editor/file_system/editor_file_system.cpp:1405)
WARNING: UID duplicate detected between res://docs/verification/task-009/fixed-render/journey/08-east-outside.png and res://docs/verification/region2-village-connections/journey/08-east-outside.png.
     at: _process_file_system (editor/file_system/editor_file_system.cpp:1405)
WARNING: UID duplicate detected between res://docs/verification/task-009/fixed-render/journey/09-east-landing-camera-edge.png and res://docs/verification/region2-village-connections/journey/09-east-landing-camera-edge.png.
     at: _process_file_system (editor/file_system/editor_file_system.cpp:1405)
WARNING: UID duplicate detected between res://docs/verification/task-009/fixed-render/journey/10-menu-restored.png and res://docs/verification/region2-village-connections/journey/10-menu-restored.png.
     at: _process_file_system (editor/file_system/editor_file_system.cpp:1405)
WARNING: UID duplicate detected between res://docs/verification/task-009/fixed-render/journey/11-port-returned.png and res://docs/verification/region2-village-connections/journey/11-port-returned.png.
     at: _process_file_system (editor/file_system/editor_file_system.cpp:1405)
WARNING: UID duplicate detected between res://docs/verification/task-009/fixed-render/journey/12-return-destinations.png and res://docs/verification/region2-village-connections/journey/12-return-destinations.png.
     at: _process_file_system (editor/file_system/editor_file_system.cpp:1405)
WARNING: UID duplicate detected between res://docs/verification/task-009/fixed-render/journey/13-returned-to-village.png and res://docs/verification/region2-village-connections/journey/13-returned-to-village.png.
     at: _process_file_system (editor/file_system/editor_file_system.cpp:1405)
WARNING: UID duplicate detected between res://docs/verification/task-009/fixed-render/restart-0/01-restart-room-0.png and res://docs/verification/region2-village-connections/restart-0/01-restart-room-0.png.
     at: _process_file_system (editor/file_system/editor_file_system.cpp:1405)
WARNING: UID duplicate detected between res://docs/verification/task-009/fixed-render/restart-0/02-port-after-restart.png and res://docs/verification/region2-village-connections/restart-0/02-port-after-restart.png.
     at: _process_file_system (editor/file_system/editor_file_system.cpp:1405)
WARNING: UID duplicate detected between res://docs/verification/task-009/fixed-render/restart-0/03-position-relocation-notice.png and res://docs/verification/region2-village-connections/restart-0/03-position-relocation-notice.png.
     at: _process_file_system (editor/file_system/editor_file_system.cpp:1405)
WARNING: UID duplicate detected between res://docs/verification/task-009/fixed-render/restart-1/01-restart-room-1.png and res://docs/verification/region2-village-connections/restart-1/01-restart-room-1.png.
     at: _process_file_system (editor/file_system/editor_file_system.cpp:1405)
WARNING: UID duplicate detected between res://docs/verification/task-009/fixed-render/restart-1/02-port-after-restart.png and res://docs/verification/region2-village-connections/restart-1/02-port-after-restart.png.
     at: _process_file_system (editor/file_system/editor_file_system.cpp:1405)
WARNING: UID duplicate detected between res://docs/verification/task-009/fixed-render/restart-1/03-position-relocation-notice.png and res://docs/verification/region2-village-connections/restart-1/03-position-relocation-notice.png.
     at: _process_file_system (editor/file_system/editor_file_system.cpp:1405)
WARNING: UID duplicate detected between res://docs/verification/task-009/fixed-render/restart-2/01-restart-room-2.png and res://docs/verification/region2-village-connections/restart-2/01-restart-room-2.png.
     at: _process_file_system (editor/file_system/editor_file_system.cpp:1405)
WARNING: UID duplicate detected between res://docs/verification/task-009/fixed-render/restart-2/02-port-after-restart.png and res://docs/verification/region2-village-connections/restart-2/02-port-after-restart.png.
     at: _process_file_system (editor/file_system/editor_file_system.cpp:1405)
WARNING: UID duplicate detected between res://docs/verification/task-009/fixed-render/restart-2/03-position-relocation-notice.png and res://docs/verification/region2-village-connections/restart-2/03-position-relocation-notice.png.
     at: _process_file_system (editor/file_system/editor_file_system.cpp:1405)
WARNING: UID duplicate detected between res://docs/verification/task-009/fixed-render/restart-3/01-restart-room-3.png and res://docs/verification/region2-village-connections/restart-3/01-restart-room-3.png.
     at: _process_file_system (editor/file_system/editor_file_system.cpp:1405)
WARNING: UID duplicate detected between res://docs/verification/task-009/fixed-render/restart-3/02-port-after-restart.png and res://docs/verification/region2-village-connections/restart-3/02-port-after-restart.png.
     at: _process_file_system (editor/file_system/editor_file_system.cpp:1405)
WARNING: UID duplicate detected between res://docs/verification/task-009/fixed-render/restart-3/03-position-relocation-notice.png and res://docs/verification/region2-village-connections/restart-3/03-position-relocation-notice.png.
     at: _process_file_system (editor/file_system/editor_file_system.cpp:1405)
WARNING: UID duplicate detected between res://docs/verification/task-009/fixed-render/restart-4/01-restart-room-4.png and res://docs/verification/region2-village-connections/restart-4/01-restart-room-4.png.
     at: _process_file_system (editor/file_system/editor_file_system.cpp:1405)
WARNING: UID duplicate detected between res://docs/verification/task-009/fixed-render/restart-4/02-port-after-restart.png and res://docs/verification/region2-village-connections/restart-4/02-port-after-restart.png.
     at: _process_file_system (editor/file_system/editor_file_system.cpp:1405)
WARNING: UID duplicate detected between res://docs/verification/task-009/fixed-render/restart-4/03-position-relocation-notice.png and res://docs/verification/region2-village-connections/restart-4/03-position-relocation-notice.png.
     at: _process_file_system (editor/file_system/editor_file_system.cpp:1405)
[   0% ] [90m[1m_update_scan_actions[22m | Started Scanning actions... (98 steps)[39m[0m
[   0% ] [90m[1m_update_scan_actions[22m | 01-west-arch-under.png[39m[0m
[   1% ] [90m[1m_update_scan_actions[22m | 02-east-arch-under.png[39m[0m
[   2% ] [90m[1m_update_scan_actions[22m | 03-room-1-high-front-wall.png[39m[0m
[   3% ] [90m[1m_update_scan_actions[22m | 03-room-2-high-front-wall.png[39m[0m
[   4% ] [90m[1m_update_scan_actions[22m | 03-room-3-high-front-wall.png[39m[0m
[   5% ] [90m[1m_update_scan_actions[22m | 03-room-4-high-front-wall.png[39m[0m
[   6% ] [90m[1m_update_scan_actions[22m | 01-port-start.png[39m[0m
[   7% ] [90m[1m_update_scan_actions[22m | 02-world-village-entrance.png[39m[0m
[   8% ] [90m[1m_update_scan_actions[22m | 03-west-landing.png[39m[0m
[   9% ] [90m[1m_update_scan_actions[22m | 04-room-0-entrance.png[39m[0m
[  10% ] [90m[1m_update_scan_actions[22m | 04-room-1-entrance.png[39m[0m
[  11% ] [90m[1m_update_scan_actions[22m | 04-room-2-entrance.png[39m[0m
[  12% ] [90m[1m_update_scan_actions[22m | 04-room-3-entrance.png[39m[0m
[  13% ] [90m[1m_update_scan_actions[22m | 04-room-4-entrance.png[39m[0m
[  14% ] [90m[1m_update_scan_actions[22m | 05-room-0-front.png[39m[0m
[  15% ] [90m[1m_update_scan_actions[22m | 05-room-1-front.png[39m[0m
[  16% ] [90m[1m_update_scan_actions[22m | 05-room-2-front.png[39m[0m
[  17% ] [90m[1m_update_scan_actions[22m | 05-room-3-front.png[39m[0m
[  18% ] [90m[1m_update_scan_actions[22m | 05-room-4-front.png[39m[0m
[  19% ] [90m[1m_update_scan_actions[22m | 06-room-0-behind.png[39m[0m
[  20% ] [90m[1m_update_scan_actions[22m | 06-room-1-behind.png[39m[0m
[  21% ] [90m[1m_update_scan_actions[22m | 06-room-2-behind.png[39m[0m
[  22% ] [90m[1m_update_scan_actions[22m | 06-room-3-behind.png[39m[0m
[  23% ] [90m[1m_update_scan_actions[22m | 06-room-4-behind.png[39m[0m
[  24% ] [90m[1m_update_scan_actions[22m | 07-room-1-return.png[39m[0m
[  25% ] [90m[1m_update_scan_actions[22m | 07-room-2-return.png[39m[0m
[  26% ] [90m[1m_update_scan_actions[22m | 07-room-3-return.png[39m[0m
[  27% ] [90m[1m_update_scan_actions[22m | 07-room-4-return.png[39m[0m
[  28% ] [90m[1m_update_scan_actions[22m | 08-east-outside.png[39m[0m
[  29% ] [90m[1m_update_scan_actions[22m | 09-east-landing-camera-edge.png[39m[0m
[  30% ] [90m[1m_update_scan_actions[22m | 10-menu-restored.png[39m[0m
[  31% ] [90m[1m_update_scan_actions[22m | 11-port-returned.png[39m[0m
[  32% ] [90m[1m_update_scan_actions[22m | 12-return-destinations.png[39m[0m
[  33% ] [90m[1m_update_scan_actions[22m | 13-returned-to-village.png[39m[0m
[  34% ] [90m[1m_update_scan_actions[22m | 01-restart-room-0.png[39m[0m
[  35% ] [90m[1m_update_scan_actions[22m | 02-port-after-restart.png[39m[0m
[  36% ] [90m[1m_update_scan_actions[22m | 03-position-relocation-notice.png[39m[0m
[  37% ] [90m[1m_update_scan_actions[22m | 01-restart-room-1.png[39m[0m
[  38% ] [90m[1m_update_scan_actions[22m | 02-port-after-restart.png[39m[0m
[  39% ] [90m[1m_update_scan_actions[22m | 03-position-relocation-notice.png[39m[0m
[  40% ] [90m[1m_update_scan_actions[22m | 01-restart-room-2.png[39m[0m
[  41% ] [90m[1m_update_scan_actions[22m | 02-port-after-restart.png[39m[0m
[  42% ] [90m[1m_update_scan_actions[22m | 03-position-relocation-notice.png[39m[0m
[  43% ] [90m[1m_update_scan_actions[22m | 01-restart-room-3.png[39m[0m
[  44% ] [90m[1m_update_scan_actions[22m | 02-port-after-restart.png[39m[0m
[  45% ] [90m[1m_update_scan_actions[22m | 03-position-relocation-notice.png[39m[0m
[  46% ] [90m[1m_update_scan_actions[22m | 01-restart-room-4.png[39m[0m
[  47% ] [90m[1m_update_scan_actions[22m | 02-port-after-restart.png[39m[0m
[  48% ] [90m[1m_update_scan_actions[22m | 03-position-relocation-notice.png[39m[0m
[  49% ] [90m[1m_update_scan_actions[22m | 01-west-arch-under.png[39m[0m
[  50% ] [90m[1m_update_scan_actions[22m | 02-east-arch-under.png[39m[0m
[  51% ] [90m[1m_update_scan_actions[22m | 03-room-1-high-front-wall.png[39m[0m
[  52% ] [90m[1m_update_scan_actions[22m | 03-room-2-high-front-wall.png[39m[0m
[  53% ] [90m[1m_update_scan_actions[22m | 03-room-3-high-front-wall.png[39m[0m
[  54% ] [90m[1m_update_scan_actions[22m | 03-room-4-high-front-wall.png[39m[0m
[  55% ] [90m[1m_update_scan_actions[22m | 01-port-start.png[39m[0m
[  56% ] [90m[1m_update_scan_actions[22m | 02-world-village-entrance.png[39m[0m
[  57% ] [90m[1m_update_scan_actions[22m | 03-west-landing.png[39m[0m
[  58% ] [90m[1m_update_scan_actions[22m | 04-room-0-entrance.png[39m[0m
[  59% ] [90m[1m_update_scan_actions[22m | 04-room-1-entrance.png[39m[0m
[  60% ] [90m[1m_update_scan_actions[22m | 04-room-2-entrance.png[39m[0m
[  61% ] [90m[1m_update_scan_actions[22m | 04-room-3-entrance.png[39m[0m
[  62% ] [90m[1m_update_scan_actions[22m | 04-room-4-entrance.png[39m[0m
[  63% ] [90m[1m_update_scan_actions[22m | 05-room-0-front.png[39m[0m
[  64% ] [90m[1m_update_scan_actions[22m | 05-room-1-front.png[39m[0m
[  65% ] [90m[1m_update_scan_actions[22m | 05-room-2-front.png[39m[0m
[  66% ] [90m[1m_update_scan_actions[22m | 05-room-3-front.png[39m[0m
[  67% ] [90m[1m_update_scan_actions[22m | 05-room-4-front.png[39m[0m
[  68% ] [90m[1m_update_scan_actions[22m | 06-room-0-behind.png[39m[0m
[  69% ] [90m[1m_update_scan_actions[22m | 06-room-1-behind.png[39m[0m
[  70% ] [90m[1m_update_scan_actions[22m | 06-room-2-behind.png[39m[0m
[  71% ] [90m[1m_update_scan_actions[22m | 06-room-3-behind.png[39m[0m
[  72% ] [90m[1m_update_scan_actions[22m | 06-room-4-behind.png[39m[0m
[  73% ] [90m[1m_update_scan_actions[22m | 07-room-1-return.png[39m[0m
[  74% ] [90m[1m_update_scan_actions[22m | 07-room-2-return.png[39m[0m
[  75% ] [90m[1m_update_scan_actions[22m | 07-room-3-return.png[39m[0m
[  76% ] [90m[1m_update_scan_actions[22m | 07-room-4-return.png[39m[0m
[  77% ] [90m[1m_update_scan_actions[22m | 08-east-outside.png[39m[0m
[  78% ] [90m[1m_update_scan_actions[22m | 09-east-landing-camera-edge.png[39m[0m
[  79% ] [90m[1m_update_scan_actions[22m | 10-menu-restored.png[39m[0m
[  80% ] [90m[1m_update_scan_actions[22m | 11-port-returned.png[39m[0m
[  81% ] [90m[1m_update_scan_actions[22m | 12-return-destinations.png[39m[0m
[  82% ] [90m[1m_update_scan_actions[22m | 13-returned-to-village.png[39m[0m
[  83% ] [90m[1m_update_scan_actions[22m | 01-restart-room-0.png[39m[0m
[  84% ] [90m[1m_update_scan_actions[22m | 02-port-after-restart.png[39m[0m
[  85% ] [90m[1m_update_scan_actions[22m | 03-position-relocation-notice.png[39m[0m
[  86% ] [90m[1m_update_scan_actions[22m | 01-restart-room-1.png[39m[0m
[  87% ] [90m[1m_update_scan_actions[22m | 02-port-after-restart.png[39m[0m
[  88% ] [90m[1m_update_scan_actions[22m | 03-position-relocation-notice.png[39m[0m
[  89% ] [90m[1m_update_scan_actions[22m | 01-restart-room-2.png[39m[0m
[  90% ] [90m[1m_update_scan_actions[22m | 02-port-after-restart.png[39m[0m
[  91% ] [90m[1m_update_scan_actions[22m | 03-position-relocation-notice.png[39m[0m
[  92% ] [90m[1m_update_scan_actions[22m | 01-restart-room-3.png[39m[0m
[  93% ] [90m[1m_update_scan_actions[22m | 02-port-after-restart.png[39m[0m
[  94% ] [90m[1m_update_scan_actions[22m | 03-position-relocation-notice.png[39m[0m
[  95% ] [90m[1m_update_scan_actions[22m | 01-restart-room-4.png[39m[0m
[  96% ] [90m[1m_update_scan_actions[22m | 02-port-after-restart.png[39m[0m
[  97% ] [90m[1m_update_scan_actions[22m | 03-position-relocation-notice.png[39m[0m
[92m[ DONE ][39m [1m_update_scan_actions[22m
[0m
[   0% ] [90m[1mreimport[22m | Started (Re)Importing Assets (98 steps)[39m[0m
[   0% ] [90m[1mreimport[22m | Preparing files to reimport...[39m[0m
[   1% ] [90m[1mreimport[22m | Preparing files to reimport...[39m[0m
[   2% ] [90m[1mreimport[22m | Preparing files to reimport...[39m[0m
[   3% ] [90m[1mreimport[22m | Preparing files to reimport...[39m[0m
[   4% ] [90m[1mreimport[22m | Preparing files to reimport...[39m[0m
[   5% ] [90m[1mreimport[22m | Preparing files to reimport...[39m[0m
[   6% ] [90m[1mreimport[22m | Preparing files to reimport...[39m[0m
[   7% ] [90m[1mreimport[22m | Preparing files to reimport...[39m[0m
[   8% ] [90m[1mreimport[22m | Preparing files to reimport...[39m[0m
[   9% ] [90m[1mreimport[22m | Preparing files to reimport...[39m[0m
[  10% ] [90m[1mreimport[22m | Preparing files to reimport...[39m[0m
[  11% ] [90m[1mreimport[22m | Preparing files to reimport...[39m[0m
[  12% ] [90m[1mreimport[22m | Preparing files to reimport...[39m[0m
[  13% ] [90m[1mreimport[22m | Preparing files to reimport...[39m[0m
[  14% ] [90m[1mreimport[22m | Preparing files to reimport...[39m[0m
[  15% ] [90m[1mreimport[22m | Preparing files to reimport...[39m[0m
[  16% ] [90m[1mreimport[22m | Preparing files to reimport...[39m[0m
[  17% ] [90m[1mreimport[22m | Preparing files to reimport...[39m[0m
[  18% ] [90m[1mreimport[22m | Preparing files to reimport...[39m[0m
[  19% ] [90m[1mreimport[22m | Preparing files to reimport...[39m[0m
[  20% ] [90m[1mreimport[22m | Preparing files to reimport...[39m[0m
[  21% ] [90m[1mreimport[22m | Preparing files to reimport...[39m[0m
[  22% ] [90m[1mreimport[22m | Preparing files to reimport...[39m[0m
[  23% ] [90m[1mreimport[22m | Preparing files to reimport...[39m[0m
[  24% ] [90m[1mreimport[22m | Preparing files to reimport...[39m[0m
[  25% ] [90m[1mreimport[22m | Preparing files to reimport...[39m[0m
[  26% ] [90m[1mreimport[22m | Preparing files to reimport...[39m[0m
[  27% ] [90m[1mreimport[22m | Preparing files to reimport...[39m[0m
[  28% ] [90m[1mreimport[22m | Preparing files to reimport...[39m[0m
[  29% ] [90m[1mreimport[22m | Preparing files to reimport...[39m[0m
[  30% ] [90m[1mreimport[22m | Preparing files to reimport...[39m[0m
[  31% ] [90m[1mreimport[22m | Preparing files to reimport...[39m[0m
[  32% ] [90m[1mreimport[22m | Preparing files to reimport...[39m[0m
[  33% ] [90m[1mreimport[22m | Preparing files to reimport...[39m[0m
[  34% ] [90m[1mreimport[22m | Preparing files to reimport...[39m[0m
[  35% ] [90m[1mreimport[22m | Preparing files to reimport...[39m[0m
[  36% ] [90m[1mreimport[22m | Preparing files to reimport...[39m[0m
[  37% ] [90m[1mreimport[22m | Preparing files to reimport...[39m[0m
[  38% ] [90m[1mreimport[22m | Preparing files to reimport...[39m[0m
[  39% ] [90m[1mreimport[22m | Preparing files to reimport...[39m[0m
[  40% ] [90m[1mreimport[22m | Preparing files to reimport...[39m[0m
[  41% ] [90m[1mreimport[22m | Preparing files to reimport...[39m[0m
[  42% ] [90m[1mreimport[22m | Preparing files to reimport...[39m[0m
[  43% ] [90m[1mreimport[22m | Preparing files to reimport...[39m[0m
[  44% ] [90m[1mreimport[22m | Preparing files to reimport...[39m[0m
[  45% ] [90m[1mreimport[22m | Preparing files to reimport...[39m[0m
[  46% ] [90m[1mreimport[22m | Preparing files to reimport...[39m[0m
[  47% ] [90m[1mreimport[22m | Preparing files to reimport...[39m[0m
[  48% ] [90m[1mreimport[22m | Preparing files to reimport...[39m[0m
[  49% ] [90m[1mreimport[22m | Preparing files to reimport...[39m[0m
[  50% ] [90m[1mreimport[22m | Preparing files to reimport...[39m[0m
[  51% ] [90m[1mreimport[22m | Preparing files to reimport...[39m[0m
[  52% ] [90m[1mreimport[22m | Preparing files to reimport...[39m[0m
[  53% ] [90m[1mreimport[22m | Preparing files to reimport...[39m[0m
[  54% ] [90m[1mreimport[22m | Preparing files to reimport...[39m[0m
[  55% ] [90m[1mreimport[22m | Preparing files to reimport...[39m[0m
[  56% ] [90m[1mreimport[22m | Preparing files to reimport...[39m[0m
[  57% ] [90m[1mreimport[22m | Preparing files to reimport...[39m[0m
[  58% ] [90m[1mreimport[22m | Preparing files to reimport...[39m[0m
[  59% ] [90m[1mreimport[22m | Preparing files to reimport...[39m[0m
[  60% ] [90m[1mreimport[22m | Preparing files to reimport...[39m[0m
[  61% ] [90m[1mreimport[22m | Preparing files to reimport...[39m[0m
[  62% ] [90m[1mreimport[22m | Preparing files to reimport...[39m[0m
[  63% ] [90m[1mreimport[22m | Preparing files to reimport...[39m[0m
[  64% ] [90m[1mreimport[22m | Preparing files to reimport...[39m[0m
[  65% ] [90m[1mreimport[22m | Preparing files to reimport...[39m[0m
[  66% ] [90m[1mreimport[22m | Preparing files to reimport...[39m[0m
[  67% ] [90m[1mreimport[22m | Preparing files to reimport...[39m[0m
[  68% ] [90m[1mreimport[22m | Preparing files to reimport...[39m[0m
[  69% ] [90m[1mreimport[22m | Preparing files to reimport...[39m[0m
[  70% ] [90m[1mreimport[22m | Preparing files to reimport...[39m[0m
[  71% ] [90m[1mreimport[22m | Preparing files to reimport...[39m[0m
[  72% ] [90m[1mreimport[22m | Preparing files to reimport...[39m[0m
[  73% ] [90m[1mreimport[22m | Preparing files to reimport...[39m[0m
[  74% ] [90m[1mreimport[22m | Preparing files to reimport...[39m[0m
[  75% ] [90m[1mreimport[22m | Preparing files to reimport...[39m[0m
[  76% ] [90m[1mreimport[22m | Preparing files to reimport...[39m[0m
[  77% ] [90m[1mreimport[22m | Preparing files to reimport...[39m[0m
[  78% ] [90m[1mreimport[22m | Preparing files to reimport...[39m[0m
[  79% ] [90m[1mreimport[22m | Preparing files to reimport...[39m[0m
[  80% ] [90m[1mreimport[22m | Preparing files to reimport...[39m[0m
[  81% ] [90m[1mreimport[22m | Preparing files to reimport...[39m[0m
[  82% ] [90m[1mreimport[22m | Preparing files to reimport...[39m[0m
[  83% ] [90m[1mreimport[22m | Preparing files to reimport...[39m[0m
[  84% ] [90m[1mreimport[22m | Preparing files to reimport...[39m[0m
[  85% ] [90m[1mreimport[22m | Preparing files to reimport...[39m[0m
[  86% ] [90m[1mreimport[22m | Preparing files to reimport...[39m[0m
[  87% ] [90m[1mreimport[22m | Preparing files to reimport...[39m[0m
[  88% ] [90m[1mreimport[22m | Preparing files to reimport...[39m[0m
[  89% ] [90m[1mreimport[22m | Preparing files to reimport...[39m[0m
[  90% ] [90m[1mreimport[22m | Preparing files to reimport...[39m[0m
[  91% ] [90m[1mreimport[22m | Preparing files to reimport...[39m[0m
[  92% ] [90m[1mreimport[22m | Preparing files to reimport...[39m[0m
[  93% ] [90m[1mreimport[22m | Preparing files to reimport...[39m[0m
[  94% ] [90m[1mreimport[22m | Preparing files to reimport...[39m[0m
[  95% ] [90m[1mreimport[22m | Preparing files to reimport...[39m[0m
[  96% ] [90m[1mreimport[22m | Preparing files to reimport...[39m[0m
[  97% ] [90m[1mreimport[22m | Preparing files to reimport...[39m[0m
[   0% ] [90m[1mreimport[22m | Executing pre-reimport operations...[39m[0m
[   0% ] [90m[1mreimport[22m | 06-room-4-behind.png[39m[0m
[   1% ] [90m[1mreimport[22m | 06-room-3-behind.png[39m[0m
[   2% ] [90m[1mreimport[22m | 06-room-2-behind.png[39m[0m
[   3% ] [90m[1mreimport[22m | 06-room-1-behind.png[39m[0m
[   4% ] [90m[1mreimport[22m | 06-room-0-behind.png[39m[0m
[   5% ] [90m[1mreimport[22m | 05-room-4-front.png[39m[0m
[   6% ] [90m[1mreimport[22m | 05-room-3-front.png[39m[0m
[   7% ] [90m[1mreimport[22m | 05-room-2-front.png[39m[0m
[   8% ] [90m[1mreimport[22m | 05-room-1-front.png[39m[0m
[   9% ] [90m[1mreimport[22m | 05-room-0-front.png[39m[0m
[  10% ] [90m[1mreimport[22m | 04-room-4-entrance.png[39m[0m
[  11% ] [90m[1mreimport[22m | 04-room-3-entrance.png[39m[0m
[  12% ] [90m[1mreimport[22m | 04-room-2-entrance.png[39m[0m
[  13% ] [90m[1mreimport[22m | 04-room-1-entrance.png[39m[0m
[  14% ] [90m[1mreimport[22m | 04-room-0-entrance.png[39m[0m
[  15% ] [90m[1mreimport[22m | 03-west-landing.png[39m[0m
[  16% ] [90m[1mreimport[22m | 02-world-village-entrance.png[39m[0m
[  17% ] [90m[1mreimport[22m | 01-port-start.png[39m[0m
[  18% ] [90m[1mreimport[22m | 03-room-4-high-front-wall.png[39m[0m
[  19% ] [90m[1mreimport[22m | 03-room-3-high-front-wall.png[39m[0m
[  20% ] [90m[1mreimport[22m | 03-room-2-high-front-wall.png[39m[0m
[  21% ] [90m[1mreimport[22m | 03-room-1-high-front-wall.png[39m[0m
[  22% ] [90m[1mreimport[22m | 02-east-arch-under.png[39m[0m
[  23% ] [90m[1mreimport[22m | 01-west-arch-under.png[39m[0m
[  24% ] [90m[1mreimport[22m | 03-position-relocation-notice.png[39m[0m
[  25% ] [90m[1mreimport[22m | 02-port-after-restart.png[39m[0m
[  26% ] [90m[1mreimport[22m | 01-restart-room-4.png[39m[0m
[  27% ] [90m[1mreimport[22m | 03-position-relocation-notice.png[39m[0m
[  28% ] [90m[1mreimport[22m | 02-port-after-restart.png[39m[0m
[  29% ] [90m[1mreimport[22m | 01-restart-room-3.png[39m[0m
[  30% ] [90m[1mreimport[22m | 03-position-relocation-notice.png[39m[0m
[  31% ] [90m[1mreimport[22m | 02-port-after-restart.png[39m[0m
[  32% ] [90m[1mreimport[22m | 01-restart-room-2.png[39m[0m
[  33% ] [90m[1mreimport[22m | 03-position-relocation-notice.png[39m[0m
[  34% ] [90m[1mreimport[22m | 02-port-after-restart.png[39m[0m
[  35% ] [90m[1mreimport[22m | 01-restart-room-1.png[39m[0m
[  36% ] [90m[1mreimport[22m | 03-position-relocation-notice.png[39m[0m
[  37% ] [90m[1mreimport[22m | 02-port-after-restart.png[39m[0m
[  38% ] [90m[1mreimport[22m | 01-restart-room-0.png[39m[0m
[  39% ] [90m[1mreimport[22m | 13-returned-to-village.png[39m[0m
[  40% ] [90m[1mreimport[22m | 12-return-destinations.png[39m[0m
[  41% ] [90m[1mreimport[22m | 11-port-returned.png[39m[0m
[  42% ] [90m[1mreimport[22m | 10-menu-restored.png[39m[0m
[  43% ] [90m[1mreimport[22m | 09-east-landing-camera-edge.png[39m[0m
[  44% ] [90m[1mreimport[22m | 08-east-outside.png[39m[0m
[  45% ] [90m[1mreimport[22m | 07-room-4-return.png[39m[0m
[  46% ] [90m[1mreimport[22m | 07-room-3-return.png[39m[0m
[  47% ] [90m[1mreimport[22m | 07-room-2-return.png[39m[0m
[  48% ] [90m[1mreimport[22m | 07-room-1-return.png[39m[0m
[  49% ] [90m[1mreimport[22m | 06-room-4-behind.png[39m[0m
[  50% ] [90m[1mreimport[22m | 06-room-3-behind.png[39m[0m
[  51% ] [90m[1mreimport[22m | 06-room-2-behind.png[39m[0m
[  52% ] [90m[1mreimport[22m | 06-room-1-behind.png[39m[0m
[  53% ] [90m[1mreimport[22m | 06-room-0-behind.png[39m[0m
[  54% ] [90m[1mreimport[22m | 05-room-4-front.png[39m[0m
[  55% ] [90m[1mreimport[22m | 05-room-3-front.png[39m[0m
[  56% ] [90m[1mreimport[22m | 05-room-2-front.png[39m[0m
[  57% ] [90m[1mreimport[22m | 05-room-1-front.png[39m[0m
[  58% ] [90m[1mreimport[22m | 05-room-0-front.png[39m[0m
[  59% ] [90m[1mreimport[22m | 04-room-4-entrance.png[39m[0m
[  60% ] [90m[1mreimport[22m | 04-room-3-entrance.png[39m[0m
[  61% ] [90m[1mreimport[22m | 04-room-2-entrance.png[39m[0m
[  62% ] [90m[1mreimport[22m | 04-room-1-entrance.png[39m[0m
[  63% ] [90m[1mreimport[22m | 04-room-0-entrance.png[39m[0m
[  64% ] [90m[1mreimport[22m | 03-west-landing.png[39m[0m
[  65% ] [90m[1mreimport[22m | 02-world-village-entrance.png[39m[0m
[  66% ] [90m[1mreimport[22m | 01-port-start.png[39m[0m
[  67% ] [90m[1mreimport[22m | 03-room-4-high-front-wall.png[39m[0m
[  68% ] [90m[1mreimport[22m | 03-room-3-high-front-wall.png[39m[0m
[  69% ] [90m[1mreimport[22m | 03-room-2-high-front-wall.png[39m[0m
[  70% ] [90m[1mreimport[22m | 03-room-1-high-front-wall.png[39m[0m
[  71% ] [90m[1mreimport[22m | 02-east-arch-under.png[39m[0m
[  72% ] [90m[1mreimport[22m | 01-west-arch-under.png[39m[0m
[  73% ] [90m[1mreimport[22m | 03-position-relocation-notice.png[39m[0m
[  74% ] [90m[1mreimport[22m | 02-port-after-restart.png[39m[0m
[  75% ] [90m[1mreimport[22m | 01-restart-room-4.png[39m[0m
[  76% ] [90m[1mreimport[22m | 03-position-relocation-notice.png[39m[0m
[  77% ] [90m[1mreimport[22m | 02-port-after-restart.png[39m[0m
[  78% ] [90m[1mreimport[22m | 01-restart-room-3.png[39m[0m
[  79% ] [90m[1mreimport[22m | 03-position-relocation-notice.png[39m[0m
[  80% ] [90m[1mreimport[22m | 02-port-after-restart.png[39m[0m
[  81% ] [90m[1mreimport[22m | 01-restart-room-2.png[39m[0m
[  82% ] [90m[1mreimport[22m | 03-position-relocation-notice.png[39m[0m
[  83% ] [90m[1mreimport[22m | 02-port-after-restart.png[39m[0m
[  84% ] [90m[1mreimport[22m | 01-restart-room-1.png[39m[0m
[  85% ] [90m[1mreimport[22m | 03-position-relocation-notice.png[39m[0m
[  86% ] [90m[1mreimport[22m | 02-port-after-restart.png[39m[0m
[  87% ] [90m[1mreimport[22m | 01-restart-room-0.png[39m[0m
[  88% ] [90m[1mreimport[22m | 13-returned-to-village.png[39m[0m
[  89% ] [90m[1mreimport[22m | 12-return-destinations.png[39m[0m
[  90% ] [90m[1mreimport[22m | 11-port-returned.png[39m[0m
[  91% ] [90m[1mreimport[22m | 10-menu-restored.png[39m[0m
[  92% ] [90m[1mreimport[22m | 09-east-landing-camera-edge.png[39m[0m
[  93% ] [90m[1mreimport[22m | 08-east-outside.png[39m[0m
[  94% ] [90m[1mreimport[22m | 07-room-4-return.png[39m[0m
[  95% ] [90m[1mreimport[22m | 07-room-3-return.png[39m[0m
[  96% ] [90m[1mreimport[22m | 07-room-2-return.png[39m[0m
[  97% ] [90m[1mreimport[22m | 07-room-1-return.png[39m[0m
[  98% ] [90m[1mreimport[22m | Finalizing Asset Import...[39m[0m
[92m[ DONE ][39m [1mreimport[22m
[0m
[   0% ] [90m[1mreimport[22m | Started (Re)Importing Assets (98 steps)[39m[0m
[   0% ] [90m[1mreimport[22m | Executing post-reimport operations...[39m[0m
[92m[ DONE ][39m [1mreimport[22m
[0m
[   0% ] [90m[1mloading_editor_layout[22m | Started Loading editor (5 steps)[39m[0m
[   0% ] [90m[1mloading_editor_layout[22m | Loading editor layout...[39m[0m
[  16% ] [90m[1mloading_editor_layout[22m | Loading docks...[39m[0m
[92m[ DONE ][39m [1mloading_editor_layout[22m
[0m
