Godot Engine v4.7.2.stable.official.ed1daf0bf - https://godotengine.org

VILLAGE_REGRESSION_FAIL
VILLAGE_REGRESSION_FAIL: 8本の扉リンク: { "layer": "interior", "node": "region2_village", "room": 2, "cell": [8, 11] }
VILLAGE_REGRESSION_FAIL: 本番移動経路: (8, 11)
VILLAGE_REGRESSION_FAIL: 保存復帰後の室外退出
VILLAGE_REGRESSION_FAIL: 本番移動経路: (3, 13)
VILLAGE_REGRESSION_FAIL: 保存復帰後に世界へ退出
VILLAGE_REGRESSION_FAIL: 20状態の読込後歩行・退出
VILLAGE_REGRESSION_FAIL: 本番移動経路: (8, 11)
VILLAGE_REGRESSION_FAIL: 保存復帰後の室外退出
VILLAGE_REGRESSION_FAIL: 本番移動経路: (3, 13)
VILLAGE_REGRESSION_FAIL: 保存復帰後に世界へ退出
VILLAGE_REGRESSION_FAIL: 20状態の読込後歩行・退出
VILLAGE_REGRESSION_FAIL: 本番移動経路: (8, 11)
VILLAGE_REGRESSION_FAIL: 保存復帰後の室外退出
VILLAGE_REGRESSION_FAIL: 本番移動経路: (3, 13)
VILLAGE_REGRESSION_FAIL: 保存復帰後に世界へ退出
VILLAGE_REGRESSION_FAIL: 20状態の読込後歩行・退出
VILLAGE_REGRESSION_FAIL: 本番移動経路: (8, 11)
VILLAGE_REGRESSION_FAIL: 保存復帰後の室外退出
VILLAGE_REGRESSION_FAIL: 本番移動経路: (3, 13)
VILLAGE_REGRESSION_FAIL: 保存復帰後に世界へ退出
VILLAGE_REGRESSION_FAIL: 20状態の読込後歩行・退出
