Godot Engine v4.7.2.stable.official.ed1daf0bf - https://godotengine.org

---  GUT  ---
[1m[INFO]:  [0musing [/tmp/equipment-data/godot/app_userdata/RPG-maker] for temporary output.
Godot version:  4.7.2
GUT version:  9.6.1


res://test/unit/test_ability_slots.gd
* test_capacity_unknown_ability_and_effect_removal
* test_slot_capacity_is_bounded_and_equipment_is_not_duplicated
2/2 passed.
SCOPE_GUT_RESULT {"assertions":73,"failed_assertions":0,"invalid":false,"pending":0,"tests":2}




==============================================
= Run Summary
==============================================

Totals
------
Scripts               1
Tests                 2
Passing Tests         2
Asserts              73
Time              0.915s


---- All tests passed! ----
GUT 9.7.1:  https://github.com/bitwes/Gut/releases/tag/v9.7.1 is now available!

