Godot Engine v4.7.2.stable.official.ed1daf0bf - https://godotengine.org

---  GUT  ---
[1m[INFO]:  [0musing [/tmp/equipment-data/godot/app_userdata/RPG-maker] for temporary output.
Godot version:  4.7.2
GUT version:  9.6.1


res://test/unit/test_monster_form.gd
* test_all_eight_masteries_transform_and_apply_defined_effects
1/1 passed.
SCOPE_GUT_RESULT {"assertions":293,"failed_assertions":0,"invalid":false,"pending":0,"tests":1}




==============================================
= Run Summary
==============================================

Totals
------
Scripts               1
Tests                 1
Passing Tests         1
Asserts             293
Time              1.868s


---- All tests passed! ----
GUT 9.7.1:  https://github.com/bitwes/Gut/releases/tag/v9.7.1 is now available!

