Godot Engine v4.7.2.stable.official.ed1daf0bf - https://godotengine.org

[   0% ] [90m[1mfirst_scan_filesystem[22m | Started 繝励Ο繧ｸ繧ｧ繧ｯ繝医・蛻晄悄蛹・(5 steps)[39m[0m
[   0% ] [90m[1mfirst_scan_filesystem[22m | 繝輔ぃ繧､繝ｫ讒矩繧偵せ繧ｭ繝｣繝ｳ荳ｭ...[39m[0m
[  16% ] [90m[1mfirst_scan_filesystem[22m | 繧ｰ繝ｭ繝ｼ繝舌Ν繧ｯ繝ｩ繧ｹ蜷阪ｒ隱ｭ縺ｿ霎ｼ縺ｿ荳ｭ...[39m[0m
[  33% ] [90m[1mfirst_scan_filesystem[22m | GDExtension繧呈､懆ｨｼ荳ｭ...[39m[0m
[  50% ] [90m[1mfirst_scan_filesystem[22m | 閾ｪ蜍戊ｪｭ縺ｿ霎ｼ縺ｿ繧ｹ繧ｯ繝ｪ繝励ヨ繧剃ｽ懈・荳ｭ...[39m[0m
[  66% ] [90m[1mfirst_scan_filesystem[22m | 繝励Λ繧ｰ繧､繝ｳ繧貞・譛溷喧荳ｭ...[39m[0m
[  83% ] [90m[1mfirst_scan_filesystem[22m | 繝輔ぃ繧､繝ｫ繧ｹ繧ｭ繝｣繝ｳ繧帝幕蟋・..[39m[0m
[92m[ DONE ][39m [1mfirst_scan_filesystem[22m
[0m
[   0% ] [90m[1mupdate_scripts_classes[22m | Started 繧ｰ繝ｭ繝ｼ繝舌Ν繧ｯ繝ｩ繧ｹ繧堤匳骭ｲ荳ｭ... (2 steps)[39m[0m
[   0% ] [90m[1mupdate_scripts_classes[22m | [39m[0m
[  33% ] [90m[1mupdate_scripts_classes[22m | [39m[0m
[92m[ DONE ][39m [1mupdate_scripts_classes[22m
[0m
[   0% ] [90m[1m_update_scan_actions[22m | Started 繧｢繧ｯ繧ｷ繝ｧ繝ｳ繧偵せ繧ｭ繝｣繝ｳ荳ｭ... (49 steps)[39m[0m
[   0% ] [90m[1m_update_scan_actions[22m | 01-west-arch-under.png[39m[0m
[   2% ] [90m[1m_update_scan_actions[22m | 02-east-arch-under.png[39m[0m
[   4% ] [90m[1m_update_scan_actions[22m | 03-room-1-high-front-wall.png[39m[0m
[   6% ] [90m[1m_update_scan_actions[22m | 03-room-2-high-front-wall.png[39m[0m
[   8% ] [90m[1m_update_scan_actions[22m | 03-room-3-high-front-wall.png[39m[0m
[  10% ] [90m[1m_update_scan_actions[22m | 03-room-4-high-front-wall.png[39m[0m
[  12% ] [90m[1m_update_scan_actions[22m | 01-port-start.png[39m[0m
[  14% ] [90m[1m_update_scan_actions[22m | 02-world-village-entrance.png[39m[0m
[  16% ] [90m[1m_update_scan_actions[22m | 03-west-landing.png[39m[0m
[  18% ] [90m[1m_update_scan_actions[22m | 04-room-0-entrance.png[39m[0m
[  20% ] [90m[1m_update_scan_actions[22m | 04-room-1-entrance.png[39m[0m
[  22% ] [90m[1m_update_scan_actions[22m | 04-room-2-entrance.png[39m[0m
[  24% ] [90m[1m_update_scan_actions[22m | 04-room-3-entrance.png[39m[0m
[  26% ] [90m[1m_update_scan_actions[22m | 04-room-4-entrance.png[39m[0m
[  28% ] [90m[1m_update_scan_actions[22m | 05-room-0-front.png[39m[0m
[  30% ] [90m[1m_update_scan_actions[22m | 05-room-1-front.png[39m[0m
[  32% ] [90m[1m_update_scan_actions[22m | 05-room-2-front.png[39m[0m
[  34% ] [90m[1m_update_scan_actions[22m | 05-room-3-front.png[39m[0m
[  36% ] [90m[1m_update_scan_actions[22m | 05-room-4-front.png[39m[0m
[  38% ] [90m[1m_update_scan_actions[22m | 06-room-0-behind.png[39m[0m
[  40% ] [90m[1m_update_scan_actions[22m | 06-room-1-behind.png[39m[0m
[  42% ] [90m[1m_update_scan_actions[22m | 06-room-2-behind.png[39m[0m
[  44% ] [90m[1m_update_scan_actions[22m | 06-room-3-behind.png[39m[0m
[  46% ] [90m[1m_update_scan_actions[22m | 06-room-4-behind.png[39m[0m
[  48% ] [90m[1m_update_scan_actions[22m | 07-room-1-return.png[39m[0m
[  50% ] [90m[1m_update_scan_actions[22m | 07-room-2-return.png[39m[0m
[  52% ] [90m[1m_update_scan_actions[22m | 07-room-3-return.png[39m[0m
[  54% ] [90m[1m_update_scan_actions[22m | 07-room-4-return.png[39m[0m
[  56% ] [90m[1m_update_scan_actions[22m | 08-east-outside.png[39m[0m
[  58% ] [90m[1m_update_scan_actions[22m | 09-east-landing-camera-edge.png[39m[0m
[  60% ] [90m[1m_update_scan_actions[22m | 10-menu-restored.png[39m[0m
[  62% ] [90m[1m_update_scan_actions[22m | 11-port-returned.png[39m[0m
[  64% ] [90m[1m_update_scan_actions[22m | 12-return-destinations.png[39m[0m
[  66% ] [90m[1m_update_scan_actions[22m | 13-returned-to-village.png[39m[0m
[  68% ] [90m[1m_update_scan_actions[22m | 01-restart-room-0.png[39m[0m
[  70% ] [90m[1m_update_scan_actions[22m | 02-port-after-restart.png[39m[0m
[  72% ] [90m[1m_update_scan_actions[22m | 03-position-relocation-notice.png[39m[0m
[  74% ] [90m[1m_update_scan_actions[22m | 01-restart-room-1.png[39m[0m
[  76% ] [90m[1m_update_scan_actions[22m | 02-port-after-restart.png[39m[0m
[  78% ] [90m[1m_update_scan_actions[22m | 03-position-relocation-notice.png[39m[0m
[  80% ] [90m[1m_update_scan_actions[22m | 01-restart-room-2.png[39m[0m
[  82% ] [90m[1m_update_scan_actions[22m | 02-port-after-restart.png[39m[0m
[  84% ] [90m[1m_update_scan_actions[22m | 03-position-relocation-notice.png[39m[0m
[  86% ] [90m[1m_update_scan_actions[22m | 01-restart-room-3.png[39m[0m
[  88% ] [90m[1m_update_scan_actions[22m | 02-port-after-restart.png[39m[0m
[  90% ] [90m[1m_update_scan_actions[22m | 03-position-relocation-notice.png[39m[0m
[  92% ] [90m[1m_update_scan_actions[22m | 01-restart-room-4.png[39m[0m
[  94% ] [90m[1m_update_scan_actions[22m | 02-port-after-restart.png[39m[0m
[  96% ] [90m[1m_update_scan_actions[22m | 03-position-relocation-notice.png[39m[0m
[92m[ DONE ][39m [1m_update_scan_actions[22m
[0m
[   0% ] [90m[1mreimport[22m | Started 繧｢繧ｻ繝・ヨ繧・蜀・繧､繝ｳ繝昴・繝井ｸｭ (49 steps)[39m[0m
[   0% ] [90m[1mreimport[22m | 蜀阪う繝ｳ繝昴・繝医☆繧九ヵ繧｡繧､繝ｫ繧呈ｺ門ｙ荳ｭ...[39m[0m
[   2% ] [90m[1mreimport[22m | 蜀阪う繝ｳ繝昴・繝医☆繧九ヵ繧｡繧､繝ｫ繧呈ｺ門ｙ荳ｭ...[39m[0m
[   4% ] [90m[1mreimport[22m | 蜀阪う繝ｳ繝昴・繝医☆繧九ヵ繧｡繧､繝ｫ繧呈ｺ門ｙ荳ｭ...[39m[0m
[   6% ] [90m[1mreimport[22m | 蜀阪う繝ｳ繝昴・繝医☆繧九ヵ繧｡繧､繝ｫ繧呈ｺ門ｙ荳ｭ...[39m[0m
[   8% ] [90m[1mreimport[22m | 蜀阪う繝ｳ繝昴・繝医☆繧九ヵ繧｡繧､繝ｫ繧呈ｺ門ｙ荳ｭ...[39m[0m
[  10% ] [90m[1mreimport[22m | 蜀阪う繝ｳ繝昴・繝医☆繧九ヵ繧｡繧､繝ｫ繧呈ｺ門ｙ荳ｭ...[39m[0m
[  12% ] [90m[1mreimport[22m | 蜀阪う繝ｳ繝昴・繝医☆繧九ヵ繧｡繧､繝ｫ繧呈ｺ門ｙ荳ｭ...[39m[0m
[  14% ] [90m[1mreimport[22m | 蜀阪う繝ｳ繝昴・繝医☆繧九ヵ繧｡繧､繝ｫ繧呈ｺ門ｙ荳ｭ...[39m[0m
[  16% ] [90m[1mreimport[22m | 蜀阪う繝ｳ繝昴・繝医☆繧九ヵ繧｡繧､繝ｫ繧呈ｺ門ｙ荳ｭ...[39m[0m
[  18% ] [90m[1mreimport[22m | 蜀阪う繝ｳ繝昴・繝医☆繧九ヵ繧｡繧､繝ｫ繧呈ｺ門ｙ荳ｭ...[39m[0m
[  20% ] [90m[1mreimport[22m | 蜀阪う繝ｳ繝昴・繝医☆繧九ヵ繧｡繧､繝ｫ繧呈ｺ門ｙ荳ｭ...[39m[0m
[  22% ] [90m[1mreimport[22m | 蜀阪う繝ｳ繝昴・繝医☆繧九ヵ繧｡繧､繝ｫ繧呈ｺ門ｙ荳ｭ...[39m[0m
[  24% ] [90m[1mreimport[22m | 蜀阪う繝ｳ繝昴・繝医☆繧九ヵ繧｡繧､繝ｫ繧呈ｺ門ｙ荳ｭ...[39m[0m
[  26% ] [90m[1mreimport[22m | 蜀阪う繝ｳ繝昴・繝医☆繧九ヵ繧｡繧､繝ｫ繧呈ｺ門ｙ荳ｭ...[39m[0m
[  28% ] [90m[1mreimport[22m | 蜀阪う繝ｳ繝昴・繝医☆繧九ヵ繧｡繧､繝ｫ繧呈ｺ門ｙ荳ｭ...[39m[0m
[  30% ] [90m[1mreimport[22m | 蜀阪う繝ｳ繝昴・繝医☆繧九ヵ繧｡繧､繝ｫ繧呈ｺ門ｙ荳ｭ...[39m[0m
[  32% ] [90m[1mreimport[22m | 蜀阪う繝ｳ繝昴・繝医☆繧九ヵ繧｡繧､繝ｫ繧呈ｺ門ｙ荳ｭ...[39m[0m
[  34% ] [90m[1mreimport[22m | 蜀阪う繝ｳ繝昴・繝医☆繧九ヵ繧｡繧､繝ｫ繧呈ｺ門ｙ荳ｭ...[39m[0m
[  36% ] [90m[1mreimport[22m | 蜀阪う繝ｳ繝昴・繝医☆繧九ヵ繧｡繧､繝ｫ繧呈ｺ門ｙ荳ｭ...[39m[0m
[  38% ] [90m[1mreimport[22m | 蜀阪う繝ｳ繝昴・繝医☆繧九ヵ繧｡繧､繝ｫ繧呈ｺ門ｙ荳ｭ...[39m[0m
[  40% ] [90m[1mreimport[22m | 蜀阪う繝ｳ繝昴・繝医☆繧九ヵ繧｡繧､繝ｫ繧呈ｺ門ｙ荳ｭ...[39m[0m
[  42% ] [90m[1mreimport[22m | 蜀阪う繝ｳ繝昴・繝医☆繧九ヵ繧｡繧､繝ｫ繧呈ｺ門ｙ荳ｭ...[39m[0m
[  44% ] [90m[1mreimport[22m | 蜀阪う繝ｳ繝昴・繝医☆繧九ヵ繧｡繧､繝ｫ繧呈ｺ門ｙ荳ｭ...[39m[0m
[  46% ] [90m[1mreimport[22m | 蜀阪う繝ｳ繝昴・繝医☆繧九ヵ繧｡繧､繝ｫ繧呈ｺ門ｙ荳ｭ...[39m[0m
[  48% ] [90m[1mreimport[22m | 蜀阪う繝ｳ繝昴・繝医☆繧九ヵ繧｡繧､繝ｫ繧呈ｺ門ｙ荳ｭ...[39m[0m
[  50% ] [90m[1mreimport[22m | 蜀阪う繝ｳ繝昴・繝医☆繧九ヵ繧｡繧､繝ｫ繧呈ｺ門ｙ荳ｭ...[39m[0m
[  52% ] [90m[1mreimport[22m | 蜀阪う繝ｳ繝昴・繝医☆繧九ヵ繧｡繧､繝ｫ繧呈ｺ門ｙ荳ｭ...[39m[0m
[  54% ] [90m[1mreimport[22m | 蜀阪う繝ｳ繝昴・繝医☆繧九ヵ繧｡繧､繝ｫ繧呈ｺ門ｙ荳ｭ...[39m[0m
[  56% ] [90m[1mreimport[22m | 蜀阪う繝ｳ繝昴・繝医☆繧九ヵ繧｡繧､繝ｫ繧呈ｺ門ｙ荳ｭ...[39m[0m
[  58% ] [90m[1mreimport[22m | 蜀阪う繝ｳ繝昴・繝医☆繧九ヵ繧｡繧､繝ｫ繧呈ｺ門ｙ荳ｭ...[39m[0m
[  60% ] [90m[1mreimport[22m | 蜀阪う繝ｳ繝昴・繝医☆繧九ヵ繧｡繧､繝ｫ繧呈ｺ門ｙ荳ｭ...[39m[0m
[  62% ] [90m[1mreimport[22m | 蜀阪う繝ｳ繝昴・繝医☆繧九ヵ繧｡繧､繝ｫ繧呈ｺ門ｙ荳ｭ...[39m[0m
[  64% ] [90m[1mreimport[22m | 蜀阪う繝ｳ繝昴・繝医☆繧九ヵ繧｡繧､繝ｫ繧呈ｺ門ｙ荳ｭ...[39m[0m
[  66% ] [90m[1mreimport[22m | 蜀阪う繝ｳ繝昴・繝医☆繧九ヵ繧｡繧､繝ｫ繧呈ｺ門ｙ荳ｭ...[39m[0m
[  68% ] [90m[1mreimport[22m | 蜀阪う繝ｳ繝昴・繝医☆繧九ヵ繧｡繧､繝ｫ繧呈ｺ門ｙ荳ｭ...[39m[0m
[  70% ] [90m[1mreimport[22m | 蜀阪う繝ｳ繝昴・繝医☆繧九ヵ繧｡繧､繝ｫ繧呈ｺ門ｙ荳ｭ...[39m[0m
[  72% ] [90m[1mreimport[22m | 蜀阪う繝ｳ繝昴・繝医☆繧九ヵ繧｡繧､繝ｫ繧呈ｺ門ｙ荳ｭ...[39m[0m
[  74% ] [90m[1mreimport[22m | 蜀阪う繝ｳ繝昴・繝医☆繧九ヵ繧｡繧､繝ｫ繧呈ｺ門ｙ荳ｭ...[39m[0m
[  76% ] [90m[1mreimport[22m | 蜀阪う繝ｳ繝昴・繝医☆繧九ヵ繧｡繧､繝ｫ繧呈ｺ門ｙ荳ｭ...[39m[0m
[  78% ] [90m[1mreimport[22m | 蜀阪う繝ｳ繝昴・繝医☆繧九ヵ繧｡繧､繝ｫ繧呈ｺ門ｙ荳ｭ...[39m[0m
[  80% ] [90m[1mreimport[22m | 蜀阪う繝ｳ繝昴・繝医☆繧九ヵ繧｡繧､繝ｫ繧呈ｺ門ｙ荳ｭ...[39m[0m
[  82% ] [90m[1mreimport[22m | 蜀阪う繝ｳ繝昴・繝医☆繧九ヵ繧｡繧､繝ｫ繧呈ｺ門ｙ荳ｭ...[39m[0m
[  84% ] [90m[1mreimport[22m | 蜀阪う繝ｳ繝昴・繝医☆繧九ヵ繧｡繧､繝ｫ繧呈ｺ門ｙ荳ｭ...[39m[0m
[  86% ] [90m[1mreimport[22m | 蜀阪う繝ｳ繝昴・繝医☆繧九ヵ繧｡繧､繝ｫ繧呈ｺ門ｙ荳ｭ...[39m[0m
[  88% ] [90m[1mreimport[22m | 蜀阪う繝ｳ繝昴・繝医☆繧九ヵ繧｡繧､繝ｫ繧呈ｺ門ｙ荳ｭ...[39m[0m
[  90% ] [90m[1mreimport[22m | 蜀阪う繝ｳ繝昴・繝医☆繧九ヵ繧｡繧､繝ｫ繧呈ｺ門ｙ荳ｭ...[39m[0m
[  92% ] [90m[1mreimport[22m | 蜀阪う繝ｳ繝昴・繝医☆繧九ヵ繧｡繧､繝ｫ繧呈ｺ門ｙ荳ｭ...[39m[0m
[  94% ] [90m[1mreimport[22m | 蜀阪う繝ｳ繝昴・繝医☆繧九ヵ繧｡繧､繝ｫ繧呈ｺ門ｙ荳ｭ...[39m[0m
[  96% ] [90m[1mreimport[22m | 蜀阪う繝ｳ繝昴・繝医☆繧九ヵ繧｡繧､繝ｫ繧呈ｺ門ｙ荳ｭ...[39m[0m
[   0% ] [90m[1mreimport[22m | 蜀阪う繝ｳ繝昴・繝亥燕縺ｮ謫堺ｽ懊ｒ螳溯｡御ｸｭ...[39m[0m
[   0% ] [90m[1mreimport[22m | 07-room-2-return.png[39m[0m
[   2% ] [90m[1mreimport[22m | 07-room-3-return.png[39m[0m
[   4% ] [90m[1mreimport[22m | 07-room-4-return.png[39m[0m
[   6% ] [90m[1mreimport[22m | 08-east-outside.png[39m[0m
[   8% ] [90m[1mreimport[22m | 09-east-landing-camera-edge.png[39m[0m
[  10% ] [90m[1mreimport[22m | 10-menu-restored.png[39m[0m
[  12% ] [90m[1mreimport[22m | 11-port-returned.png[39m[0m
[  14% ] [90m[1mreimport[22m | 12-return-destinations.png[39m[0m
[  16% ] [90m[1mreimport[22m | 13-returned-to-village.png[39m[0m
[  18% ] [90m[1mreimport[22m | 01-restart-room-0.png[39m[0m
[  20% ] [90m[1mreimport[22m | 02-port-after-restart.png[39m[0m
[  22% ] [90m[1mreimport[22m | 03-position-relocation-notice.png[39m[0m
[  24% ] [90m[1mreimport[22m | 01-restart-room-1.png[39m[0m
[  26% ] [90m[1mreimport[22m | 02-port-after-restart.png[39m[0m
[  28% ] [90m[1mreimport[22m | 03-position-relocation-notice.png[39m[0m
[  30% ] [90m[1mreimport[22m | 01-restart-room-2.png[39m[0m
[  32% ] [90m[1mreimport[22m | 02-port-after-restart.png[39m[0m
[  34% ] [90m[1mreimport[22m | 03-position-relocation-notice.png[39m[0m
[  36% ] [90m[1mreimport[22m | 01-restart-room-3.png[39m[0m
[  38% ] [90m[1mreimport[22m | 02-port-after-restart.png[39m[0m
[  40% ] [90m[1mreimport[22m | 03-position-relocation-notice.png[39m[0m
[  42% ] [90m[1mreimport[22m | 01-restart-room-4.png[39m[0m
[  44% ] [90m[1mreimport[22m | 02-port-after-restart.png[39m[0m
[  46% ] [90m[1mreimport[22m | 03-position-relocation-notice.png[39m[0m
[  48% ] [90m[1mreimport[22m | 01-west-arch-under.png[39m[0m
[  50% ] [90m[1mreimport[22m | 02-east-arch-under.png[39m[0m
[  52% ] [90m[1mreimport[22m | 03-room-1-high-front-wall.png[39m[0m
[  54% ] [90m[1mreimport[22m | 03-room-2-high-front-wall.png[39m[0m
[  56% ] [90m[1mreimport[22m | 03-room-3-high-front-wall.png[39m[0m
[  58% ] [90m[1mreimport[22m | 03-room-4-high-front-wall.png[39m[0m
[  60% ] [90m[1mreimport[22m | 01-port-start.png[39m[0m
[  62% ] [90m[1mreimport[22m | 02-world-village-entrance.png[39m[0m
[  64% ] [90m[1mreimport[22m | 03-west-landing.png[39m[0m
[  66% ] [90m[1mreimport[22m | 04-room-0-entrance.png[39m[0m
[  68% ] [90m[1mreimport[22m | 04-room-1-entrance.png[39m[0m
[  70% ] [90m[1mreimport[22m | 04-room-2-entrance.png[39m[0m
[  72% ] [90m[1mreimport[22m | 04-room-3-entrance.png[39m[0m
[  74% ] [90m[1mreimport[22m | 04-room-4-entrance.png[39m[0m
[  76% ] [90m[1mreimport[22m | 05-room-0-front.png[39m[0m
[  78% ] [90m[1mreimport[22m | 05-room-1-front.png[39m[0m
[  80% ] [90m[1mreimport[22m | 05-room-2-front.png[39m[0m
[  82% ] [90m[1mreimport[22m | 05-room-3-front.png[39m[0m
[  84% ] [90m[1mreimport[22m | 05-room-4-front.png[39m[0m
[  86% ] [90m[1mreimport[22m | 06-room-0-behind.png[39m[0m
[  88% ] [90m[1mreimport[22m | 06-room-1-behind.png[39m[0m
[  90% ] [90m[1mreimport[22m | 06-room-2-behind.png[39m[0m
[  92% ] [90m[1mreimport[22m | 06-room-3-behind.png[39m[0m
[  94% ] [90m[1mreimport[22m | 06-room-4-behind.png[39m[0m
[  96% ] [90m[1mreimport[22m | 07-room-1-return.png[39m[0m
[  98% ] [90m[1mreimport[22m | 繧｢繧ｻ繝・ヨ繧､繝ｳ繝昴・繝医ｒ邨ゆｺ・＠縺ｦ縺・∪縺・..[39m[0m
[92m[ DONE ][39m [1mreimport[22m
[0m
[   0% ] [90m[1mreimport[22m | Started 繧｢繧ｻ繝・ヨ繧・蜀・繧､繝ｳ繝昴・繝井ｸｭ (49 steps)[39m[0m
[   0% ] [90m[1mreimport[22m | 蜀阪う繝ｳ繝昴・繝亥ｾ後・謫堺ｽ懊ｒ螳溯｡御ｸｭ...[39m[0m
[92m[ DONE ][39m [1mreimport[22m
[0m
[   0% ] [90m[1mloading_editor_layout[22m | Started 繧ｨ繝・ぅ繧ｿ繝ｼ縺ｮ隱ｭ縺ｿ霎ｼ縺ｿ (5 steps)[39m[0m
[   0% ] [90m[1mloading_editor_layout[22m | 繧ｨ繝・ぅ繧ｿ繝ｼ繝ｬ繧､繧｢繧ｦ繝医ｒ隱ｭ縺ｿ霎ｼ縺ｿ荳ｭ...[39m[0m
[  16% ] [90m[1mloading_editor_layout[22m | 繝峨ャ繧ｯ繧定ｪｭ縺ｿ霎ｼ縺ｿ荳ｭ...[39m[0m
[92m[ DONE ][39m [1mloading_editor_layout[22m
[0m
