2026-10-05T00:25:32.1731431Z 保護対象26件、一致26件。
2026-10-05T00:26:38.2131953Z PASS R-01 (exit=0, tests_ran=True, parser_failed=False)
2026-10-05T00:26:46.4773180Z PASS R-02 (exit=0, tests_ran=True, parser_failed=False)
2026-10-05T00:26:48.4193788Z PASS R-03 (exit=0, tests_ran=True, parser_failed=False)
2026-10-05T00:26:51.1031309Z PASS R-04 (exit=0, tests_ran=True, parser_failed=False)
2026-10-05T00:26:53.1376675Z PASS R-05 (exit=0, tests_ran=True, parser_failed=False)
2026-10-05T00:26:55.4537999Z PASS R-06 (exit=0, tests_ran=True, parser_failed=False)
2026-10-05T00:27:57.0583129Z PASS R-07 (exit=0, tests_ran=True, parser_failed=False)
2026-10-05T00:28:09.5075258Z PASS R-08 (exit=0, tests_ran=True, parser_failed=False)
2026-10-05T00:29:42.2131248Z import.log: PASS 57.24s
2026-10-05T00:29:52.5417578Z assets.log: PASS 10.329s
2026-10-05T00:29:58.4815208Z services.log: PASS 5.94s
2026-10-05T00:31:19.3121597Z outside.log: PASS 80.83s
2026-10-05T00:32:17.8710684Z rooms.log: PASS 58.558s
2026-10-05T00:32:19.3043304Z assets.log: PASS 0.227s
2026-10-05T00:32:25.1531916Z services.log: PASS 5.849s
2026-10-05T00:33:39.7913185Z outside.log: PASS 74.638s
2026-10-05T00:34:38.2695902Z rooms.log: PASS 58.477s
2026-10-05T00:36:12.2632338Z relocated-outside.log: PASS 74.198s
2026-10-05T00:37:09.9790648Z relocated-rooms.log: PASS 57.712s
2026-10-05T00:37:28.4360024Z TASK021_PASS: cases=8
2026-10-05T00:37:28.4378632Z TASK007_PASS: completed=776ad944723d21c1e250a1ee5fd56d35da42cfed latest=25bad742963d3ecec4be807bd6aa03d8dcb427c9
2026-10-05T00:38:04.0637523Z 保護対象26件、一致26件。
