2026-10-09T01:41:47.8102358Z Current runner version: '2.337.0'
2026-10-09T01:41:47.8129587Z ##[group]Runner Image Provisioner
2026-10-09T01:41:47.8130449Z Hosted Compute Agent
2026-10-09T01:41:47.8131172Z Version: 20261002.596
2026-10-09T01:41:47.8131840Z Commit: c3d12f3313a95f25162a1503be624f3b0617f8c0
2026-10-09T01:41:47.8133028Z Build Date: 2026-10-02T22:28:27Z
2026-10-09T01:41:47.8133735Z Worker ID: {8ca66acb-9426-481c-bfa9-fd58e285b205}
2026-10-09T01:41:47.8134423Z Region: westus
2026-10-09T01:41:47.8135075Z Cloud: Azure
2026-10-09T01:41:47.8135610Z ##[endgroup]
2026-10-09T01:41:47.8137301Z ##[group]Operating System
2026-10-09T01:41:47.8138338Z Ubuntu
2026-10-09T01:41:47.8138866Z 24.04.5
2026-10-09T01:41:47.8139473Z LTS
2026-10-09T01:41:47.8140028Z ##[endgroup]
2026-10-09T01:41:47.8140607Z ##[group]Runner Image
2026-10-09T01:41:47.8141229Z Image: ubuntu-24.04
2026-10-09T01:41:47.8141885Z Version: 20261004.327.1
2026-10-09T01:41:47.8143239Z Included Software: https://github.com/actions/runner-images/blob/ubuntu24/20261004.327/images/ubuntu/Ubuntu2404-Readme.md
2026-10-09T01:41:47.8144842Z Image Release: https://github.com/actions/runner-images/releases/tag/ubuntu24%2F20261004.327
2026-10-09T01:41:47.8145827Z ##[endgroup]
2026-10-09T01:41:47.8146904Z ##[group]GITHUB_TOKEN Permissions
2026-10-09T01:41:47.8149428Z Contents: read
2026-10-09T01:41:47.8150036Z Metadata: read
2026-10-09T01:41:47.8150674Z ##[endgroup]
2026-10-09T01:41:47.8152866Z Secret source: Actions
2026-10-09T01:41:47.8153944Z Cache mode: write
2026-10-09T01:41:47.8154653Z Prepare workflow directory
2026-10-09T01:41:47.8573878Z Prepare all required actions
2026-10-09T01:41:47.8625384Z Getting action download info
2026-10-09T01:41:48.2610617Z Download action repository 'actions/checkout@v4' (SHA:11d5960a326750d5838078e36cf38b85af677262)
2026-10-09T01:41:48.3775152Z Download action repository 'actions/setup-python@v5' (SHA:a26af69be951a213d495a4c3e4e4022e16d87065)
2026-10-09T01:41:48.4617037Z Download action repository 'ilammy/msvc-dev-cmd@v1' (SHA:0b201ec74fa43914dc39ae48a89fd1d8cb592756)
2026-10-09T01:41:48.7396641Z Download action repository 'actions/upload-artifact@v4' (SHA:ea165f8d65b6e75b540449e92b4886f43607fa02)
2026-10-09T01:41:49.0035550Z Complete job name: equipment-native (ubuntu-latest, fixed055, transaction)
2026-10-09T01:41:49.0869492Z ##[group]Run actions/checkout@v4
2026-10-09T01:41:49.0870541Z with:
2026-10-09T01:41:49.0871022Z   ref: 4f1e6129cea612da657ae389a8e59db217581394
2026-10-09T01:41:49.0871665Z   repository: hiroshitanaka-creator/RPG-maker
2026-10-09T01:41:49.0875746Z   token: ***
2026-10-09T01:41:49.0876171Z   ssh-strict: true
2026-10-09T01:41:49.0876605Z   ssh-user: git
2026-10-09T01:41:49.0877051Z   persist-credentials: true
2026-10-09T01:41:49.0877572Z   clean: true
2026-10-09T01:41:49.0878254Z   sparse-checkout-cone-mode: true
2026-10-09T01:41:49.0878776Z   fetch-depth: 1
2026-10-09T01:41:49.0879202Z   fetch-tags: false
2026-10-09T01:41:49.0879653Z   show-progress: true
2026-10-09T01:41:49.0880111Z   lfs: false
2026-10-09T01:41:49.0880525Z   submodules: false
2026-10-09T01:41:49.0881006Z   set-safe-directory: true
2026-10-09T01:41:49.0881510Z   allow-unsafe-pr-checkout: false
2026-10-09T01:41:49.0882293Z env:
2026-10-09T01:41:49.0882721Z   GODOT_VERSION: 4.7.2-stable
2026-10-09T01:41:49.0883262Z   PYTHONUTF8: 1
2026-10-09T01:41:49.0883708Z   GIT_CONFIG_COUNT: 1
2026-10-09T01:41:49.0884172Z   GIT_CONFIG_KEY_0: core.autocrlf
2026-10-09T01:41:49.0884693Z   GIT_CONFIG_VALUE_0: false
2026-10-09T01:41:49.0885169Z ##[endgroup]
2026-10-09T01:41:49.1934173Z Syncing repository: hiroshitanaka-creator/RPG-maker
2026-10-09T01:41:49.1936751Z ##[group]Getting Git version info
2026-10-09T01:41:49.1938217Z Working directory is '/home/runner/work/RPG-maker/RPG-maker'
2026-10-09T01:41:49.1939357Z [command]/usr/bin/git version
2026-10-09T01:41:49.2037284Z git version 2.55.0
2026-10-09T01:41:49.2056630Z ##[endgroup]
2026-10-09T01:41:49.2076209Z Temporarily overriding HOME='/home/runner/work/_temp/937b089b-2d93-49ce-8059-3aa543dc9104' before making global git config changes
2026-10-09T01:41:49.2079274Z Adding repository directory to the temporary git global config as a safe directory
2026-10-09T01:41:49.2083639Z [command]/usr/bin/git config --global --add safe.directory /home/runner/work/RPG-maker/RPG-maker
2026-10-09T01:41:49.2142596Z Deleting the contents of '/home/runner/work/RPG-maker/RPG-maker'
2026-10-09T01:41:49.2146403Z ##[group]Initializing the repository
2026-10-09T01:41:49.2152031Z [command]/usr/bin/git init /home/runner/work/RPG-maker/RPG-maker
2026-10-09T01:41:49.2296089Z hint: Using 'master' as the name for the initial branch. This default branch name
2026-10-09T01:41:49.2297571Z hint: will change to "main" in Git 3.0. To configure the initial branch name
2026-10-09T01:41:49.2299125Z hint: to use in all of your new repositories, which will suppress this warning,
2026-10-09T01:41:49.2300064Z hint: call:
2026-10-09T01:41:49.2300568Z hint:
2026-10-09T01:41:49.2301241Z hint: 	git config --global init.defaultBranch <name>
2026-10-09T01:41:49.2302016Z hint:
2026-10-09T01:41:49.2302783Z hint: Names commonly chosen instead of 'master' are 'main', 'trunk' and
2026-10-09T01:41:49.2304763Z hint: 'development'. The just-created branch can be renamed via this command:
2026-10-09T01:41:49.2306368Z hint:
2026-10-09T01:41:49.2307249Z hint: 	git branch -m <name>
2026-10-09T01:41:49.2308908Z hint:
2026-10-09T01:41:49.2310105Z hint: Disable this message with "git config set advice.defaultBranchName false"
2026-10-09T01:41:49.2311689Z Initialized empty Git repository in /home/runner/work/RPG-maker/RPG-maker/.git/
2026-10-09T01:41:49.2322530Z [command]/usr/bin/git remote add origin https://github.com/hiroshitanaka-creator/RPG-maker
2026-10-09T01:41:49.2377560Z ##[endgroup]
2026-10-09T01:41:49.2378766Z ##[group]Disabling automatic garbage collection
2026-10-09T01:41:49.2382610Z [command]/usr/bin/git config --local gc.auto 0
2026-10-09T01:41:49.2419661Z ##[endgroup]
2026-10-09T01:41:49.2421406Z ##[group]Setting up auth
2026-10-09T01:41:49.2429245Z [command]/usr/bin/git config --local --name-only --get-regexp core\.sshCommand
2026-10-09T01:41:49.2464818Z [command]/usr/bin/git submodule foreach --recursive sh -c "git config --local --name-only --get-regexp 'core\.sshCommand' && git config --local --unset-all 'core.sshCommand' || :"
2026-10-09T01:41:49.2871321Z [command]/usr/bin/git config --local --name-only --get-regexp http\.https\:\/\/github\.com\/\.extraheader
2026-10-09T01:41:49.2910062Z [command]/usr/bin/git submodule foreach --recursive sh -c "git config --local --name-only --get-regexp 'http\.https\:\/\/github\.com\/\.extraheader' && git config --local --unset-all 'http.https://github.com/.extraheader' || :"
2026-10-09T01:41:49.3142220Z [command]/usr/bin/git config --local --name-only --get-regexp ^includeIf\.gitdir:
2026-10-09T01:41:49.3180532Z [command]/usr/bin/git submodule foreach --recursive git config --local --show-origin --name-only --get-regexp remote.origin.url
2026-10-09T01:41:49.3411192Z [command]/usr/bin/git config --local http.https://github.com/.extraheader AUTHORIZATION: basic ***
2026-10-09T01:41:49.3454547Z ##[endgroup]
2026-10-09T01:41:49.3455443Z ##[group]Fetching the repository
2026-10-09T01:41:49.3464947Z [command]/usr/bin/git -c protocol.version=2 fetch --no-tags --prune --no-recurse-submodules --depth=1 origin 4f1e6129cea612da657ae389a8e59db217581394
2026-10-09T01:42:10.0293763Z From https://github.com/hiroshitanaka-creator/RPG-maker
2026-10-09T01:42:10.0295085Z  * branch            4f1e6129cea612da657ae389a8e59db217581394 -> FETCH_HEAD
2026-10-09T01:42:10.0331016Z ##[endgroup]
2026-10-09T01:42:10.0332197Z ##[group]Determining the checkout info
2026-10-09T01:42:10.0333177Z ##[endgroup]
2026-10-09T01:42:10.0333728Z [command]/usr/bin/git sparse-checkout disable
2026-10-09T01:42:10.0395943Z [command]/usr/bin/git config --local --unset-all extensions.worktreeConfig
2026-10-09T01:42:10.0447884Z ##[group]Checking out the ref
2026-10-09T01:42:10.0464472Z [command]/usr/bin/git checkout --progress --force 4f1e6129cea612da657ae389a8e59db217581394
2026-10-09T01:42:11.2466921Z Updating files:  17% (1369/7806)
2026-10-09T01:42:11.2636529Z Updating files:  18% (1406/7806)
2026-10-09T01:42:11.2705533Z Updating files:  19% (1484/7806)
2026-10-09T01:42:11.2747457Z Updating files:  20% (1562/7806)
2026-10-09T01:42:11.2846535Z Updating files:  21% (1640/7806)
2026-10-09T01:42:11.2904956Z Updating files:  22% (1718/7806)
2026-10-09T01:42:11.3169552Z Updating files:  23% (1796/7806)
2026-10-09T01:42:11.3379967Z Updating files:  24% (1874/7806)
2026-10-09T01:42:11.3444630Z Updating files:  25% (1952/7806)
2026-10-09T01:42:11.3976661Z Updating files:  26% (2030/7806)
2026-10-09T01:42:11.4039106Z Updating files:  27% (2108/7806)
2026-10-09T01:42:11.4347525Z Updating files:  28% (2186/7806)
2026-10-09T01:42:11.5001023Z Updating files:  29% (2264/7806)
2026-10-09T01:42:11.5472370Z Updating files:  30% (2342/7806)
2026-10-09T01:42:11.5731254Z Updating files:  31% (2420/7806)
2026-10-09T01:42:11.6220605Z Updating files:  32% (2498/7806)
2026-10-09T01:42:11.7157575Z Updating files:  33% (2576/7806)
2026-10-09T01:42:11.7198042Z Updating files:  34% (2655/7806)
2026-10-09T01:42:11.7225730Z Updating files:  35% (2733/7806)
2026-10-09T01:42:11.7256249Z Updating files:  36% (2811/7806)
2026-10-09T01:42:11.7290747Z Updating files:  37% (2889/7806)
2026-10-09T01:42:11.7318586Z Updating files:  38% (2967/7806)
2026-10-09T01:42:11.7348083Z Updating files:  39% (3045/7806)
2026-10-09T01:42:11.7380021Z Updating files:  40% (3123/7806)
2026-10-09T01:42:11.8320499Z Updating files:  41% (3201/7806)
2026-10-09T01:42:11.8348824Z Updating files:  42% (3279/7806)
2026-10-09T01:42:11.8378852Z Updating files:  43% (3357/7806)
2026-10-09T01:42:11.8422268Z Updating files:  44% (3435/7806)
2026-10-09T01:42:12.0761821Z Updating files:  45% (3513/7806)
2026-10-09T01:42:12.2933439Z Updating files:  45% (3572/7806)
2026-10-09T01:42:12.2957078Z Updating files:  46% (3591/7806)
2026-10-09T01:42:12.2988031Z Updating files:  47% (3669/7806)
2026-10-09T01:42:12.3020270Z Updating files:  48% (3747/7806)
2026-10-09T01:42:12.3049542Z Updating files:  49% (3825/7806)
2026-10-09T01:42:12.3091613Z Updating files:  50% (3903/7806)
2026-10-09T01:42:12.3117920Z Updating files:  51% (3982/7806)
2026-10-09T01:42:12.3149633Z Updating files:  52% (4060/7806)
2026-10-09T01:42:12.3180490Z Updating files:  53% (4138/7806)
2026-10-09T01:42:12.3206941Z Updating files:  54% (4216/7806)
2026-10-09T01:42:12.3269025Z Updating files:  55% (4294/7806)
2026-10-09T01:42:12.3410777Z Updating files:  56% (4372/7806)
2026-10-09T01:42:12.3451841Z Updating files:  57% (4450/7806)
2026-10-09T01:42:12.3493577Z Updating files:  58% (4528/7806)
2026-10-09T01:42:12.3535765Z Updating files:  59% (4606/7806)
2026-10-09T01:42:12.3579315Z Updating files:  60% (4684/7806)
2026-10-09T01:42:12.3935422Z Updating files:  61% (4762/7806)
2026-10-09T01:42:12.4329391Z Updating files:  62% (4840/7806)
2026-10-09T01:42:12.4743215Z Updating files:  63% (4918/7806)
2026-10-09T01:42:12.4981969Z Updating files:  64% (4996/7806)
2026-10-09T01:42:12.5362575Z Updating files:  65% (5074/7806)
2026-10-09T01:42:12.6322107Z Updating files:  66% (5152/7806)
2026-10-09T01:42:12.7786681Z Updating files:  67% (5231/7806)
2026-10-09T01:42:12.8988485Z Updating files:  68% (5309/7806)
2026-10-09T01:42:12.9186633Z Updating files:  69% (5387/7806)
2026-10-09T01:42:13.0000995Z Updating files:  70% (5465/7806)
2026-10-09T01:42:13.0345774Z Updating files:  71% (5543/7806)
2026-10-09T01:42:13.0584971Z Updating files:  72% (5621/7806)
2026-10-09T01:42:13.0846563Z Updating files:  72% (5667/7806)
2026-10-09T01:42:13.1595991Z Updating files:  73% (5699/7806)
2026-10-09T01:42:13.2122841Z Updating files:  74% (5777/7806)
2026-10-09T01:42:13.2489094Z Updating files:  75% (5855/7806)
2026-10-09T01:42:13.2839079Z Updating files:  76% (5933/7806)
2026-10-09T01:42:13.3218981Z Updating files:  77% (6011/7806)
2026-10-09T01:42:13.3515289Z Updating files:  78% (6089/7806)
2026-10-09T01:42:13.3747843Z Updating files:  79% (6167/7806)
2026-10-09T01:42:13.3858355Z Updating files:  80% (6245/7806)
2026-10-09T01:42:13.4111278Z Updating files:  81% (6323/7806)
2026-10-09T01:42:13.4312481Z Updating files:  82% (6401/7806)
2026-10-09T01:42:13.4722224Z Updating files:  83% (6479/7806)
2026-10-09T01:42:13.4812751Z Updating files:  84% (6558/7806)
2026-10-09T01:42:13.4846508Z Updating files:  85% (6636/7806)
2026-10-09T01:42:13.5209583Z Updating files:  86% (6714/7806)
2026-10-09T01:42:13.5241347Z Updating files:  87% (6792/7806)
2026-10-09T01:42:13.5303853Z Updating files:  88% (6870/7806)
2026-10-09T01:42:13.5480420Z Updating files:  89% (6948/7806)
2026-10-09T01:42:13.5587479Z Updating files:  90% (7026/7806)
2026-10-09T01:42:13.5635846Z Updating files:  91% (7104/7806)
2026-10-09T01:42:13.5678394Z Updating files:  92% (7182/7806)
2026-10-09T01:42:13.5723888Z Updating files:  93% (7260/7806)
2026-10-09T01:42:13.5766543Z Updating files:  94% (7338/7806)
2026-10-09T01:42:13.5814379Z Updating files:  95% (7416/7806)
2026-10-09T01:42:13.5856168Z Updating files:  96% (7494/7806)
2026-10-09T01:42:13.5901668Z Updating files:  97% (7572/7806)
2026-10-09T01:42:13.5954652Z Updating files:  98% (7650/7806)
2026-10-09T01:42:13.6042242Z Updating files:  99% (7728/7806)
2026-10-09T01:42:13.6042619Z Updating files: 100% (7806/7806)
2026-10-09T01:42:13.6042990Z Updating files: 100% (7806/7806), done.
2026-10-09T01:42:13.8884286Z Note: switching to '4f1e6129cea612da657ae389a8e59db217581394'.
2026-10-09T01:42:13.8885097Z 
2026-10-09T01:42:13.8885644Z You are in 'detached HEAD' state. You can look around, make experimental
2026-10-09T01:42:13.8886477Z changes and commit them, and you can discard any commits you make in this
2026-10-09T01:42:13.8887297Z state without impacting any branches by switching back to a branch.
2026-10-09T01:42:13.8889618Z 
2026-10-09T01:42:13.8890022Z If you want to create a new branch to retain commits you create, you may
2026-10-09T01:42:13.8890806Z do so (now or later) by using -c with the switch command. Example:
2026-10-09T01:42:13.8891301Z 
2026-10-09T01:42:13.8891558Z   git switch -c <new-branch-name>
2026-10-09T01:42:13.8891919Z 
2026-10-09T01:42:13.8892194Z Or undo this operation with:
2026-10-09T01:42:13.8892531Z 
2026-10-09T01:42:13.8892769Z   git switch -
2026-10-09T01:42:13.8893055Z 
2026-10-09T01:42:13.8893731Z Turn off this advice by setting config variable advice.detachedHead to false
2026-10-09T01:42:13.8894325Z 
2026-10-09T01:42:13.8894755Z HEAD is now at 4f1e612 docs: submit task 055 evidence and remaining acceptance gaps
2026-10-09T01:42:13.9053015Z ##[endgroup]
2026-10-09T01:42:13.9116546Z [command]/usr/bin/git log -1 --format=%H
2026-10-09T01:42:13.9143885Z 4f1e6129cea612da657ae389a8e59db217581394
2026-10-09T01:42:13.9384555Z ##[group]Run python -c "import pathlib,re,subprocess; sha=pathlib.Path('docs/verification/equipment-save-transaction-platform/code-fixed-sha.txt').read_text().strip(); assert re.fullmatch('[0-9a-f]{40}',sha); subprocess.run(['git','fetch','--no-tags','--depth=1','origin',sha],check=True); subprocess.run(['git','checkout','--detach',sha],check=True)"
2026-10-09T01:42:13.9386994Z [36;1mpython -c "import pathlib,re,subprocess; sha=pathlib.Path('docs/verification/equipment-save-transaction-platform/code-fixed-sha.txt').read_text().strip(); assert re.fullmatch('[0-9a-f]{40}',sha); subprocess.run(['git','fetch','--no-tags','--depth=1','origin',sha],check=True); subprocess.run(['git','checkout','--detach',sha],check=True)"[0m
2026-10-09T01:42:13.9648498Z shell: /usr/bin/bash --noprofile --norc -e -o pipefail {0}
2026-10-09T01:42:13.9648961Z env:
2026-10-09T01:42:13.9649213Z   GODOT_VERSION: 4.7.2-stable
2026-10-09T01:42:13.9649513Z   PYTHONUTF8: 1
2026-10-09T01:42:13.9649854Z   GIT_CONFIG_COUNT: 1
2026-10-09T01:42:13.9650125Z   GIT_CONFIG_KEY_0: core.autocrlf
2026-10-09T01:42:13.9650425Z   GIT_CONFIG_VALUE_0: false
2026-10-09T01:42:13.9650701Z ##[endgroup]
2026-10-09T01:42:42.4062533Z From https://github.com/hiroshitanaka-creator/RPG-maker
2026-10-09T01:42:42.4063165Z  * branch            adbd4b1b1fde34a0fa8f5a48388571e25e996eb3 -> FETCH_HEAD
2026-10-09T01:42:42.9535679Z Warning: you are leaving 1 commit behind, not connected to
2026-10-09T01:42:42.9537337Z any of your branches:
2026-10-09T01:42:42.9537985Z 
2026-10-09T01:42:42.9538427Z   4f1e612 docs: submit task 055 evidence and remaining acceptance gaps
2026-10-09T01:42:42.9539092Z 
2026-10-09T01:42:42.9539530Z If you want to keep it by creating a new branch, this may be a good time
2026-10-09T01:42:42.9540367Z to do so with:
2026-10-09T01:42:42.9540623Z 
2026-10-09T01:42:42.9540777Z  git branch <new-branch-name> 4f1e612
2026-10-09T01:42:42.9541052Z 
2026-10-09T01:42:42.9555848Z HEAD is now at adbd4b1 最新CIの浅いcheckoutでもscope用固定commitを明示取得する
2026-10-09T01:42:42.9694711Z ##[group]Run actions/setup-python@v5
2026-10-09T01:42:42.9695022Z with:
2026-10-09T01:42:42.9695221Z   python-version: 3.12
2026-10-09T01:42:42.9695446Z   check-latest: false
2026-10-09T01:42:42.9698631Z   token: ***
2026-10-09T01:42:42.9698856Z   update-environment: true
2026-10-09T01:42:42.9699114Z   allow-prereleases: false
2026-10-09T01:42:42.9699345Z   freethreaded: false
2026-10-09T01:42:42.9699577Z env:
2026-10-09T01:42:42.9699765Z   GODOT_VERSION: 4.7.2-stable
2026-10-09T01:42:42.9699997Z   PYTHONUTF8: 1
2026-10-09T01:42:42.9700197Z   GIT_CONFIG_COUNT: 1
2026-10-09T01:42:42.9700412Z   GIT_CONFIG_KEY_0: core.autocrlf
2026-10-09T01:42:42.9700663Z   GIT_CONFIG_VALUE_0: false
2026-10-09T01:42:42.9700885Z ##[endgroup]
2026-10-09T01:42:43.1046460Z ##[group]Installed versions
2026-10-09T01:42:43.1137411Z (node:2388) [DEP0040] DeprecationWarning: The `punycode` module is deprecated. Please use a userland alternative instead.
2026-10-09T01:42:43.1139352Z (Use `node --trace-deprecation ...` to show where the warning was created)
2026-10-09T01:42:43.1140294Z Successfully set up CPython (3.12.15)
2026-10-09T01:42:43.1141394Z ##[endgroup]
2026-10-09T01:42:43.1362537Z ##[group]Run git fetch --no-tags --depth=1 origin e003b126de6695fa131e07a3db14c3011fb74f2e b17f2b475ff8c58924720ea24cce8f205422c50b
2026-10-09T01:42:43.1363509Z [36;1mgit fetch --no-tags --depth=1 origin e003b126de6695fa131e07a3db14c3011fb74f2e b17f2b475ff8c58924720ea24cce8f205422c50b[0m
2026-10-09T01:42:43.1604898Z shell: /usr/bin/bash --noprofile --norc -e -o pipefail {0}
2026-10-09T01:42:43.1605304Z env:
2026-10-09T01:42:43.1605532Z   GODOT_VERSION: 4.7.2-stable
2026-10-09T01:42:43.1605791Z   PYTHONUTF8: 1
2026-10-09T01:42:43.1606003Z   GIT_CONFIG_COUNT: 1
2026-10-09T01:42:43.1606236Z   GIT_CONFIG_KEY_0: core.autocrlf
2026-10-09T01:42:43.1606503Z   GIT_CONFIG_VALUE_0: false
2026-10-09T01:42:43.1606828Z   pythonLocation: /opt/hostedtoolcache/Python/3.12.15/x64
2026-10-09T01:42:43.1607321Z   PKG_CONFIG_PATH: /opt/hostedtoolcache/Python/3.12.15/x64/lib/pkgconfig
2026-10-09T01:42:43.1608086Z   Python_ROOT_DIR: /opt/hostedtoolcache/Python/3.12.15/x64
2026-10-09T01:42:43.1608584Z   Python2_ROOT_DIR: /opt/hostedtoolcache/Python/3.12.15/x64
2026-10-09T01:42:43.1608996Z   Python3_ROOT_DIR: /opt/hostedtoolcache/Python/3.12.15/x64
2026-10-09T01:42:43.1609411Z   LD_LIBRARY_PATH: /opt/hostedtoolcache/Python/3.12.15/x64/lib
2026-10-09T01:42:43.1609765Z ##[endgroup]
2026-10-09T01:43:22.5501076Z From https://github.com/hiroshitanaka-creator/RPG-maker
2026-10-09T01:43:22.5501968Z  * branch              e003b126de6695fa131e07a3db14c3011fb74f2e -> FETCH_HEAD
2026-10-09T01:43:22.5502794Z  * branch              b17f2b475ff8c58924720ea24cce8f205422c50b -> FETCH_HEAD
2026-10-09T01:43:22.5555066Z ##[group]Run python -m pip install scons==4.10.0
2026-10-09T01:43:22.5555526Z [36;1mpython -m pip install scons==4.10.0[0m
2026-10-09T01:43:22.5622343Z shell: /usr/bin/bash -e {0}
2026-10-09T01:43:22.5622703Z env:
2026-10-09T01:43:22.5622985Z   GODOT_VERSION: 4.7.2-stable
2026-10-09T01:43:22.5623334Z   PYTHONUTF8: 1
2026-10-09T01:43:22.5623627Z   GIT_CONFIG_COUNT: 1
2026-10-09T01:43:22.5623949Z   GIT_CONFIG_KEY_0: core.autocrlf
2026-10-09T01:43:22.5624315Z   GIT_CONFIG_VALUE_0: false
2026-10-09T01:43:22.5624742Z   pythonLocation: /opt/hostedtoolcache/Python/3.12.15/x64
2026-10-09T01:43:22.5625374Z   PKG_CONFIG_PATH: /opt/hostedtoolcache/Python/3.12.15/x64/lib/pkgconfig
2026-10-09T01:43:22.5626206Z   Python_ROOT_DIR: /opt/hostedtoolcache/Python/3.12.15/x64
2026-10-09T01:43:22.5626770Z   Python2_ROOT_DIR: /opt/hostedtoolcache/Python/3.12.15/x64
2026-10-09T01:43:22.5627328Z   Python3_ROOT_DIR: /opt/hostedtoolcache/Python/3.12.15/x64
2026-10-09T01:43:22.5628192Z   LD_LIBRARY_PATH: /opt/hostedtoolcache/Python/3.12.15/x64/lib
2026-10-09T01:43:22.5628665Z ##[endgroup]
2026-10-09T01:43:26.0117288Z Collecting scons==4.10.0
2026-10-09T01:43:26.0833719Z   Downloading scons-4.10.0-py3-none-any.whl.metadata (9.7 kB)
2026-10-09T01:43:26.1050510Z Downloading scons-4.10.0-py3-none-any.whl (4.1 MB)
2026-10-09T01:43:26.2754259Z    ━━━━━━━━━━━━━━━━━━━━━━━━━━━━━━━━━━━━━━━━ 4.1/4.1 MB 27.8 MB/s  0:00:00
2026-10-09T01:43:26.4693259Z Installing collected packages: scons
2026-10-09T01:43:27.1630541Z Successfully installed scons-4.10.0
2026-10-09T01:43:27.2161156Z ##[group]Run python -c "import os,shutil; shutil.copytree('addons/equipment_save_io',os.environ['RUNNER_TEMP']+'/native-evidence/shipped/equipment_save_io')"
2026-10-09T01:43:27.2162365Z [36;1mpython -c "import os,shutil; shutil.copytree('addons/equipment_save_io',os.environ['RUNNER_TEMP']+'/native-evidence/shipped/equipment_save_io')"[0m
2026-10-09T01:43:27.2227160Z shell: /usr/bin/bash -e {0}
2026-10-09T01:43:27.2227425Z env:
2026-10-09T01:43:27.2227778Z   GODOT_VERSION: 4.7.2-stable
2026-10-09T01:43:27.2228036Z   PYTHONUTF8: 1
2026-10-09T01:43:27.2228254Z   GIT_CONFIG_COUNT: 1
2026-10-09T01:43:27.2228483Z   GIT_CONFIG_KEY_0: core.autocrlf
2026-10-09T01:43:27.2228739Z   GIT_CONFIG_VALUE_0: false
2026-10-09T01:43:27.2229051Z   pythonLocation: /opt/hostedtoolcache/Python/3.12.15/x64
2026-10-09T01:43:27.2229504Z   PKG_CONFIG_PATH: /opt/hostedtoolcache/Python/3.12.15/x64/lib/pkgconfig
2026-10-09T01:43:27.2229952Z   Python_ROOT_DIR: /opt/hostedtoolcache/Python/3.12.15/x64
2026-10-09T01:43:27.2230402Z   Python2_ROOT_DIR: /opt/hostedtoolcache/Python/3.12.15/x64
2026-10-09T01:43:27.2230802Z   Python3_ROOT_DIR: /opt/hostedtoolcache/Python/3.12.15/x64
2026-10-09T01:43:27.2231216Z   LD_LIBRARY_PATH: /opt/hostedtoolcache/Python/3.12.15/x64/lib
2026-10-09T01:43:27.2231554Z ##[endgroup]
2026-10-09T01:43:27.2630962Z ##[group]Run python native/equipment_save_io/build.py --platform "linux" --output "$RUNNER_TEMP/native-evidence/build"
2026-10-09T01:43:27.2631826Z [36;1mpython native/equipment_save_io/build.py --platform "linux" --output "$RUNNER_TEMP/native-evidence/build"[0m
2026-10-09T01:43:27.2698141Z shell: /usr/bin/bash --noprofile --norc -e -o pipefail {0}
2026-10-09T01:43:27.2698546Z env:
2026-10-09T01:43:27.2698769Z   GODOT_VERSION: 4.7.2-stable
2026-10-09T01:43:27.2699040Z   PYTHONUTF8: 1
2026-10-09T01:43:27.2699282Z   GIT_CONFIG_COUNT: 1
2026-10-09T01:43:27.2699534Z   GIT_CONFIG_KEY_0: core.autocrlf
2026-10-09T01:43:27.2699813Z   GIT_CONFIG_VALUE_0: false
2026-10-09T01:43:27.2700149Z   pythonLocation: /opt/hostedtoolcache/Python/3.12.15/x64
2026-10-09T01:43:27.2700648Z   PKG_CONFIG_PATH: /opt/hostedtoolcache/Python/3.12.15/x64/lib/pkgconfig
2026-10-09T01:43:27.2701151Z   Python_ROOT_DIR: /opt/hostedtoolcache/Python/3.12.15/x64
2026-10-09T01:43:27.2701650Z   Python2_ROOT_DIR: /opt/hostedtoolcache/Python/3.12.15/x64
2026-10-09T01:43:27.2702096Z   Python3_ROOT_DIR: /opt/hostedtoolcache/Python/3.12.15/x64
2026-10-09T01:43:27.2702535Z   LD_LIBRARY_PATH: /opt/hostedtoolcache/Python/3.12.15/x64/lib
2026-10-09T01:43:27.2702909Z ##[endgroup]
2026-10-09T01:43:27.3167261Z Cloning into '/home/runner/work/RPG-maker/RPG-maker/native/equipment_save_io/.deps/godot-cpp'...
2026-10-09T01:43:29.8048177Z HEAD is now at e83fd09 gdextension: Sync with upstream commit 876b290332ec6f2e6d173d08162a02aa7e6ca46d (4.5-stable)
2026-10-09T01:44:14.5811346Z ##[group]Run python tools/fixtures/equipment-save-transaction-platform/launch.py --output "$RUNNER_TEMP/native-evidence" --profile "fixed055" --phase "transaction"
2026-10-09T01:44:14.5812580Z [36;1mpython tools/fixtures/equipment-save-transaction-platform/launch.py --output "$RUNNER_TEMP/native-evidence" --profile "fixed055" --phase "transaction"[0m
2026-10-09T01:44:14.5875294Z shell: /usr/bin/bash --noprofile --norc -e -o pipefail {0}
2026-10-09T01:44:14.5875652Z env:
2026-10-09T01:44:14.5875859Z   GODOT_VERSION: 4.7.2-stable
2026-10-09T01:44:14.5876117Z   PYTHONUTF8: 1
2026-10-09T01:44:14.5876326Z   GIT_CONFIG_COUNT: 1
2026-10-09T01:44:14.5876560Z   GIT_CONFIG_KEY_0: core.autocrlf
2026-10-09T01:44:14.5876822Z   GIT_CONFIG_VALUE_0: false
2026-10-09T01:44:14.5877137Z   pythonLocation: /opt/hostedtoolcache/Python/3.12.15/x64
2026-10-09T01:44:14.5877606Z   PKG_CONFIG_PATH: /opt/hostedtoolcache/Python/3.12.15/x64/lib/pkgconfig
2026-10-09T01:44:14.5878436Z   Python_ROOT_DIR: /opt/hostedtoolcache/Python/3.12.15/x64
2026-10-09T01:44:14.5878845Z   Python2_ROOT_DIR: /opt/hostedtoolcache/Python/3.12.15/x64
2026-10-09T01:44:14.5879256Z   Python3_ROOT_DIR: /opt/hostedtoolcache/Python/3.12.15/x64
2026-10-09T01:44:14.5879674Z   LD_LIBRARY_PATH: /opt/hostedtoolcache/Python/3.12.15/x64/lib
2026-10-09T01:44:14.5880234Z   EQUIPMENT_SHIPPED_ADDON_ROOT: /home/runner/work/_temp/native-evidence/shipped/equipment_save_io
2026-10-09T01:44:14.5880745Z ##[endgroup]
2026-10-09T01:48:16.4777246Z TRANSACTION_FAIL: cases=107 checks=1537 seconds=174.097
2026-10-09T01:48:16.4778208Z trial-corrupt:
2026-10-09T01:48:16.4778626Z fault-receipt-prepared.rename.before:
2026-10-09T01:48:16.4779137Z fault-receipt-committed.rename.before:
2026-10-09T01:48:16.4779622Z fault-commit.rename.before:
2026-10-09T01:48:16.4779991Z trial-missing:
2026-10-09T01:48:16.4780286Z normal-granted:
2026-10-09T01:48:16.4780600Z normal-pending:
2026-10-09T01:48:16.4780956Z fault-receipt-committed.open.before:
2026-10-09T01:48:16.4781763Z absent-id:全体180秒を超過
2026-10-09T01:48:16.4782180Z different-raw:全体180秒を超過
2026-10-09T01:48:16.4782591Z wrong-hash:全体180秒を超過
2026-10-09T01:48:16.4782971Z stale-commit:全体180秒を超過
2026-10-09T01:48:16.4783387Z stale-prepare:全体180秒を超過
2026-10-09T01:48:16.4783793Z trial-unclean:全体180秒を超過
2026-10-09T01:48:16.4784187Z same-raw-alias:全体180秒を超過
2026-10-09T01:48:16.4784584Z new-input:全体180秒を超過
2026-10-09T01:48:16.4785005Z inspect-readonly:全体180秒を超過
2026-10-09T01:48:16.4785402Z source-changed:全体180秒を超過
2026-10-09T01:48:16.4785814Z backup-changed:全体180秒を超過
2026-10-09T01:48:16.4786209Z intent-changed:全体180秒を超過
2026-10-09T01:48:16.4786606Z receipt-intent:全体180秒を超過
2026-10-09T01:48:16.4787021Z receipt-phase-stale:全体180秒を超過
2026-10-09T01:48:16.4787454Z output-changed:全体180秒を超過
2026-10-09T01:48:16.4788112Z receipt-corrupt:全体180秒を超過
2026-10-09T01:48:16.4788546Z history-changed:全体180秒を超過
2026-10-09T01:48:16.4788966Z candidate-quantity:全体180秒を超過
2026-10-09T01:48:16.4789399Z candidate-value:全体180秒を超過
2026-10-09T01:48:16.4789822Z candidate-types:全体180秒を超過
2026-10-09T01:48:16.4790227Z outside-path:全体180秒を超過
2026-10-09T01:48:16.4790660Z directory-link:全体180秒を超過
2026-10-09T01:48:16.4791110Z parent-path:全体180秒を超過
2026-10-09T01:48:16.4791529Z output-link:全体180秒を超過
2026-10-09T01:48:16.4791951Z source-link:全体180秒を超過
2026-10-09T01:48:16.4792403Z transaction-source:全体180秒を超過
2026-10-09T01:48:16.4792924Z backup-hardlink:全体180秒を超過
2026-10-09T01:48:16.4793393Z target-collision:全体180秒を超過
2026-10-09T01:48:16.4793861Z token-invalid:全体180秒を超過
2026-10-09T01:48:16.4794310Z null-abilities:全体180秒を超過
2026-10-09T01:48:16.4794759Z null-session:全体180秒を超過
2026-10-09T01:48:16.4795200Z backup-collision:全体180秒を超過
2026-10-09T01:48:16.4795691Z commit-source-race:全体180秒を超過
2026-10-09T01:48:16.4796192Z nonroot-permission:全体180秒を超過
2026-10-09T01:48:16.4796632Z writer-busy:全体180秒を超過
2026-10-09T01:48:16.4797058Z injected-enospc:全体180秒を超過
2026-10-09T01:48:16.4797507Z kill-intent.store.partial:全体180秒を超過
2026-10-09T01:48:16.4798294Z commit-target-race:全体180秒を超過
2026-10-09T01:48:16.4799158Z commit-tmp-race:全体180秒を超過
2026-10-09T01:48:16.4799690Z kill-owner.store.partial:全体180秒を超過
2026-10-09T01:48:16.4800276Z kill-source.store.partial:全体180秒を超過
2026-10-09T01:48:16.4800880Z kill-candidate.store.partial:全体180秒を超過
2026-10-09T01:48:16.4801554Z kill-receipt-prepared.store.partial:全体180秒を超過
2026-10-09T01:48:16.4802301Z kill-receipt-committed.store.partial:全体180秒を超過
2026-10-09T01:48:16.4803254Z kill-history.store.partial:全体180秒を超過
2026-10-09T01:48:16.4803837Z fault-candidate.store.partial:全体180秒を超過
2026-10-09T01:48:16.4804434Z fault-history.store.partial:全体180秒を超過
2026-10-09T01:48:16.4805051Z fault-source.store.partial:全体180秒を超過
2026-10-09T01:48:16.4805594Z stale-committed:全体180秒を超過
2026-10-09T01:48:16.4806053Z stale-current:全体180秒を超過
2026-10-09T01:48:16.4806459Z inspect-missing:全体180秒を超過
2026-10-09T01:48:16.4806898Z inspect-prepared:全体180秒を超過
2026-10-09T01:48:16.4807397Z inspect-null-context:全体180秒を超過
2026-10-09T01:48:16.4808117Z inspect-committed:全体180秒を超過
2026-10-09T01:48:16.4808637Z receipt-tmp-hardlink:全体180秒を超過
2026-10-09T01:48:16.4809170Z initial-tmp-hardlink:全体180秒を超過
2026-10-09T01:48:16.4809760Z owner-corrupt:全体180秒を超過
2026-10-09T01:48:16.4810053Z 
2026-10-09T01:48:16.4810316Z PLATFORM_CI_FAIL: コマンド失敗:transaction
2026-10-09T01:48:16.4850580Z Traceback (most recent call last):
2026-10-09T01:48:16.4858405Z   File "/home/runner/work/RPG-maker/RPG-maker/tools/fixtures/equipment-save-transaction-platform/launch.py", line 22, in <module>
2026-10-09T01:48:16.4860324Z     p=argparse.ArgumentParser();p.add_argument('--output',required=True);p.add_argument('--profile',required=True);p.add_argument('--phase',choices=['transaction','primitives'],default='transaction');main(p.parse_args())
2026-10-09T01:48:16.4861960Z                                                                                                                                                                                                         ^^^^^^^^^^^^^^^^^^^^
2026-10-09T01:48:16.4863226Z   File "/home/runner/work/RPG-maker/RPG-maker/tools/fixtures/equipment-save-transaction-platform/launch.py", line 20, in main
2026-10-09T01:48:16.4864128Z     subprocess.run(argv,cwd=ROOT,check=True)
2026-10-09T01:48:16.4864843Z   File "/opt/hostedtoolcache/Python/3.12.15/x64/lib/python3.12/subprocess.py", line 571, in run
2026-10-09T01:48:16.5197092Z     raise CalledProcessError(retcode, process.args,
2026-10-09T01:48:16.5201551Z subprocess.CalledProcessError: Command '['/opt/hostedtoolcache/Python/3.12.15/x64/bin/python', '/home/runner/work/RPG-maker/RPG-maker/tools/fixtures/equipment-save-transaction-platform/run_ci.py', '--godot', '/home/runner/work/_temp/native-evidence/bin/Godot_v4.7.2-stable_linux.x86_64', '--source-sha', 'adbd4b1b1fde34a0fa8f5a48388571e25e996eb3', '--profile', 'fixed055', '--output', '/home/runner/work/_temp/native-evidence/results', '--fixed-sha', 'dda64d436a03975ffb71abebce65b30dd2928ba3']' returned non-zero exit status 1.
2026-10-09T01:48:16.5319031Z ##[error]Process completed with exit code 1.
2026-10-09T01:48:16.5370807Z ##[group]Run python tools/check_frozen_files.py
2026-10-09T01:48:16.5371213Z [36;1mpython tools/check_frozen_files.py[0m
2026-10-09T01:48:16.5434678Z shell: /usr/bin/bash -e {0}
2026-10-09T01:48:16.5434972Z env:
2026-10-09T01:48:16.5435188Z   GODOT_VERSION: 4.7.2-stable
2026-10-09T01:48:16.5435459Z   PYTHONUTF8: 1
2026-10-09T01:48:16.5435689Z   GIT_CONFIG_COUNT: 1
2026-10-09T01:48:16.5435954Z   GIT_CONFIG_KEY_0: core.autocrlf
2026-10-09T01:48:16.5436242Z   GIT_CONFIG_VALUE_0: false
2026-10-09T01:48:16.5436572Z   pythonLocation: /opt/hostedtoolcache/Python/3.12.15/x64
2026-10-09T01:48:16.5437066Z   PKG_CONFIG_PATH: /opt/hostedtoolcache/Python/3.12.15/x64/lib/pkgconfig
2026-10-09T01:48:16.5437552Z   Python_ROOT_DIR: /opt/hostedtoolcache/Python/3.12.15/x64
2026-10-09T01:48:16.5438331Z   Python2_ROOT_DIR: /opt/hostedtoolcache/Python/3.12.15/x64
2026-10-09T01:48:16.5438783Z   Python3_ROOT_DIR: /opt/hostedtoolcache/Python/3.12.15/x64
2026-10-09T01:48:16.5439272Z   LD_LIBRARY_PATH: /opt/hostedtoolcache/Python/3.12.15/x64/lib
2026-10-09T01:48:16.5439646Z ##[endgroup]
2026-10-09T01:48:16.5811638Z 保護対象26件、一致26件。
2026-10-09T01:48:16.5884297Z ##[group]Run python tools/fixtures/equipment-save-transaction-platform/evidence.py --output "$RUNNER_TEMP/native-evidence"
2026-10-09T01:48:16.5885323Z [36;1mpython tools/fixtures/equipment-save-transaction-platform/evidence.py --output "$RUNNER_TEMP/native-evidence"[0m
2026-10-09T01:48:16.5948161Z shell: /usr/bin/bash --noprofile --norc -e -o pipefail {0}
2026-10-09T01:48:16.5948518Z env:
2026-10-09T01:48:16.5948726Z   GODOT_VERSION: 4.7.2-stable
2026-10-09T01:48:16.5948973Z   PYTHONUTF8: 1
2026-10-09T01:48:16.5949194Z   GIT_CONFIG_COUNT: 1
2026-10-09T01:48:16.5949426Z   GIT_CONFIG_KEY_0: core.autocrlf
2026-10-09T01:48:16.5949687Z   GIT_CONFIG_VALUE_0: false
2026-10-09T01:48:16.5949994Z   pythonLocation: /opt/hostedtoolcache/Python/3.12.15/x64
2026-10-09T01:48:16.5950450Z   PKG_CONFIG_PATH: /opt/hostedtoolcache/Python/3.12.15/x64/lib/pkgconfig
2026-10-09T01:48:16.5950903Z   Python_ROOT_DIR: /opt/hostedtoolcache/Python/3.12.15/x64
2026-10-09T01:48:16.5951356Z   Python2_ROOT_DIR: /opt/hostedtoolcache/Python/3.12.15/x64
2026-10-09T01:48:16.5951782Z   Python3_ROOT_DIR: /opt/hostedtoolcache/Python/3.12.15/x64
2026-10-09T01:48:16.5952221Z   LD_LIBRARY_PATH: /opt/hostedtoolcache/Python/3.12.15/x64/lib
2026-10-09T01:48:16.5952587Z ##[endgroup]
2026-10-09T01:48:19.0433356Z NATIVE_RAW_PROOF_META {"archive_sha256": "4805e6a6874d119d907f0a711792f3d28638d5d45348fc1fbbf1c6904ccdd959", "archive_bytes": 2536673, "members": 4832}
2026-10-09T01:48:19.0434364Z NATIVE_RAW_PROOF_BEGIN
2026-10-09T01:48:22.2786842Z NATIVE_RAW_PROOF_END
2026-10-09T01:48:22.2872713Z ##[group]Run actions/upload-artifact@v4
2026-10-09T01:48:22.2873229Z with:
2026-10-09T01:48:22.2873623Z   name: equipment-native-ubuntu-latest-fixed055-transaction
2026-10-09T01:48:22.2874406Z   path: /home/runner/work/_temp/native-evidence/
addons/equipment_save_io/
native/equipment_save_io/GODOT_CPP_LICENSE.txt

2026-10-09T01:48:22.2875140Z   if-no-files-found: error
2026-10-09T01:48:22.2875481Z   compression-level: 6
2026-10-09T01:48:22.2875829Z   overwrite: false
2026-10-09T01:48:22.2876168Z   include-hidden-files: false
2026-10-09T01:48:22.2876530Z env:
2026-10-09T01:48:22.2876896Z   GODOT_VERSION: 4.7.2-stable
2026-10-09T01:48:22.2877220Z   PYTHONUTF8: 1
2026-10-09T01:48:22.2877554Z   GIT_CONFIG_COUNT: 1
2026-10-09T01:48:22.2878191Z   GIT_CONFIG_KEY_0: core.autocrlf
2026-10-09T01:48:22.2878707Z   GIT_CONFIG_VALUE_0: false
2026-10-09T01:48:22.2879159Z   pythonLocation: /opt/hostedtoolcache/Python/3.12.15/x64
2026-10-09T01:48:22.2879785Z   PKG_CONFIG_PATH: /opt/hostedtoolcache/Python/3.12.15/x64/lib/pkgconfig
2026-10-09T01:48:22.2880363Z   Python_ROOT_DIR: /opt/hostedtoolcache/Python/3.12.15/x64
2026-10-09T01:48:22.2880880Z   Python2_ROOT_DIR: /opt/hostedtoolcache/Python/3.12.15/x64
2026-10-09T01:48:22.2881667Z   Python3_ROOT_DIR: /opt/hostedtoolcache/Python/3.12.15/x64
2026-10-09T01:48:22.2882258Z   LD_LIBRARY_PATH: /opt/hostedtoolcache/Python/3.12.15/x64/lib
2026-10-09T01:48:22.2882681Z ##[endgroup]
2026-10-09T01:48:22.4690416Z (node:4659) [DEP0040] DeprecationWarning: The `punycode` module is deprecated. Please use a userland alternative instead.
2026-10-09T01:48:22.4691773Z (Use `node --trace-deprecation ...` to show where the warning was created)
2026-10-09T01:48:23.7919668Z Multiple search paths detected. Calculating the least common ancestor of all paths
2026-10-09T01:48:23.7922646Z The least common ancestor is /home/runner/work. This will be the root directory of the artifact
2026-10-09T01:48:23.7923569Z With the provided path, there will be 4991 files uploaded
2026-10-09T01:48:23.7930246Z Artifact name is valid!
2026-10-09T01:48:23.7931305Z Root directory input is valid!
2026-10-09T01:48:24.2375507Z Beginning upload of artifact content to blob storage
2026-10-09T01:48:24.6682396Z (node:4659) [DEP0169] DeprecationWarning: `url.parse()` behavior is not standardized and prone to errors that have security implications. Use the WHATWG URL API instead. CVEs are not issued for `url.parse()` vulnerabilities.
2026-10-09T01:48:25.6450787Z Uploaded bytes 8388608
2026-10-09T01:48:26.0160861Z Uploaded bytes 16777216
2026-10-09T01:48:26.1517997Z Uploaded bytes 25165824
2026-10-09T01:48:26.2111188Z Uploaded bytes 33554432
2026-10-09T01:48:26.3827300Z Uploaded bytes 41943040
2026-10-09T01:48:26.4569172Z Uploaded bytes 50331648
2026-10-09T01:48:26.6194059Z Uploaded bytes 58720256
2026-10-09T01:48:26.9195816Z Uploaded bytes 67108864
2026-10-09T01:48:27.1991194Z Uploaded bytes 75497472
2026-10-09T01:48:27.8697620Z Uploaded bytes 83886080
2026-10-09T01:48:28.5706600Z Uploaded bytes 92274688
2026-10-09T01:48:29.2165205Z Uploaded bytes 100663296
2026-10-09T01:48:29.9353401Z Uploaded bytes 109051904
2026-10-09T01:48:30.4984314Z Uploaded bytes 117440512
2026-10-09T01:48:30.8045015Z Uploaded bytes 125829120
2026-10-09T01:48:31.0839380Z Uploaded bytes 134217728
2026-10-09T01:48:31.4296809Z Uploaded bytes 142606336
2026-10-09T01:48:32.1959607Z Uploaded bytes 150994944
2026-10-09T01:48:32.2707891Z Uploaded bytes 159383552
2026-10-09T01:48:34.9948555Z Uploaded bytes 167772160
2026-10-09T01:48:35.0999208Z Uploaded bytes 169074495
2026-10-09T01:48:35.1795680Z Finished uploading artifact content to blob storage!
2026-10-09T01:48:35.1799827Z SHA256 digest of uploaded artifact zip is 2cfafc58afa6bf75ef65195afdea7588bf8b33981c476f646d6ae39f561b33ca
2026-10-09T01:48:35.1801997Z Finalizing artifact upload
2026-10-09T01:48:35.6076941Z Artifact equipment-native-ubuntu-latest-fixed055-transaction.zip successfully finalized. Artifact ID 11590517736
2026-10-09T01:48:35.6079428Z Artifact equipment-native-ubuntu-latest-fixed055-transaction has been successfully uploaded! Final size is 169074495 bytes. Artifact ID is 11590517736
2026-10-09T01:48:35.6087103Z Artifact download URL: https://github.com/hiroshitanaka-creator/RPG-maker/actions/runs/37869884272/artifacts/11590517736
2026-10-09T01:48:35.6511132Z Post job cleanup.
2026-10-09T01:48:35.7398820Z [command]/usr/bin/git version
2026-10-09T01:48:35.7441968Z git version 2.55.0
2026-10-09T01:48:35.7482632Z Temporarily overriding HOME='/home/runner/work/_temp/64a8b7c6-0efc-4ded-bcb6-d2e7aa836c80' before making global git config changes
2026-10-09T01:48:35.7484050Z Adding repository directory to the temporary git global config as a safe directory
2026-10-09T01:48:35.7488642Z [command]/usr/bin/git config --global --add safe.directory /home/runner/work/RPG-maker/RPG-maker
2026-10-09T01:48:35.7527468Z [command]/usr/bin/git config --local --name-only --get-regexp core\.sshCommand
2026-10-09T01:48:35.7568195Z [command]/usr/bin/git submodule foreach --recursive sh -c "git config --local --name-only --get-regexp 'core\.sshCommand' && git config --local --unset-all 'core.sshCommand' || :"
2026-10-09T01:48:35.7865197Z [command]/usr/bin/git config --local --name-only --get-regexp http\.https\:\/\/github\.com\/\.extraheader
2026-10-09T01:48:35.7896384Z http.https://github.com/.extraheader
2026-10-09T01:48:35.7910054Z [command]/usr/bin/git config --local --unset-all http.https://github.com/.extraheader
2026-10-09T01:48:35.7962207Z [command]/usr/bin/git submodule foreach --recursive sh -c "git config --local --name-only --get-regexp 'http\.https\:\/\/github\.com\/\.extraheader' && git config --local --unset-all 'http.https://github.com/.extraheader' || :"
2026-10-09T01:48:35.8250576Z [command]/usr/bin/git config --local --name-only --get-regexp ^includeIf\.gitdir:
2026-10-09T01:48:35.8295869Z [command]/usr/bin/git submodule foreach --recursive git config --local --show-origin --name-only --get-regexp remote.origin.url
2026-10-09T01:48:35.8767911Z Cleaning up orphan processes
2026-10-09T01:48:35.9236107Z ##[warning]Node.js 20 is deprecated. The following actions target Node.js 20 but are being forced to run on Node.js 24: actions/checkout@v4, actions/setup-python@v5, actions/upload-artifact@v4. For more information see: https://github.blog/changelog/2025-09-19-deprecation-of-node-20-on-github-actions-runners/
