2026-10-09T01:41:11.4808031Z Current runner version: '2.337.0'
2026-10-09T01:41:11.4836150Z ##[group]Runner Image Provisioner
2026-10-09T01:41:11.4837070Z Hosted Compute Agent
2026-10-09T01:41:11.4837682Z Version: 20261002.596
2026-10-09T01:41:11.4838657Z Commit: c3d12f3313a95f25162a1503be624f3b0617f8c0
2026-10-09T01:41:11.4839436Z Build Date: 2026-10-02T22:28:27Z
2026-10-09T01:41:11.4840180Z Worker ID: {08ca0fdc-78e0-45a1-92f4-7e1fa096de11}
2026-10-09T01:41:11.4840918Z Region: westus
2026-10-09T01:41:11.4841492Z Cloud: Azure
2026-10-09T01:41:11.4842113Z ##[endgroup]
2026-10-09T01:41:11.4843956Z ##[group]Operating System
2026-10-09T01:41:11.4844666Z Ubuntu
2026-10-09T01:41:11.4845205Z 24.04.5
2026-10-09T01:41:11.4845714Z LTS
2026-10-09T01:41:11.4846272Z ##[endgroup]
2026-10-09T01:41:11.4846864Z ##[group]Runner Image
2026-10-09T01:41:11.4847457Z Image: ubuntu-24.04
2026-10-09T01:41:11.4848109Z Version: 20261004.327.1
2026-10-09T01:41:11.4850324Z Included Software: https://github.com/actions/runner-images/blob/ubuntu24/20261004.327/images/ubuntu/Ubuntu2404-Readme.md
2026-10-09T01:41:11.4851981Z Image Release: https://github.com/actions/runner-images/releases/tag/ubuntu24%2F20261004.327
2026-10-09T01:41:11.4853008Z ##[endgroup]
2026-10-09T01:41:11.4854151Z ##[group]GITHUB_TOKEN Permissions
2026-10-09T01:41:11.4856486Z Contents: read
2026-10-09T01:41:11.4857163Z Metadata: read
2026-10-09T01:41:11.4857737Z ##[endgroup]
2026-10-09T01:41:11.4860404Z Secret source: Actions
2026-10-09T01:41:11.4861386Z Cache mode: write
2026-10-09T01:41:11.4862272Z Prepare workflow directory
2026-10-09T01:41:11.5293276Z Prepare all required actions
2026-10-09T01:41:11.5342913Z Getting action download info
2026-10-09T01:41:11.9090587Z Download action repository 'actions/checkout@v4' (SHA:11d5960a326750d5838078e36cf38b85af677262)
2026-10-09T01:41:12.0110404Z Download action repository 'actions/setup-python@v5' (SHA:a26af69be951a213d495a4c3e4e4022e16d87065)
2026-10-09T01:41:12.0905417Z Download action repository 'actions/upload-artifact@v4' (SHA:ea165f8d65b6e75b540449e92b4886f43607fa02)
2026-10-09T01:41:12.3172090Z Complete job name: equipment-transaction (fixed053)
2026-10-09T01:41:12.4018159Z ##[group]Run actions/checkout@v4
2026-10-09T01:41:12.4019386Z with:
2026-10-09T01:41:12.4019885Z   ref: e003b126de6695fa131e07a3db14c3011fb74f2e
2026-10-09T01:41:12.4020543Z   repository: hiroshitanaka-creator/RPG-maker
2026-10-09T01:41:12.4024625Z   token: ***
2026-10-09T01:41:12.4025070Z   ssh-strict: true
2026-10-09T01:41:12.4025519Z   ssh-user: git
2026-10-09T01:41:12.4025972Z   persist-credentials: true
2026-10-09T01:41:12.4026477Z   clean: true
2026-10-09T01:41:12.4026936Z   sparse-checkout-cone-mode: true
2026-10-09T01:41:12.4027465Z   fetch-depth: 1
2026-10-09T01:41:12.4027908Z   fetch-tags: false
2026-10-09T01:41:12.4028537Z   show-progress: true
2026-10-09T01:41:12.4028999Z   lfs: false
2026-10-09T01:41:12.4029417Z   submodules: false
2026-10-09T01:41:12.4029869Z   set-safe-directory: true
2026-10-09T01:41:12.4030383Z   allow-unsafe-pr-checkout: false
2026-10-09T01:41:12.4031217Z env:
2026-10-09T01:41:12.4031636Z   GODOT_VERSION: 4.7.2-stable
2026-10-09T01:41:12.4032449Z   GODOT_LINUX_SHA256: cadd3204e728a35d3f13adb7fd0d7902636b79f6b95c40c265eb73b6c35329e4
2026-10-09T01:41:12.4033260Z ##[endgroup]
2026-10-09T01:41:12.5126431Z Syncing repository: hiroshitanaka-creator/RPG-maker
2026-10-09T01:41:12.5128703Z ##[group]Getting Git version info
2026-10-09T01:41:12.5129479Z Working directory is '/home/runner/work/RPG-maker/RPG-maker'
2026-10-09T01:41:12.5135334Z [command]/usr/bin/git version
2026-10-09T01:41:12.5272204Z git version 2.55.0
2026-10-09T01:41:12.5296146Z ##[endgroup]
2026-10-09T01:41:12.5315523Z Temporarily overriding HOME='/home/runner/work/_temp/ecde43ac-b8d3-4cd7-9c52-d5c99fde7303' before making global git config changes
2026-10-09T01:41:12.5317830Z Adding repository directory to the temporary git global config as a safe directory
2026-10-09T01:41:12.5321717Z [command]/usr/bin/git config --global --add safe.directory /home/runner/work/RPG-maker/RPG-maker
2026-10-09T01:41:12.5382020Z Deleting the contents of '/home/runner/work/RPG-maker/RPG-maker'
2026-10-09T01:41:12.5388902Z ##[group]Initializing the repository
2026-10-09T01:41:12.5395020Z [command]/usr/bin/git init /home/runner/work/RPG-maker/RPG-maker
2026-10-09T01:41:12.5523494Z hint: Using 'master' as the name for the initial branch. This default branch name
2026-10-09T01:41:12.5525501Z hint: will change to "main" in Git 3.0. To configure the initial branch name
2026-10-09T01:41:12.5526758Z hint: to use in all of your new repositories, which will suppress this warning,
2026-10-09T01:41:12.5527756Z hint: call:
2026-10-09T01:41:12.5528645Z hint:
2026-10-09T01:41:12.5529645Z hint: 	git config --global init.defaultBranch <name>
2026-10-09T01:41:12.5530596Z hint:
2026-10-09T01:41:12.5531593Z hint: Names commonly chosen instead of 'master' are 'main', 'trunk' and
2026-10-09T01:41:12.5533387Z hint: 'development'. The just-created branch can be renamed via this command:
2026-10-09T01:41:12.5534816Z hint:
2026-10-09T01:41:12.5535684Z hint: 	git branch -m <name>
2026-10-09T01:41:12.5536739Z hint:
2026-10-09T01:41:12.5537976Z hint: Disable this message with "git config set advice.defaultBranchName false"
2026-10-09T01:41:12.5540115Z Initialized empty Git repository in /home/runner/work/RPG-maker/RPG-maker/.git/
2026-10-09T01:41:12.5559765Z [command]/usr/bin/git remote add origin https://github.com/hiroshitanaka-creator/RPG-maker
2026-10-09T01:41:12.5634378Z ##[endgroup]
2026-10-09T01:41:12.5635980Z ##[group]Disabling automatic garbage collection
2026-10-09T01:41:12.5637277Z [command]/usr/bin/git config --local gc.auto 0
2026-10-09T01:41:12.5669980Z ##[endgroup]
2026-10-09T01:41:12.5671453Z ##[group]Setting up auth
2026-10-09T01:41:12.5681687Z [command]/usr/bin/git config --local --name-only --get-regexp core\.sshCommand
2026-10-09T01:41:12.5736974Z [command]/usr/bin/git submodule foreach --recursive sh -c "git config --local --name-only --get-regexp 'core\.sshCommand' && git config --local --unset-all 'core.sshCommand' || :"
2026-10-09T01:41:12.6238424Z [command]/usr/bin/git config --local --name-only --get-regexp http\.https\:\/\/github\.com\/\.extraheader
2026-10-09T01:41:12.6277484Z [command]/usr/bin/git submodule foreach --recursive sh -c "git config --local --name-only --get-regexp 'http\.https\:\/\/github\.com\/\.extraheader' && git config --local --unset-all 'http.https://github.com/.extraheader' || :"
2026-10-09T01:41:12.6515838Z [command]/usr/bin/git config --local --name-only --get-regexp ^includeIf\.gitdir:
2026-10-09T01:41:12.6565830Z [command]/usr/bin/git submodule foreach --recursive git config --local --show-origin --name-only --get-regexp remote.origin.url
2026-10-09T01:41:12.6798804Z [command]/usr/bin/git config --local http.https://github.com/.extraheader AUTHORIZATION: basic ***
2026-10-09T01:41:12.6843952Z ##[endgroup]
2026-10-09T01:41:12.6854726Z ##[group]Fetching the repository
2026-10-09T01:41:12.6857107Z [command]/usr/bin/git -c protocol.version=2 fetch --no-tags --prune --no-recurse-submodules --depth=1 origin e003b126de6695fa131e07a3db14c3011fb74f2e
2026-10-09T01:41:32.7538624Z From https://github.com/hiroshitanaka-creator/RPG-maker
2026-10-09T01:41:32.7539770Z  * branch            e003b126de6695fa131e07a3db14c3011fb74f2e -> FETCH_HEAD
2026-10-09T01:41:32.7543432Z ##[endgroup]
2026-10-09T01:41:32.7544192Z ##[group]Determining the checkout info
2026-10-09T01:41:32.7545975Z ##[endgroup]
2026-10-09T01:41:32.7552843Z [command]/usr/bin/git sparse-checkout disable
2026-10-09T01:41:32.7611852Z [command]/usr/bin/git config --local --unset-all extensions.worktreeConfig
2026-10-09T01:41:32.7654548Z ##[group]Checking out the ref
2026-10-09T01:41:32.7655298Z [command]/usr/bin/git checkout --progress --force e003b126de6695fa131e07a3db14c3011fb74f2e
2026-10-09T01:41:33.7956744Z Updating files:  18% (1390/7713)
2026-10-09T01:41:33.8023925Z Updating files:  19% (1466/7713)
2026-10-09T01:41:33.8062568Z Updating files:  20% (1543/7713)
2026-10-09T01:41:33.8157931Z Updating files:  21% (1620/7713)
2026-10-09T01:41:33.8200097Z Updating files:  22% (1697/7713)
2026-10-09T01:41:33.8345860Z Updating files:  23% (1774/7713)
2026-10-09T01:41:33.8652688Z Updating files:  24% (1852/7713)
2026-10-09T01:41:33.8718575Z Updating files:  25% (1929/7713)
2026-10-09T01:41:33.9250105Z Updating files:  26% (2006/7713)
2026-10-09T01:41:33.9308562Z Updating files:  27% (2083/7713)
2026-10-09T01:41:33.9594225Z Updating files:  28% (2160/7713)
2026-10-09T01:41:34.0229899Z Updating files:  29% (2237/7713)
2026-10-09T01:41:34.0681730Z Updating files:  30% (2314/7713)
2026-10-09T01:41:34.0971208Z Updating files:  31% (2392/7713)
2026-10-09T01:41:34.1453170Z Updating files:  32% (2469/7713)
2026-10-09T01:41:34.2539268Z Updating files:  33% (2546/7713)
2026-10-09T01:41:34.2588828Z Updating files:  34% (2623/7713)
2026-10-09T01:41:34.2614968Z Updating files:  35% (2700/7713)
2026-10-09T01:41:34.2645528Z Updating files:  36% (2777/7713)
2026-10-09T01:41:34.2679949Z Updating files:  37% (2854/7713)
2026-10-09T01:41:34.2707845Z Updating files:  38% (2931/7713)
2026-10-09T01:41:34.2739420Z Updating files:  39% (3009/7713)
2026-10-09T01:41:34.2768101Z Updating files:  40% (3086/7713)
2026-10-09T01:41:34.3699741Z Updating files:  41% (3163/7713)
2026-10-09T01:41:34.3738780Z Updating files:  42% (3240/7713)
2026-10-09T01:41:34.3782022Z Updating files:  43% (3317/7713)
2026-10-09T01:41:34.3837646Z Updating files:  44% (3394/7713)
2026-10-09T01:41:34.6020769Z Updating files:  45% (3471/7713)
2026-10-09T01:41:34.6047619Z Updating files:  46% (3548/7713)
2026-10-09T01:41:34.6080101Z Updating files:  47% (3626/7713)
2026-10-09T01:41:34.6113426Z Updating files:  48% (3703/7713)
2026-10-09T01:41:34.6143377Z Updating files:  49% (3780/7713)
2026-10-09T01:41:34.6184593Z Updating files:  50% (3857/7713)
2026-10-09T01:41:34.6211577Z Updating files:  51% (3934/7713)
2026-10-09T01:41:34.6243807Z Updating files:  52% (4011/7713)
2026-10-09T01:41:34.6273990Z Updating files:  53% (4088/7713)
2026-10-09T01:41:34.6303117Z Updating files:  54% (4166/7713)
2026-10-09T01:41:34.6447347Z Updating files:  55% (4243/7713)
2026-10-09T01:41:34.6514088Z Updating files:  56% (4320/7713)
2026-10-09T01:41:34.6554926Z Updating files:  57% (4397/7713)
2026-10-09T01:41:34.6595288Z Updating files:  58% (4474/7713)
2026-10-09T01:41:34.6635355Z Updating files:  59% (4551/7713)
2026-10-09T01:41:34.6678398Z Updating files:  60% (4628/7713)
2026-10-09T01:41:34.7064054Z Updating files:  61% (4705/7713)
2026-10-09T01:41:34.7440033Z Updating files:  62% (4783/7713)
2026-10-09T01:41:34.7784575Z Updating files:  63% (4860/7713)
2026-10-09T01:41:34.7899137Z Updating files:  63% (4925/7713)
2026-10-09T01:41:34.8085990Z Updating files:  64% (4937/7713)
2026-10-09T01:41:34.8463687Z Updating files:  65% (5014/7713)
2026-10-09T01:41:34.9438215Z Updating files:  66% (5091/7713)
2026-10-09T01:41:35.0962943Z Updating files:  67% (5168/7713)
2026-10-09T01:41:35.2167247Z Updating files:  68% (5245/7713)
2026-10-09T01:41:35.2349669Z Updating files:  69% (5322/7713)
2026-10-09T01:41:35.3120696Z Updating files:  70% (5400/7713)
2026-10-09T01:41:35.3427471Z Updating files:  71% (5477/7713)
2026-10-09T01:41:35.3932992Z Updating files:  72% (5554/7713)
2026-10-09T01:41:35.4619736Z Updating files:  73% (5631/7713)
2026-10-09T01:41:35.5168827Z Updating files:  74% (5708/7713)
2026-10-09T01:41:35.5576456Z Updating files:  75% (5785/7713)
2026-10-09T01:41:35.5932975Z Updating files:  76% (5862/7713)
2026-10-09T01:41:35.6303604Z Updating files:  77% (5940/7713)
2026-10-09T01:41:35.6596169Z Updating files:  78% (6017/7713)
2026-10-09T01:41:35.6892161Z Updating files:  79% (6094/7713)
2026-10-09T01:41:35.6950161Z Updating files:  80% (6171/7713)
2026-10-09T01:41:35.7255625Z Updating files:  81% (6248/7713)
2026-10-09T01:41:35.7385712Z Updating files:  82% (6325/7713)
2026-10-09T01:41:35.7775801Z Updating files:  83% (6402/7713)
2026-10-09T01:41:35.7792849Z Updating files:  83% (6476/7713)
2026-10-09T01:41:35.7949861Z Updating files:  84% (6479/7713)
2026-10-09T01:41:35.7977003Z Updating files:  85% (6557/7713)
2026-10-09T01:41:35.8253788Z Updating files:  86% (6634/7713)
2026-10-09T01:41:35.8379610Z Updating files:  87% (6711/7713)
2026-10-09T01:41:35.8422645Z Updating files:  88% (6788/7713)
2026-10-09T01:41:35.8534715Z Updating files:  89% (6865/7713)
2026-10-09T01:41:35.8659693Z Updating files:  90% (6942/7713)
2026-10-09T01:41:35.8767541Z Updating files:  91% (7019/7713)
2026-10-09T01:41:35.8811525Z Updating files:  92% (7096/7713)
2026-10-09T01:41:35.8852497Z Updating files:  93% (7174/7713)
2026-10-09T01:41:35.8900380Z Updating files:  94% (7251/7713)
2026-10-09T01:41:35.8947212Z Updating files:  95% (7328/7713)
2026-10-09T01:41:35.8987999Z Updating files:  96% (7405/7713)
2026-10-09T01:41:35.9035635Z Updating files:  97% (7482/7713)
2026-10-09T01:41:35.9086747Z Updating files:  98% (7559/7713)
2026-10-09T01:41:35.9175376Z Updating files:  99% (7636/7713)
2026-10-09T01:41:35.9176072Z Updating files: 100% (7713/7713)
2026-10-09T01:41:35.9176522Z Updating files: 100% (7713/7713), done.
2026-10-09T01:41:35.9259702Z Note: switching to 'e003b126de6695fa131e07a3db14c3011fb74f2e'.
2026-10-09T01:41:35.9260297Z 
2026-10-09T01:41:35.9260788Z You are in 'detached HEAD' state. You can look around, make experimental
2026-10-09T01:41:35.9261804Z changes and commit them, and you can discard any commits you make in this
2026-10-09T01:41:35.9262386Z state without impacting any branches by switching back to a branch.
2026-10-09T01:41:35.9262721Z 
2026-10-09T01:41:35.9262938Z If you want to create a new branch to retain commits you create, you may
2026-10-09T01:41:35.9332255Z do so (now or later) by using -c with the switch command. Example:
2026-10-09T01:41:35.9332699Z 
2026-10-09T01:41:35.9332918Z   git switch -c <new-branch-name>
2026-10-09T01:41:35.9333246Z 
2026-10-09T01:41:35.9333446Z Or undo this operation with:
2026-10-09T01:41:35.9333739Z 
2026-10-09T01:41:35.9333916Z   git switch -
2026-10-09T01:41:35.9334166Z 
2026-10-09T01:41:35.9334535Z Turn off this advice by setting config variable advice.detachedHead to false
2026-10-09T01:41:35.9334996Z 
2026-10-09T01:41:35.9335727Z HEAD is now at e003b12 053 停止地点通知を閉じたJSONのrenameで公開
2026-10-09T01:41:35.9431613Z ##[endgroup]
2026-10-09T01:41:35.9495440Z [command]/usr/bin/git log -1 --format=%H
2026-10-09T01:41:35.9532858Z e003b126de6695fa131e07a3db14c3011fb74f2e
2026-10-09T01:41:35.9789654Z ##[group]Run actions/setup-python@v5
2026-10-09T01:41:35.9789962Z with:
2026-10-09T01:41:35.9790164Z   python-version: 3.12
2026-10-09T01:41:35.9790397Z   check-latest: false
2026-10-09T01:41:35.9793133Z   token: ***
2026-10-09T01:41:35.9793366Z   update-environment: true
2026-10-09T01:41:35.9793617Z   allow-prereleases: false
2026-10-09T01:41:35.9793848Z   freethreaded: false
2026-10-09T01:41:35.9794058Z env:
2026-10-09T01:41:35.9794246Z   GODOT_VERSION: 4.7.2-stable
2026-10-09T01:41:35.9794639Z   GODOT_LINUX_SHA256: cadd3204e728a35d3f13adb7fd0d7902636b79f6b95c40c265eb73b6c35329e4
2026-10-09T01:41:35.9795067Z ##[endgroup]
2026-10-09T01:41:36.1217030Z ##[group]Installed versions
2026-10-09T01:41:36.1319719Z (node:2311) [DEP0040] DeprecationWarning: The `punycode` module is deprecated. Please use a userland alternative instead.
2026-10-09T01:41:36.1320777Z (Use `node --trace-deprecation ...` to show where the warning was created)
2026-10-09T01:41:36.1321566Z Successfully set up CPython (3.12.15)
2026-10-09T01:41:36.1322493Z ##[endgroup]
2026-10-09T01:41:36.1509727Z ##[group]Run git fetch --no-tags --depth=1 origin \
2026-10-09T01:41:36.1510238Z [36;1mgit fetch --no-tags --depth=1 origin \[0m
2026-10-09T01:41:36.1510605Z [36;1m  e2c28474b55bd3a9e3dee00be768661ba87e09c4 \[0m
2026-10-09T01:41:36.1510972Z [36;1m  e003b126de6695fa131e07a3db14c3011fb74f2e[0m
2026-10-09T01:41:36.1876611Z shell: /usr/bin/bash -e {0}
2026-10-09T01:41:36.1876984Z env:
2026-10-09T01:41:36.1877252Z   GODOT_VERSION: 4.7.2-stable
2026-10-09T01:41:36.1877804Z   GODOT_LINUX_SHA256: cadd3204e728a35d3f13adb7fd0d7902636b79f6b95c40c265eb73b6c35329e4
2026-10-09T01:41:36.1878851Z   pythonLocation: /opt/hostedtoolcache/Python/3.12.15/x64
2026-10-09T01:41:36.1879448Z   PKG_CONFIG_PATH: /opt/hostedtoolcache/Python/3.12.15/x64/lib/pkgconfig
2026-10-09T01:41:36.1880357Z   Python_ROOT_DIR: /opt/hostedtoolcache/Python/3.12.15/x64
2026-10-09T01:41:36.1880865Z   Python2_ROOT_DIR: /opt/hostedtoolcache/Python/3.12.15/x64
2026-10-09T01:41:36.1881435Z   Python3_ROOT_DIR: /opt/hostedtoolcache/Python/3.12.15/x64
2026-10-09T01:41:36.1881950Z   LD_LIBRARY_PATH: /opt/hostedtoolcache/Python/3.12.15/x64/lib
2026-10-09T01:41:36.1882380Z ##[endgroup]
2026-10-09T01:41:56.7186447Z From https://github.com/hiroshitanaka-creator/RPG-maker
2026-10-09T01:41:56.7189722Z  * branch            e2c28474b55bd3a9e3dee00be768661ba87e09c4 -> FETCH_HEAD
2026-10-09T01:41:56.7190909Z  * branch            e003b126de6695fa131e07a3db14c3011fb74f2e -> FETCH_HEAD
2026-10-09T01:41:56.7239748Z ##[group]Run curl -fL -o "$RUNNER_TEMP/transaction-godot.zip" "https://github.com/godotengine/godot-builds/releases/download/${GODOT_VERSION}/Godot_v${GODOT_VERSION}_linux.x86_64.zip"
2026-10-09T01:41:56.7241158Z [36;1mcurl -fL -o "$RUNNER_TEMP/transaction-godot.zip" "https://github.com/godotengine/godot-builds/releases/download/${GODOT_VERSION}/Godot_v${GODOT_VERSION}_linux.x86_64.zip"[0m
2026-10-09T01:41:56.7242124Z [36;1mecho "${GODOT_LINUX_SHA256}  $RUNNER_TEMP/transaction-godot.zip" | sha256sum --check[0m
2026-10-09T01:41:56.7242746Z [36;1munzip -q "$RUNNER_TEMP/transaction-godot.zip" -d "$RUNNER_TEMP/transaction-bin"[0m
2026-10-09T01:41:56.7243434Z [36;1mmv "$RUNNER_TEMP/transaction-bin/Godot_v${GODOT_VERSION}_linux.x86_64" "$RUNNER_TEMP/transaction-bin/godot"[0m
2026-10-09T01:41:56.7243997Z [36;1mchmod +x "$RUNNER_TEMP/transaction-bin/godot"[0m
2026-10-09T01:41:56.7312695Z shell: /usr/bin/bash -e {0}
2026-10-09T01:41:56.7312975Z env:
2026-10-09T01:41:56.7313243Z   GODOT_VERSION: 4.7.2-stable
2026-10-09T01:41:56.7313698Z   GODOT_LINUX_SHA256: cadd3204e728a35d3f13adb7fd0d7902636b79f6b95c40c265eb73b6c35329e4
2026-10-09T01:41:56.7314264Z   pythonLocation: /opt/hostedtoolcache/Python/3.12.15/x64
2026-10-09T01:41:56.7314742Z   PKG_CONFIG_PATH: /opt/hostedtoolcache/Python/3.12.15/x64/lib/pkgconfig
2026-10-09T01:41:56.7315231Z   Python_ROOT_DIR: /opt/hostedtoolcache/Python/3.12.15/x64
2026-10-09T01:41:56.7315656Z   Python2_ROOT_DIR: /opt/hostedtoolcache/Python/3.12.15/x64
2026-10-09T01:41:56.7316092Z   Python3_ROOT_DIR: /opt/hostedtoolcache/Python/3.12.15/x64
2026-10-09T01:41:56.7316546Z   LD_LIBRARY_PATH: /opt/hostedtoolcache/Python/3.12.15/x64/lib
2026-10-09T01:41:56.7316912Z ##[endgroup]
2026-10-09T01:41:56.7503244Z   % Total    % Received % Xferd  Average Speed   Time    Time     Time  Current
2026-10-09T01:41:56.7504113Z                                  Dload  Upload   Total   Spent    Left  Speed
2026-10-09T01:41:56.7504676Z 
2026-10-09T01:41:56.8260572Z   0     0    0     0    0     0      0      0 --:--:-- --:--:-- --:--:--     0
2026-10-09T01:41:56.8261331Z   0     0    0     0    0     0      0      0 --:--:-- --:--:-- --:--:--     0
2026-10-09T01:41:57.0296357Z 
2026-10-09T01:41:57.1701156Z  53 74.2M   53 39.6M    0     0   141M      0 --:--:-- --:--:-- --:--:--  141M
2026-10-09T01:41:57.1701886Z 100 74.2M  100 74.2M    0     0   176M      0 --:--:-- --:--:-- --:--:--  247M
2026-10-09T01:41:57.2333469Z /home/runner/work/_temp/transaction-godot.zip: OK
2026-10-09T01:41:58.2265963Z ##[group]Run python tools/fixtures/equipment-save-transaction/run_ci.py \
2026-10-09T01:41:58.2266544Z [36;1mpython tools/fixtures/equipment-save-transaction/run_ci.py \[0m
2026-10-09T01:41:58.2267022Z [36;1m  --profile "fixed053" --source-sha "$(git rev-parse HEAD)" \[0m
2026-10-09T01:41:58.2267474Z [36;1m  --fixed-sha e003b126de6695fa131e07a3db14c3011fb74f2e \[0m
2026-10-09T01:41:58.2267877Z [36;1m  --godot "$RUNNER_TEMP/transaction-bin/godot" \[0m
2026-10-09T01:41:58.2268677Z [36;1m  --output "$RUNNER_TEMP/equipment-transaction-evidence/results"[0m
2026-10-09T01:41:58.2332049Z shell: /usr/bin/bash -e {0}
2026-10-09T01:41:58.2332308Z env:
2026-10-09T01:41:58.2332512Z   GODOT_VERSION: 4.7.2-stable
2026-10-09T01:41:58.2332920Z   GODOT_LINUX_SHA256: cadd3204e728a35d3f13adb7fd0d7902636b79f6b95c40c265eb73b6c35329e4
2026-10-09T01:41:58.2333630Z   pythonLocation: /opt/hostedtoolcache/Python/3.12.15/x64
2026-10-09T01:41:58.2334109Z   PKG_CONFIG_PATH: /opt/hostedtoolcache/Python/3.12.15/x64/lib/pkgconfig
2026-10-09T01:41:58.2334536Z   Python_ROOT_DIR: /opt/hostedtoolcache/Python/3.12.15/x64
2026-10-09T01:41:58.2334915Z   Python2_ROOT_DIR: /opt/hostedtoolcache/Python/3.12.15/x64
2026-10-09T01:41:58.2335292Z   Python3_ROOT_DIR: /opt/hostedtoolcache/Python/3.12.15/x64
2026-10-09T01:41:58.2335677Z   LD_LIBRARY_PATH: /opt/hostedtoolcache/Python/3.12.15/x64/lib
2026-10-09T01:41:58.2336002Z ##[endgroup]
2026-10-09T01:45:20.1981478Z TRANSACTION_CI_PASS: source=e003b126de6695fa131e07a3db14c3011fb74f2e cases=172 checks=2178 propagation=14 scope=2
2026-10-09T01:45:20.2091509Z ##[group]Run python tools/check_frozen_files.py
2026-10-09T01:45:20.2091927Z [36;1mpython tools/check_frozen_files.py[0m
2026-10-09T01:45:20.2158151Z shell: /usr/bin/bash -e {0}
2026-10-09T01:45:20.2158715Z env:
2026-10-09T01:45:20.2158925Z   GODOT_VERSION: 4.7.2-stable
2026-10-09T01:45:20.2159346Z   GODOT_LINUX_SHA256: cadd3204e728a35d3f13adb7fd0d7902636b79f6b95c40c265eb73b6c35329e4
2026-10-09T01:45:20.2159882Z   pythonLocation: /opt/hostedtoolcache/Python/3.12.15/x64
2026-10-09T01:45:20.2160342Z   PKG_CONFIG_PATH: /opt/hostedtoolcache/Python/3.12.15/x64/lib/pkgconfig
2026-10-09T01:45:20.2160788Z   Python_ROOT_DIR: /opt/hostedtoolcache/Python/3.12.15/x64
2026-10-09T01:45:20.2161192Z   Python2_ROOT_DIR: /opt/hostedtoolcache/Python/3.12.15/x64
2026-10-09T01:45:20.2161597Z   Python3_ROOT_DIR: /opt/hostedtoolcache/Python/3.12.15/x64
2026-10-09T01:45:20.2162019Z   LD_LIBRARY_PATH: /opt/hostedtoolcache/Python/3.12.15/x64/lib
2026-10-09T01:45:20.2162362Z ##[endgroup]
2026-10-09T01:45:20.2561867Z 保護対象26件、一致26件。
2026-10-09T01:45:20.2696869Z ##[group]Run actions/upload-artifact@v4
2026-10-09T01:45:20.2697194Z with:
2026-10-09T01:45:20.2697420Z   name: equipment-transaction-fixed053
2026-10-09T01:45:20.2697804Z   path: /home/runner/work/_temp/equipment-transaction-evidence/
2026-10-09T01:45:20.2698183Z   if-no-files-found: error
2026-10-09T01:45:20.2698784Z   compression-level: 6
2026-10-09T01:45:20.2699010Z   overwrite: false
2026-10-09T01:45:20.2699220Z   include-hidden-files: false
2026-10-09T01:45:20.2699451Z env:
2026-10-09T01:45:20.2699634Z   GODOT_VERSION: 4.7.2-stable
2026-10-09T01:45:20.2700020Z   GODOT_LINUX_SHA256: cadd3204e728a35d3f13adb7fd0d7902636b79f6b95c40c265eb73b6c35329e4
2026-10-09T01:45:20.2700529Z   pythonLocation: /opt/hostedtoolcache/Python/3.12.15/x64
2026-10-09T01:45:20.2700971Z   PKG_CONFIG_PATH: /opt/hostedtoolcache/Python/3.12.15/x64/lib/pkgconfig
2026-10-09T01:45:20.2701388Z   Python_ROOT_DIR: /opt/hostedtoolcache/Python/3.12.15/x64
2026-10-09T01:45:20.2701802Z   Python2_ROOT_DIR: /opt/hostedtoolcache/Python/3.12.15/x64
2026-10-09T01:45:20.2702186Z   Python3_ROOT_DIR: /opt/hostedtoolcache/Python/3.12.15/x64
2026-10-09T01:45:20.2702563Z   LD_LIBRARY_PATH: /opt/hostedtoolcache/Python/3.12.15/x64/lib
2026-10-09T01:45:20.2702886Z ##[endgroup]
2026-10-09T01:45:20.4443472Z (node:9168) [DEP0040] DeprecationWarning: The `punycode` module is deprecated. Please use a userland alternative instead.
2026-10-09T01:45:20.4444776Z (Use `node --trace-deprecation ...` to show where the warning was created)
2026-10-09T01:45:34.8650646Z With the provided path, there will be 70063 files uploaded
2026-10-09T01:45:34.8655165Z Artifact name is valid!
2026-10-09T01:45:34.8655808Z Root directory input is valid!
2026-10-09T01:45:35.9041505Z Beginning upload of artifact content to blob storage
2026-10-09T01:45:42.4523903Z (node:9168) [DEP0169] DeprecationWarning: `url.parse()` behavior is not standardized and prone to errors that have security implications. Use the WHATWG URL API instead. CVEs are not issued for `url.parse()` vulnerabilities.
2026-10-09T01:45:43.3985721Z Uploaded bytes 8388608
2026-10-09T01:45:51.1569443Z Uploaded bytes 16777216
2026-10-09T01:45:58.5623335Z Uploaded bytes 25165824
2026-10-09T01:46:04.9969748Z Uploaded bytes 33554432
2026-10-09T01:46:11.1025017Z Uploaded bytes 41943040
2026-10-09T01:46:16.6563904Z Uploaded bytes 50331648
2026-10-09T01:46:20.2241004Z Uploaded bytes 58720256
2026-10-09T01:46:20.4130507Z Uploaded bytes 64785821
2026-10-09T01:46:20.4870246Z Finished uploading artifact content to blob storage!
2026-10-09T01:46:20.4873551Z SHA256 digest of uploaded artifact zip is 483d70978db6038c47162e8f7afcae52625491875a47e8fbf94b3e4d772ad7b3
2026-10-09T01:46:20.4876058Z Finalizing artifact upload
2026-10-09T01:46:20.8947954Z Artifact equipment-transaction-fixed053.zip successfully finalized. Artifact ID 11590841493
2026-10-09T01:46:20.8949587Z Artifact equipment-transaction-fixed053 has been successfully uploaded! Final size is 64785821 bytes. Artifact ID is 11590841493
2026-10-09T01:46:20.8958002Z Artifact download URL: https://github.com/hiroshitanaka-creator/RPG-maker/actions/runs/37869884334/artifacts/11590841493
2026-10-09T01:46:20.9920829Z Post job cleanup.
2026-10-09T01:46:21.1185906Z (node:9225) [DEP0040] DeprecationWarning: The `punycode` module is deprecated. Please use a userland alternative instead.
2026-10-09T01:46:21.1186854Z (Use `node --trace-deprecation ...` to show where the warning was created)
2026-10-09T01:46:21.1362802Z Post job cleanup.
2026-10-09T01:46:21.2423770Z [command]/usr/bin/git version
2026-10-09T01:46:21.2499633Z git version 2.55.0
2026-10-09T01:46:21.2532772Z Temporarily overriding HOME='/home/runner/work/_temp/4e59a954-b3de-464b-a7b3-86f011883a9a' before making global git config changes
2026-10-09T01:46:21.2534662Z Adding repository directory to the temporary git global config as a safe directory
2026-10-09T01:46:21.2559627Z [command]/usr/bin/git config --global --add safe.directory /home/runner/work/RPG-maker/RPG-maker
2026-10-09T01:46:21.2583345Z [command]/usr/bin/git config --local --name-only --get-regexp core\.sshCommand
2026-10-09T01:46:21.2629050Z [command]/usr/bin/git submodule foreach --recursive sh -c "git config --local --name-only --get-regexp 'core\.sshCommand' && git config --local --unset-all 'core.sshCommand' || :"
2026-10-09T01:46:21.2929069Z [command]/usr/bin/git config --local --name-only --get-regexp http\.https\:\/\/github\.com\/\.extraheader
2026-10-09T01:46:21.2964710Z http.https://github.com/.extraheader
2026-10-09T01:46:21.2982833Z [command]/usr/bin/git config --local --unset-all http.https://github.com/.extraheader
2026-10-09T01:46:21.3027222Z [command]/usr/bin/git submodule foreach --recursive sh -c "git config --local --name-only --get-regexp 'http\.https\:\/\/github\.com\/\.extraheader' && git config --local --unset-all 'http.https://github.com/.extraheader' || :"
2026-10-09T01:46:21.3325190Z [command]/usr/bin/git config --local --name-only --get-regexp ^includeIf\.gitdir:
2026-10-09T01:46:21.3384529Z [command]/usr/bin/git submodule foreach --recursive git config --local --show-origin --name-only --get-regexp remote.origin.url
2026-10-09T01:46:21.3851708Z Cleaning up orphan processes
2026-10-09T01:46:21.4181659Z ##[warning]Node.js 20 is deprecated. The following actions target Node.js 20 but are being forced to run on Node.js 24: actions/checkout@v4, actions/setup-python@v5, actions/upload-artifact@v4. For more information see: https://github.blog/changelog/2025-09-19-deprecation-of-node-20-on-github-actions-runners/
