2026-10-09T01:44:05.6746926Z Current runner version: '2.337.0'
2026-10-09T01:44:05.6773755Z ##[group]Runner Image Provisioner
2026-10-09T01:44:05.6775069Z Hosted Compute Agent
2026-10-09T01:44:05.6775745Z Version: 20261002.596
2026-10-09T01:44:05.6776441Z Commit: c3d12f3313a95f25162a1503be624f3b0617f8c0
2026-10-09T01:44:05.6777181Z Build Date: 2026-10-02T22:28:27Z
2026-10-09T01:44:05.6777890Z Worker ID: {6524c18b-0802-4431-801e-4c8ef4e21a9e}
2026-10-09T01:44:05.6778680Z Region: eastus
2026-10-09T01:44:05.6779241Z Cloud: Azure
2026-10-09T01:44:05.6779807Z ##[endgroup]
2026-10-09T01:44:05.6781858Z ##[group]Operating System
2026-10-09T01:44:05.6782627Z Ubuntu
2026-10-09T01:44:05.6783321Z 24.04.5
2026-10-09T01:44:05.6783885Z LTS
2026-10-09T01:44:05.6784454Z ##[endgroup]
2026-10-09T01:44:05.6785082Z ##[group]Runner Image
2026-10-09T01:44:05.6785741Z Image: ubuntu-24.04
2026-10-09T01:44:05.6786426Z Version: 20261004.327.1
2026-10-09T01:44:05.6787818Z Included Software: https://github.com/actions/runner-images/blob/ubuntu24/20261004.327/images/ubuntu/Ubuntu2404-Readme.md
2026-10-09T01:44:05.6789677Z Image Release: https://github.com/actions/runner-images/releases/tag/ubuntu24%2F20261004.327
2026-10-09T01:44:05.6790669Z ##[endgroup]
2026-10-09T01:44:05.6792054Z ##[group]GITHUB_TOKEN Permissions
2026-10-09T01:44:05.6794200Z Contents: read
2026-10-09T01:44:05.6794911Z Metadata: read
2026-10-09T01:44:05.6795545Z ##[endgroup]
2026-10-09T01:44:05.6797631Z Secret source: Actions
2026-10-09T01:44:05.6798788Z Cache mode: write
2026-10-09T01:44:05.6799503Z Prepare workflow directory
2026-10-09T01:44:05.7198688Z Prepare all required actions
2026-10-09T01:44:05.7247388Z Getting action download info
2026-10-09T01:44:05.9540597Z Download action repository 'actions/checkout@v4' (SHA:11d5960a326750d5838078e36cf38b85af677262)
2026-10-09T01:44:06.0619989Z Download action repository 'actions/setup-python@v5' (SHA:a26af69be951a213d495a4c3e4e4022e16d87065)
2026-10-09T01:44:06.1482387Z Download action repository 'ilammy/msvc-dev-cmd@v1' (SHA:0b201ec74fa43914dc39ae48a89fd1d8cb592756)
2026-10-09T01:44:06.2940405Z Download action repository 'actions/upload-artifact@v4' (SHA:ea165f8d65b6e75b540449e92b4886f43607fa02)
2026-10-09T01:44:06.5159949Z Complete job name: equipment-native (ubuntu-latest, latest, transaction)
2026-10-09T01:44:06.5995767Z ##[group]Run actions/checkout@v4
2026-10-09T01:44:06.5996662Z with:
2026-10-09T01:44:06.5997149Z   ref: 4f1e6129cea612da657ae389a8e59db217581394
2026-10-09T01:44:06.5997834Z   repository: hiroshitanaka-creator/RPG-maker
2026-10-09T01:44:06.6001902Z   token: ***
2026-10-09T01:44:06.6002366Z   ssh-strict: true
2026-10-09T01:44:06.6002811Z   ssh-user: git
2026-10-09T01:44:06.6003267Z   persist-credentials: true
2026-10-09T01:44:06.6003766Z   clean: true
2026-10-09T01:44:06.6004222Z   sparse-checkout-cone-mode: true
2026-10-09T01:44:06.6004755Z   fetch-depth: 1
2026-10-09T01:44:06.6005194Z   fetch-tags: false
2026-10-09T01:44:06.6005648Z   show-progress: true
2026-10-09T01:44:06.6006101Z   lfs: false
2026-10-09T01:44:06.6006515Z   submodules: false
2026-10-09T01:44:06.6007041Z   set-safe-directory: true
2026-10-09T01:44:06.6007558Z   allow-unsafe-pr-checkout: false
2026-10-09T01:44:06.6008346Z env:
2026-10-09T01:44:06.6008784Z   GODOT_VERSION: 4.7.2-stable
2026-10-09T01:44:06.6009318Z   PYTHONUTF8: 1
2026-10-09T01:44:06.6009765Z   GIT_CONFIG_COUNT: 1
2026-10-09T01:44:06.6010245Z   GIT_CONFIG_KEY_0: core.autocrlf
2026-10-09T01:44:06.6010775Z   GIT_CONFIG_VALUE_0: false
2026-10-09T01:44:06.6011256Z ##[endgroup]
2026-10-09T01:44:06.7130170Z Syncing repository: hiroshitanaka-creator/RPG-maker
2026-10-09T01:44:06.7132705Z ##[group]Getting Git version info
2026-10-09T01:44:06.7133517Z Working directory is '/home/runner/work/RPG-maker/RPG-maker'
2026-10-09T01:44:06.7134616Z [command]/usr/bin/git version
2026-10-09T01:44:06.7289060Z git version 2.55.0
2026-10-09T01:44:06.7327587Z ##[endgroup]
2026-10-09T01:44:06.7344395Z Temporarily overriding HOME='/home/runner/work/_temp/92195d49-f6a8-4c57-a383-02f8dd19650f' before making global git config changes
2026-10-09T01:44:06.7347348Z Adding repository directory to the temporary git global config as a safe directory
2026-10-09T01:44:06.7350344Z [command]/usr/bin/git config --global --add safe.directory /home/runner/work/RPG-maker/RPG-maker
2026-10-09T01:44:06.7416195Z Deleting the contents of '/home/runner/work/RPG-maker/RPG-maker'
2026-10-09T01:44:06.7420472Z ##[group]Initializing the repository
2026-10-09T01:44:06.7425233Z [command]/usr/bin/git init /home/runner/work/RPG-maker/RPG-maker
2026-10-09T01:44:06.7565146Z hint: Using 'master' as the name for the initial branch. This default branch name
2026-10-09T01:44:06.7581161Z hint: will change to "main" in Git 3.0. To configure the initial branch name
2026-10-09T01:44:06.7583038Z hint: to use in all of your new repositories, which will suppress this warning,
2026-10-09T01:44:06.7584148Z hint: call:
2026-10-09T01:44:06.7584926Z hint:
2026-10-09T01:44:06.7585786Z hint: 	git config --global init.defaultBranch <name>
2026-10-09T01:44:06.7586478Z hint:
2026-10-09T01:44:06.7587167Z hint: Names commonly chosen instead of 'master' are 'main', 'trunk' and
2026-10-09T01:44:06.7588136Z hint: 'development'. The just-created branch can be renamed via this command:
2026-10-09T01:44:06.7588899Z hint:
2026-10-09T01:44:06.7589345Z hint: 	git branch -m <name>
2026-10-09T01:44:06.7589843Z hint:
2026-10-09T01:44:06.7590493Z hint: Disable this message with "git config set advice.defaultBranchName false"
2026-10-09T01:44:06.7591828Z Initialized empty Git repository in /home/runner/work/RPG-maker/RPG-maker/.git/
2026-10-09T01:44:06.7595086Z [command]/usr/bin/git remote add origin https://github.com/hiroshitanaka-creator/RPG-maker
2026-10-09T01:44:06.7660111Z ##[endgroup]
2026-10-09T01:44:06.7661396Z ##[group]Disabling automatic garbage collection
2026-10-09T01:44:06.7665973Z [command]/usr/bin/git config --local gc.auto 0
2026-10-09T01:44:06.7700558Z ##[endgroup]
2026-10-09T01:44:06.7701848Z ##[group]Setting up auth
2026-10-09T01:44:06.7710148Z [command]/usr/bin/git config --local --name-only --get-regexp core\.sshCommand
2026-10-09T01:44:06.7748452Z [command]/usr/bin/git submodule foreach --recursive sh -c "git config --local --name-only --get-regexp 'core\.sshCommand' && git config --local --unset-all 'core.sshCommand' || :"
2026-10-09T01:44:06.8194732Z [command]/usr/bin/git config --local --name-only --get-regexp http\.https\:\/\/github\.com\/\.extraheader
2026-10-09T01:44:06.8223010Z [command]/usr/bin/git submodule foreach --recursive sh -c "git config --local --name-only --get-regexp 'http\.https\:\/\/github\.com\/\.extraheader' && git config --local --unset-all 'http.https://github.com/.extraheader' || :"
2026-10-09T01:44:06.8454918Z [command]/usr/bin/git config --local --name-only --get-regexp ^includeIf\.gitdir:
2026-10-09T01:44:06.8492220Z [command]/usr/bin/git submodule foreach --recursive git config --local --show-origin --name-only --get-regexp remote.origin.url
2026-10-09T01:44:06.8804578Z [command]/usr/bin/git config --local http.https://github.com/.extraheader AUTHORIZATION: basic ***
2026-10-09T01:44:06.8815376Z ##[endgroup]
2026-10-09T01:44:06.8817049Z ##[group]Fetching the repository
2026-10-09T01:44:06.8819610Z [command]/usr/bin/git -c protocol.version=2 fetch --no-tags --prune --no-recurse-submodules --depth=1 origin 4f1e6129cea612da657ae389a8e59db217581394
2026-10-09T01:44:23.3168724Z From https://github.com/hiroshitanaka-creator/RPG-maker
2026-10-09T01:44:23.3170303Z  * branch            4f1e6129cea612da657ae389a8e59db217581394 -> FETCH_HEAD
2026-10-09T01:44:23.3174099Z ##[endgroup]
2026-10-09T01:44:23.3175439Z ##[group]Determining the checkout info
2026-10-09T01:44:23.3176842Z ##[endgroup]
2026-10-09T01:44:23.3183002Z [command]/usr/bin/git sparse-checkout disable
2026-10-09T01:44:23.3242791Z [command]/usr/bin/git config --local --unset-all extensions.worktreeConfig
2026-10-09T01:44:23.3278186Z ##[group]Checking out the ref
2026-10-09T01:44:23.3283763Z [command]/usr/bin/git checkout --progress --force 4f1e6129cea612da657ae389a8e59db217581394
2026-10-09T01:44:24.3528104Z Updating files:  17% (1401/7806)
2026-10-09T01:44:24.3699027Z Updating files:  18% (1406/7806)
2026-10-09T01:44:24.3765795Z Updating files:  19% (1484/7806)
2026-10-09T01:44:24.3805599Z Updating files:  20% (1562/7806)
2026-10-09T01:44:24.3905723Z Updating files:  21% (1640/7806)
2026-10-09T01:44:24.3945036Z Updating files:  22% (1718/7806)
2026-10-09T01:44:24.4191812Z Updating files:  23% (1796/7806)
2026-10-09T01:44:24.4410937Z Updating files:  24% (1874/7806)
2026-10-09T01:44:24.4476859Z Updating files:  25% (1952/7806)
2026-10-09T01:44:24.5009901Z Updating files:  26% (2030/7806)
2026-10-09T01:44:24.5070232Z Updating files:  27% (2108/7806)
2026-10-09T01:44:24.5377486Z Updating files:  28% (2186/7806)
2026-10-09T01:44:24.6027167Z Updating files:  29% (2264/7806)
2026-10-09T01:44:24.6496284Z Updating files:  30% (2342/7806)
2026-10-09T01:44:24.6760880Z Updating files:  31% (2420/7806)
2026-10-09T01:44:24.7253774Z Updating files:  32% (2498/7806)
2026-10-09T01:44:24.8188678Z Updating files:  33% (2576/7806)
2026-10-09T01:44:24.8240709Z Updating files:  34% (2655/7806)
2026-10-09T01:44:24.8267128Z Updating files:  35% (2733/7806)
2026-10-09T01:44:24.8297030Z Updating files:  36% (2811/7806)
2026-10-09T01:44:24.8328540Z Updating files:  37% (2889/7806)
2026-10-09T01:44:24.8355191Z Updating files:  38% (2967/7806)
2026-10-09T01:44:24.8384880Z Updating files:  39% (3045/7806)
2026-10-09T01:44:24.8416195Z Updating files:  40% (3123/7806)
2026-10-09T01:44:24.9353411Z Updating files:  41% (3201/7806)
2026-10-09T01:44:24.9382200Z Updating files:  42% (3279/7806)
2026-10-09T01:44:24.9411082Z Updating files:  43% (3357/7806)
2026-10-09T01:44:24.9449027Z Updating files:  44% (3435/7806)
2026-10-09T01:44:25.3769172Z Updating files:  45% (3513/7806)
2026-10-09T01:44:25.3897921Z Updating files:  45% (3581/7806)
2026-10-09T01:44:25.3940805Z Updating files:  46% (3591/7806)
2026-10-09T01:44:25.3971055Z Updating files:  47% (3669/7806)
2026-10-09T01:44:25.4002577Z Updating files:  48% (3747/7806)
2026-10-09T01:44:25.4032533Z Updating files:  49% (3825/7806)
2026-10-09T01:44:25.4076589Z Updating files:  50% (3903/7806)
2026-10-09T01:44:25.4102969Z Updating files:  51% (3982/7806)
2026-10-09T01:44:25.4138656Z Updating files:  52% (4060/7806)
2026-10-09T01:44:25.4170866Z Updating files:  53% (4138/7806)
2026-10-09T01:44:25.4198950Z Updating files:  54% (4216/7806)
2026-10-09T01:44:25.4262687Z Updating files:  55% (4294/7806)
2026-10-09T01:44:25.4407218Z Updating files:  56% (4372/7806)
2026-10-09T01:44:25.4448286Z Updating files:  57% (4450/7806)
2026-10-09T01:44:25.4490473Z Updating files:  58% (4528/7806)
2026-10-09T01:44:25.4538699Z Updating files:  59% (4606/7806)
2026-10-09T01:44:25.4583084Z Updating files:  60% (4684/7806)
2026-10-09T01:44:25.4937934Z Updating files:  61% (4762/7806)
2026-10-09T01:44:25.5326996Z Updating files:  62% (4840/7806)
2026-10-09T01:44:25.5734842Z Updating files:  63% (4918/7806)
2026-10-09T01:44:25.5939586Z Updating files:  64% (4996/7806)
2026-10-09T01:44:25.6315668Z Updating files:  65% (5074/7806)
2026-10-09T01:44:25.7278658Z Updating files:  66% (5152/7806)
2026-10-09T01:44:25.8740571Z Updating files:  67% (5231/7806)
2026-10-09T01:44:25.9923535Z Updating files:  68% (5309/7806)
2026-10-09T01:44:26.0130286Z Updating files:  69% (5387/7806)
2026-10-09T01:44:26.0875550Z Updating files:  70% (5465/7806)
2026-10-09T01:44:26.1224002Z Updating files:  71% (5543/7806)
2026-10-09T01:44:26.1734096Z Updating files:  72% (5621/7806)
2026-10-09T01:44:26.2468862Z Updating files:  73% (5699/7806)
2026-10-09T01:44:26.2982848Z Updating files:  74% (5777/7806)
2026-10-09T01:44:26.3343536Z Updating files:  75% (5855/7806)
2026-10-09T01:44:26.3420074Z Updating files:  76% (5933/7806)
2026-10-09T01:44:26.3690132Z Updating files:  76% (5945/7806)
2026-10-09T01:44:26.4065188Z Updating files:  77% (6011/7806)
2026-10-09T01:44:26.4361116Z Updating files:  78% (6089/7806)
2026-10-09T01:44:26.4593453Z Updating files:  79% (6167/7806)
2026-10-09T01:44:26.4703860Z Updating files:  80% (6245/7806)
2026-10-09T01:44:26.4958126Z Updating files:  81% (6323/7806)
2026-10-09T01:44:26.5150698Z Updating files:  82% (6401/7806)
2026-10-09T01:44:26.5554855Z Updating files:  83% (6479/7806)
2026-10-09T01:44:26.5644689Z Updating files:  84% (6558/7806)
2026-10-09T01:44:26.5677735Z Updating files:  85% (6636/7806)
2026-10-09T01:44:26.6039951Z Updating files:  86% (6714/7806)
2026-10-09T01:44:26.6070974Z Updating files:  87% (6792/7806)
2026-10-09T01:44:26.6134327Z Updating files:  88% (6870/7806)
2026-10-09T01:44:26.6311992Z Updating files:  89% (6948/7806)
2026-10-09T01:44:26.6418655Z Updating files:  90% (7026/7806)
2026-10-09T01:44:26.6466017Z Updating files:  91% (7104/7806)
2026-10-09T01:44:26.6508281Z Updating files:  92% (7182/7806)
2026-10-09T01:44:26.6552936Z Updating files:  93% (7260/7806)
2026-10-09T01:44:26.6595048Z Updating files:  94% (7338/7806)
2026-10-09T01:44:26.6641943Z Updating files:  95% (7416/7806)
2026-10-09T01:44:26.6683806Z Updating files:  96% (7494/7806)
2026-10-09T01:44:26.6728864Z Updating files:  97% (7572/7806)
2026-10-09T01:44:26.6780682Z Updating files:  98% (7650/7806)
2026-10-09T01:44:26.6867640Z Updating files:  99% (7728/7806)
2026-10-09T01:44:26.6868450Z Updating files: 100% (7806/7806)
2026-10-09T01:44:26.6869045Z Updating files: 100% (7806/7806), done.
2026-10-09T01:44:26.6949818Z Note: switching to '4f1e6129cea612da657ae389a8e59db217581394'.
2026-10-09T01:44:26.6950454Z 
2026-10-09T01:44:26.6950891Z You are in 'detached HEAD' state. You can look around, make experimental
2026-10-09T01:44:26.6951909Z changes and commit them, and you can discard any commits you make in this
2026-10-09T01:44:26.6952649Z state without impacting any branches by switching back to a branch.
2026-10-09T01:44:26.6953082Z 
2026-10-09T01:44:26.6953357Z If you want to create a new branch to retain commits you create, you may
2026-10-09T01:44:26.6954029Z do so (now or later) by using -c with the switch command. Example:
2026-10-09T01:44:26.6954351Z 
2026-10-09T01:44:26.6954473Z   git switch -c <new-branch-name>
2026-10-09T01:44:26.6954688Z 
2026-10-09T01:44:26.6954907Z Or undo this operation with:
2026-10-09T01:44:26.6955093Z 
2026-10-09T01:44:26.6955196Z   git switch -
2026-10-09T01:44:26.6955331Z 
2026-10-09T01:44:26.6955837Z Turn off this advice by setting config variable advice.detachedHead to false
2026-10-09T01:44:26.6956219Z 
2026-10-09T01:44:26.6956485Z HEAD is now at 4f1e612 docs: submit task 055 evidence and remaining acceptance gaps
2026-10-09T01:44:26.7106108Z ##[endgroup]
2026-10-09T01:44:26.7163424Z [command]/usr/bin/git log -1 --format=%H
2026-10-09T01:44:26.7193361Z 4f1e6129cea612da657ae389a8e59db217581394
2026-10-09T01:44:26.7458112Z ##[group]Run actions/setup-python@v5
2026-10-09T01:44:26.7458438Z with:
2026-10-09T01:44:26.7458642Z   python-version: 3.12
2026-10-09T01:44:26.7458872Z   check-latest: false
2026-10-09T01:44:26.7461271Z   token: ***
2026-10-09T01:44:26.7461489Z   update-environment: true
2026-10-09T01:44:26.7462042Z   allow-prereleases: false
2026-10-09T01:44:26.7462281Z   freethreaded: false
2026-10-09T01:44:26.7462522Z env:
2026-10-09T01:44:26.7462711Z   GODOT_VERSION: 4.7.2-stable
2026-10-09T01:44:26.7462949Z   PYTHONUTF8: 1
2026-10-09T01:44:26.7463157Z   GIT_CONFIG_COUNT: 1
2026-10-09T01:44:26.7463378Z   GIT_CONFIG_KEY_0: core.autocrlf
2026-10-09T01:44:26.7463631Z   GIT_CONFIG_VALUE_0: false
2026-10-09T01:44:26.7463856Z ##[endgroup]
2026-10-09T01:44:26.8857171Z ##[group]Installed versions
2026-10-09T01:44:26.8963292Z (node:2315) [DEP0040] DeprecationWarning: The `punycode` module is deprecated. Please use a userland alternative instead.
2026-10-09T01:44:26.8964673Z (Use `node --trace-deprecation ...` to show where the warning was created)
2026-10-09T01:44:26.8965445Z Successfully set up CPython (3.12.15)
2026-10-09T01:44:26.8966206Z ##[endgroup]
2026-10-09T01:44:26.9167806Z ##[group]Run git fetch --no-tags --depth=1 origin e003b126de6695fa131e07a3db14c3011fb74f2e b17f2b475ff8c58924720ea24cce8f205422c50b
2026-10-09T01:44:26.9169444Z [36;1mgit fetch --no-tags --depth=1 origin e003b126de6695fa131e07a3db14c3011fb74f2e b17f2b475ff8c58924720ea24cce8f205422c50b[0m
2026-10-09T01:44:26.9507383Z shell: /usr/bin/bash --noprofile --norc -e -o pipefail {0}
2026-10-09T01:44:26.9507792Z env:
2026-10-09T01:44:26.9508022Z   GODOT_VERSION: 4.7.2-stable
2026-10-09T01:44:26.9508295Z   PYTHONUTF8: 1
2026-10-09T01:44:26.9508538Z   GIT_CONFIG_COUNT: 1
2026-10-09T01:44:26.9508809Z   GIT_CONFIG_KEY_0: core.autocrlf
2026-10-09T01:44:26.9509100Z   GIT_CONFIG_VALUE_0: false
2026-10-09T01:44:26.9509437Z   pythonLocation: /opt/hostedtoolcache/Python/3.12.15/x64
2026-10-09T01:44:26.9509933Z   PKG_CONFIG_PATH: /opt/hostedtoolcache/Python/3.12.15/x64/lib/pkgconfig
2026-10-09T01:44:26.9510424Z   Python_ROOT_DIR: /opt/hostedtoolcache/Python/3.12.15/x64
2026-10-09T01:44:26.9510930Z   Python2_ROOT_DIR: /opt/hostedtoolcache/Python/3.12.15/x64
2026-10-09T01:44:26.9511385Z   Python3_ROOT_DIR: /opt/hostedtoolcache/Python/3.12.15/x64
2026-10-09T01:44:26.9512054Z   LD_LIBRARY_PATH: /opt/hostedtoolcache/Python/3.12.15/x64/lib
2026-10-09T01:44:26.9512430Z ##[endgroup]
2026-10-09T01:44:45.5936677Z From https://github.com/hiroshitanaka-creator/RPG-maker
2026-10-09T01:44:45.5937649Z  * branch            e003b126de6695fa131e07a3db14c3011fb74f2e -> FETCH_HEAD
2026-10-09T01:44:45.5938392Z  * branch            b17f2b475ff8c58924720ea24cce8f205422c50b -> FETCH_HEAD
2026-10-09T01:44:45.5994767Z ##[group]Run python -c "import pathlib,re,subprocess; sha=pathlib.Path('docs/verification/equipment-save-transaction-platform/code-fixed-sha.txt').read_text().strip(); assert re.fullmatch('[0-9a-f]{40}',sha); subprocess.run(['git','fetch','--no-tags','--depth=1','origin',sha],check=True)"
2026-10-09T01:44:45.5996806Z [36;1mpython -c "import pathlib,re,subprocess; sha=pathlib.Path('docs/verification/equipment-save-transaction-platform/code-fixed-sha.txt').read_text().strip(); assert re.fullmatch('[0-9a-f]{40}',sha); subprocess.run(['git','fetch','--no-tags','--depth=1','origin',sha],check=True)"[0m
2026-10-09T01:44:45.6065671Z shell: /usr/bin/bash --noprofile --norc -e -o pipefail {0}
2026-10-09T01:44:45.6066040Z env:
2026-10-09T01:44:45.6066263Z   GODOT_VERSION: 4.7.2-stable
2026-10-09T01:44:45.6066514Z   PYTHONUTF8: 1
2026-10-09T01:44:45.6066724Z   GIT_CONFIG_COUNT: 1
2026-10-09T01:44:45.6066952Z   GIT_CONFIG_KEY_0: core.autocrlf
2026-10-09T01:44:45.6067282Z   GIT_CONFIG_VALUE_0: false
2026-10-09T01:44:45.6067594Z   pythonLocation: /opt/hostedtoolcache/Python/3.12.15/x64
2026-10-09T01:44:45.6068032Z   PKG_CONFIG_PATH: /opt/hostedtoolcache/Python/3.12.15/x64/lib/pkgconfig
2026-10-09T01:44:45.6068459Z   Python_ROOT_DIR: /opt/hostedtoolcache/Python/3.12.15/x64
2026-10-09T01:44:45.6068845Z   Python2_ROOT_DIR: /opt/hostedtoolcache/Python/3.12.15/x64
2026-10-09T01:44:45.6069236Z   Python3_ROOT_DIR: /opt/hostedtoolcache/Python/3.12.15/x64
2026-10-09T01:44:45.6069643Z   LD_LIBRARY_PATH: /opt/hostedtoolcache/Python/3.12.15/x64/lib
2026-10-09T01:44:45.6069975Z ##[endgroup]
2026-10-09T01:45:04.6870506Z From https://github.com/hiroshitanaka-creator/RPG-maker
2026-10-09T01:45:04.6871096Z  * branch              adbd4b1b1fde34a0fa8f5a48388571e25e996eb3 -> FETCH_HEAD
2026-10-09T01:45:04.6970891Z ##[group]Run python -m pip install scons==4.10.0
2026-10-09T01:45:04.6971289Z [36;1mpython -m pip install scons==4.10.0[0m
2026-10-09T01:45:04.7036877Z shell: /usr/bin/bash -e {0}
2026-10-09T01:45:04.7037132Z env:
2026-10-09T01:45:04.7037332Z   GODOT_VERSION: 4.7.2-stable
2026-10-09T01:45:04.7037584Z   PYTHONUTF8: 1
2026-10-09T01:45:04.7037797Z   GIT_CONFIG_COUNT: 1
2026-10-09T01:45:04.7038032Z   GIT_CONFIG_KEY_0: core.autocrlf
2026-10-09T01:45:04.7038287Z   GIT_CONFIG_VALUE_0: false
2026-10-09T01:45:04.7038588Z   pythonLocation: /opt/hostedtoolcache/Python/3.12.15/x64
2026-10-09T01:45:04.7039028Z   PKG_CONFIG_PATH: /opt/hostedtoolcache/Python/3.12.15/x64/lib/pkgconfig
2026-10-09T01:45:04.7039482Z   Python_ROOT_DIR: /opt/hostedtoolcache/Python/3.12.15/x64
2026-10-09T01:45:04.7039872Z   Python2_ROOT_DIR: /opt/hostedtoolcache/Python/3.12.15/x64
2026-10-09T01:45:04.7040266Z   Python3_ROOT_DIR: /opt/hostedtoolcache/Python/3.12.15/x64
2026-10-09T01:45:04.7040910Z   LD_LIBRARY_PATH: /opt/hostedtoolcache/Python/3.12.15/x64/lib
2026-10-09T01:45:04.7041259Z ##[endgroup]
2026-10-09T01:45:05.9722985Z Collecting scons==4.10.0
2026-10-09T01:45:06.1880937Z   Downloading scons-4.10.0-py3-none-any.whl.metadata (9.7 kB)
2026-10-09T01:45:06.2524592Z Downloading scons-4.10.0-py3-none-any.whl (4.1 MB)
2026-10-09T01:45:06.7719911Z    ━━━━━━━━━━━━━━━━━━━━━━━━━━━━━━━━━━━━━━━━ 4.1/4.1 MB 11.1 MB/s  0:00:00
2026-10-09T01:45:06.8337429Z Installing collected packages: scons
2026-10-09T01:45:07.5108548Z Successfully installed scons-4.10.0
2026-10-09T01:45:07.5595161Z ##[group]Run python -c "import os,shutil; shutil.copytree('addons/equipment_save_io',os.environ['RUNNER_TEMP']+'/native-evidence/shipped/equipment_save_io')"
2026-10-09T01:45:07.5596289Z [36;1mpython -c "import os,shutil; shutil.copytree('addons/equipment_save_io',os.environ['RUNNER_TEMP']+'/native-evidence/shipped/equipment_save_io')"[0m
2026-10-09T01:45:07.5662116Z shell: /usr/bin/bash -e {0}
2026-10-09T01:45:07.5662416Z env:
2026-10-09T01:45:07.5662615Z   GODOT_VERSION: 4.7.2-stable
2026-10-09T01:45:07.5662876Z   PYTHONUTF8: 1
2026-10-09T01:45:07.5663081Z   GIT_CONFIG_COUNT: 1
2026-10-09T01:45:07.5663316Z   GIT_CONFIG_KEY_0: core.autocrlf
2026-10-09T01:45:07.5663580Z   GIT_CONFIG_VALUE_0: false
2026-10-09T01:45:07.5663879Z   pythonLocation: /opt/hostedtoolcache/Python/3.12.15/x64
2026-10-09T01:45:07.5664321Z   PKG_CONFIG_PATH: /opt/hostedtoolcache/Python/3.12.15/x64/lib/pkgconfig
2026-10-09T01:45:07.5664749Z   Python_ROOT_DIR: /opt/hostedtoolcache/Python/3.12.15/x64
2026-10-09T01:45:07.5665180Z   Python2_ROOT_DIR: /opt/hostedtoolcache/Python/3.12.15/x64
2026-10-09T01:45:07.5665562Z   Python3_ROOT_DIR: /opt/hostedtoolcache/Python/3.12.15/x64
2026-10-09T01:45:07.5665945Z   LD_LIBRARY_PATH: /opt/hostedtoolcache/Python/3.12.15/x64/lib
2026-10-09T01:45:07.5666299Z ##[endgroup]
2026-10-09T01:45:07.6063873Z ##[group]Run python native/equipment_save_io/build.py --platform "linux" --output "$RUNNER_TEMP/native-evidence/build"
2026-10-09T01:45:07.6064754Z [36;1mpython native/equipment_save_io/build.py --platform "linux" --output "$RUNNER_TEMP/native-evidence/build"[0m
2026-10-09T01:45:07.6130076Z shell: /usr/bin/bash --noprofile --norc -e -o pipefail {0}
2026-10-09T01:45:07.6130419Z env:
2026-10-09T01:45:07.6130620Z   GODOT_VERSION: 4.7.2-stable
2026-10-09T01:45:07.6130867Z   PYTHONUTF8: 1
2026-10-09T01:45:07.6131067Z   GIT_CONFIG_COUNT: 1
2026-10-09T01:45:07.6131289Z   GIT_CONFIG_KEY_0: core.autocrlf
2026-10-09T01:45:07.6131829Z   GIT_CONFIG_VALUE_0: false
2026-10-09T01:45:07.6132201Z   pythonLocation: /opt/hostedtoolcache/Python/3.12.15/x64
2026-10-09T01:45:07.6132640Z   PKG_CONFIG_PATH: /opt/hostedtoolcache/Python/3.12.15/x64/lib/pkgconfig
2026-10-09T01:45:07.6133096Z   Python_ROOT_DIR: /opt/hostedtoolcache/Python/3.12.15/x64
2026-10-09T01:45:07.6133553Z   Python2_ROOT_DIR: /opt/hostedtoolcache/Python/3.12.15/x64
2026-10-09T01:45:07.6133944Z   Python3_ROOT_DIR: /opt/hostedtoolcache/Python/3.12.15/x64
2026-10-09T01:45:07.6134355Z   LD_LIBRARY_PATH: /opt/hostedtoolcache/Python/3.12.15/x64/lib
2026-10-09T01:45:07.6134684Z ##[endgroup]
2026-10-09T01:45:07.6603811Z Cloning into '/home/runner/work/RPG-maker/RPG-maker/native/equipment_save_io/.deps/godot-cpp'...
2026-10-09T01:45:10.0730453Z HEAD is now at e83fd09 gdextension: Sync with upstream commit 876b290332ec6f2e6d173d08162a02aa7e6ca46d (4.5-stable)
2026-10-09T01:45:47.8056047Z ##[group]Run python tools/fixtures/equipment-save-transaction-platform/launch.py --output "$RUNNER_TEMP/native-evidence" --profile "latest" --phase "transaction"
2026-10-09T01:45:47.8057263Z [36;1mpython tools/fixtures/equipment-save-transaction-platform/launch.py --output "$RUNNER_TEMP/native-evidence" --profile "latest" --phase "transaction"[0m
2026-10-09T01:45:47.8121987Z shell: /usr/bin/bash --noprofile --norc -e -o pipefail {0}
2026-10-09T01:45:47.8122346Z env:
2026-10-09T01:45:47.8122561Z   GODOT_VERSION: 4.7.2-stable
2026-10-09T01:45:47.8122821Z   PYTHONUTF8: 1
2026-10-09T01:45:47.8123262Z   GIT_CONFIG_COUNT: 1
2026-10-09T01:45:47.8123496Z   GIT_CONFIG_KEY_0: core.autocrlf
2026-10-09T01:45:47.8123748Z   GIT_CONFIG_VALUE_0: false
2026-10-09T01:45:47.8124055Z   pythonLocation: /opt/hostedtoolcache/Python/3.12.15/x64
2026-10-09T01:45:47.8124505Z   PKG_CONFIG_PATH: /opt/hostedtoolcache/Python/3.12.15/x64/lib/pkgconfig
2026-10-09T01:45:47.8124993Z   Python_ROOT_DIR: /opt/hostedtoolcache/Python/3.12.15/x64
2026-10-09T01:45:47.8125387Z   Python2_ROOT_DIR: /opt/hostedtoolcache/Python/3.12.15/x64
2026-10-09T01:45:47.8125776Z   Python3_ROOT_DIR: /opt/hostedtoolcache/Python/3.12.15/x64
2026-10-09T01:45:47.8126165Z   LD_LIBRARY_PATH: /opt/hostedtoolcache/Python/3.12.15/x64/lib
2026-10-09T01:45:47.8126690Z   EQUIPMENT_SHIPPED_ADDON_ROOT: /home/runner/work/_temp/native-evidence/shipped/equipment_save_io
2026-10-09T01:45:47.8127158Z ##[endgroup]
2026-10-09T01:49:49.3594074Z TRANSACTION_FAIL: cases=107 checks=1537 seconds=174.095
2026-10-09T01:49:49.3594797Z fault-receipt-prepared.rename.before:
2026-10-09T01:49:49.3595304Z fault-commit.rename.before:
2026-10-09T01:49:49.3595685Z normal-granted:
2026-10-09T01:49:49.3595995Z normal-pending:
2026-10-09T01:49:49.3596352Z fault-receipt-committed.rename.before:
2026-10-09T01:49:49.3596772Z trial-corrupt:
2026-10-09T01:49:49.3597082Z trial-missing:
2026-10-09T01:49:49.3597421Z fault-receipt-committed.open.before:
2026-10-09T01:49:49.3598144Z absent-id:全体180秒を超過
2026-10-09T01:49:49.3598528Z new-input:全体180秒を超過
2026-10-09T01:49:49.3598907Z stale-prepare:全体180秒を超過
2026-10-09T01:49:49.3599295Z trial-unclean:全体180秒を超過
2026-10-09T01:49:49.3599688Z stale-commit:全体180秒を超過
2026-10-09T01:49:49.3600065Z different-raw:全体180秒を超過
2026-10-09T01:49:49.3600456Z same-raw-alias:全体180秒を超過
2026-10-09T01:49:49.3600859Z inspect-readonly:全体180秒を超過
2026-10-09T01:49:49.3601246Z wrong-hash:全体180秒を超過
2026-10-09T01:49:49.3601888Z receipt-corrupt:全体180秒を超過
2026-10-09T01:49:49.3602336Z receipt-phase-stale:全体180秒を超過
2026-10-09T01:49:49.3602763Z backup-changed:全体180秒を超過
2026-10-09T01:49:49.3603170Z source-changed:全体180秒を超過
2026-10-09T01:49:49.3603575Z receipt-intent:全体180秒を超過
2026-10-09T01:49:49.3603982Z output-changed:全体180秒を超過
2026-10-09T01:49:49.3604381Z intent-changed:全体180秒を超過
2026-10-09T01:49:49.3604778Z history-changed:全体180秒を超過
2026-10-09T01:49:49.3605197Z candidate-quantity:全体180秒を超過
2026-10-09T01:49:49.3605630Z candidate-value:全体180秒を超過
2026-10-09T01:49:49.3606104Z outside-path:全体180秒を超過
2026-10-09T01:49:49.3606547Z parent-path:全体180秒を超過
2026-10-09T01:49:49.3606991Z candidate-types:全体180秒を超過
2026-10-09T01:49:49.3607449Z directory-link:全体180秒を超過
2026-10-09T01:49:49.3607890Z source-link:全体180秒を超過
2026-10-09T01:49:49.3608313Z output-link:全体180秒を超過
2026-10-09T01:49:49.3608736Z token-invalid:全体180秒を超過
2026-10-09T01:49:49.3609189Z target-collision:全体180秒を超過
2026-10-09T01:49:49.3609665Z null-abilities:全体180秒を超過
2026-10-09T01:49:49.3610137Z null-session:全体180秒を超過
2026-10-09T01:49:49.3610598Z backup-collision:全体180秒を超過
2026-10-09T01:49:49.3611125Z transaction-source:全体180秒を超過
2026-10-09T01:49:49.3611890Z backup-hardlink:全体180秒を超過
2026-10-09T01:49:49.3612372Z commit-source-race:全体180秒を超過
2026-10-09T01:49:49.3612840Z writer-busy:全体180秒を超過
2026-10-09T01:49:49.3613254Z nonroot-permission:全体180秒を超過
2026-10-09T01:49:49.3613712Z injected-enospc:全体180秒を超過
2026-10-09T01:49:49.3614181Z commit-tmp-race:全体180秒を超過
2026-10-09T01:49:49.3614661Z kill-intent.store.partial:全体180秒を超過
2026-10-09T01:49:49.3615577Z commit-target-race:全体180秒を超過
2026-10-09T01:49:49.3616155Z kill-owner.store.partial:全体180秒を超過
2026-10-09T01:49:49.3616744Z kill-history.store.partial:全体180秒を超過
2026-10-09T01:49:49.3617405Z kill-receipt-committed.store.partial:全体180秒を超過
2026-10-09T01:49:49.3618084Z fault-source.store.partial:全体180秒を超過
2026-10-09T01:49:49.3618731Z kill-receipt-prepared.store.partial:全体180秒を超過
2026-10-09T01:49:49.3619364Z kill-source.store.partial:全体180秒を超過
2026-10-09T01:49:49.3619921Z fault-history.store.partial:全体180秒を超過
2026-10-09T01:49:49.3620519Z kill-candidate.store.partial:全体180秒を超過
2026-10-09T01:49:49.3621401Z fault-candidate.store.partial:全体180秒を超過
2026-10-09T01:49:49.3622184Z inspect-missing:全体180秒を超過
2026-10-09T01:49:49.3622594Z stale-committed:全体180秒を超過
2026-10-09T01:49:49.3623098Z inspect-null-context:全体180秒を超過
2026-10-09T01:49:49.3623637Z inspect-prepared:全体180秒を超過
2026-10-09T01:49:49.3624202Z receipt-tmp-hardlink:全体180秒を超過
2026-10-09T01:49:49.3624714Z inspect-committed:全体180秒を超過
2026-10-09T01:49:49.3625252Z initial-tmp-hardlink:全体180秒を超過
2026-10-09T01:49:49.3625766Z stale-current:全体180秒を超過
2026-10-09T01:49:49.3626319Z owner-corrupt:全体180秒を超過
2026-10-09T01:49:49.3626587Z 
2026-10-09T01:49:49.3626974Z PLATFORM_CI_FAIL: コマンド失敗:transaction
2026-10-09T01:49:49.3666646Z Traceback (most recent call last):
2026-10-09T01:49:49.3674190Z   File "/home/runner/work/RPG-maker/RPG-maker/tools/fixtures/equipment-save-transaction-platform/launch.py", line 22, in <module>
2026-10-09T01:49:49.3675795Z     p=argparse.ArgumentParser();p.add_argument('--output',required=True);p.add_argument('--profile',required=True);p.add_argument('--phase',choices=['transaction','primitives'],default='transaction');main(p.parse_args())
2026-10-09T01:49:49.3677144Z                                                                                                                                                                                                         ^^^^^^^^^^^^^^^^^^^^
2026-10-09T01:49:49.3678011Z   File "/home/runner/work/RPG-maker/RPG-maker/tools/fixtures/equipment-save-transaction-platform/launch.py", line 20, in main
2026-10-09T01:49:49.3678630Z     subprocess.run(argv,cwd=ROOT,check=True)
2026-10-09T01:49:49.3679136Z   File "/opt/hostedtoolcache/Python/3.12.15/x64/lib/python3.12/subprocess.py", line 571, in run
2026-10-09T01:49:49.3931249Z     raise CalledProcessError(retcode, process.args,
2026-10-09T01:49:49.3935072Z subprocess.CalledProcessError: Command '['/opt/hostedtoolcache/Python/3.12.15/x64/bin/python', '/home/runner/work/RPG-maker/RPG-maker/tools/fixtures/equipment-save-transaction-platform/run_ci.py', '--godot', '/home/runner/work/_temp/native-evidence/bin/Godot_v4.7.2-stable_linux.x86_64', '--source-sha', '4f1e6129cea612da657ae389a8e59db217581394', '--profile', 'latest', '--output', '/home/runner/work/_temp/native-evidence/results', '--fixed-sha', 'adbd4b1b1fde34a0fa8f5a48388571e25e996eb3']' returned non-zero exit status 1.
2026-10-09T01:49:49.4048187Z ##[error]Process completed with exit code 1.
2026-10-09T01:49:49.4099449Z ##[group]Run python tools/check_frozen_files.py
2026-10-09T01:49:49.4099848Z [36;1mpython tools/check_frozen_files.py[0m
2026-10-09T01:49:49.4162824Z shell: /usr/bin/bash -e {0}
2026-10-09T01:49:49.4163095Z env:
2026-10-09T01:49:49.4163289Z   GODOT_VERSION: 4.7.2-stable
2026-10-09T01:49:49.4163539Z   PYTHONUTF8: 1
2026-10-09T01:49:49.4163744Z   GIT_CONFIG_COUNT: 1
2026-10-09T01:49:49.4163974Z   GIT_CONFIG_KEY_0: core.autocrlf
2026-10-09T01:49:49.4164232Z   GIT_CONFIG_VALUE_0: false
2026-10-09T01:49:49.4164530Z   pythonLocation: /opt/hostedtoolcache/Python/3.12.15/x64
2026-10-09T01:49:49.4164985Z   PKG_CONFIG_PATH: /opt/hostedtoolcache/Python/3.12.15/x64/lib/pkgconfig
2026-10-09T01:49:49.4165442Z   Python_ROOT_DIR: /opt/hostedtoolcache/Python/3.12.15/x64
2026-10-09T01:49:49.4165828Z   Python2_ROOT_DIR: /opt/hostedtoolcache/Python/3.12.15/x64
2026-10-09T01:49:49.4166220Z   Python3_ROOT_DIR: /opt/hostedtoolcache/Python/3.12.15/x64
2026-10-09T01:49:49.4166645Z   LD_LIBRARY_PATH: /opt/hostedtoolcache/Python/3.12.15/x64/lib
2026-10-09T01:49:49.4166976Z ##[endgroup]
2026-10-09T01:49:49.4541054Z 保護対象26件、一致26件。
2026-10-09T01:49:49.4615047Z ##[group]Run python tools/fixtures/equipment-save-transaction-platform/evidence.py --output "$RUNNER_TEMP/native-evidence"
2026-10-09T01:49:49.4616124Z [36;1mpython tools/fixtures/equipment-save-transaction-platform/evidence.py --output "$RUNNER_TEMP/native-evidence"[0m
2026-10-09T01:49:49.4679115Z shell: /usr/bin/bash --noprofile --norc -e -o pipefail {0}
2026-10-09T01:49:49.4679467Z env:
2026-10-09T01:49:49.4679666Z   GODOT_VERSION: 4.7.2-stable
2026-10-09T01:49:49.4680098Z   PYTHONUTF8: 1
2026-10-09T01:49:49.4680306Z   GIT_CONFIG_COUNT: 1
2026-10-09T01:49:49.4680528Z   GIT_CONFIG_KEY_0: core.autocrlf
2026-10-09T01:49:49.4680790Z   GIT_CONFIG_VALUE_0: false
2026-10-09T01:49:49.4681087Z   pythonLocation: /opt/hostedtoolcache/Python/3.12.15/x64
2026-10-09T01:49:49.4681783Z   PKG_CONFIG_PATH: /opt/hostedtoolcache/Python/3.12.15/x64/lib/pkgconfig
2026-10-09T01:49:49.4682241Z   Python_ROOT_DIR: /opt/hostedtoolcache/Python/3.12.15/x64
2026-10-09T01:49:49.4682673Z   Python2_ROOT_DIR: /opt/hostedtoolcache/Python/3.12.15/x64
2026-10-09T01:49:49.4683062Z   Python3_ROOT_DIR: /opt/hostedtoolcache/Python/3.12.15/x64
2026-10-09T01:49:49.4683456Z   LD_LIBRARY_PATH: /opt/hostedtoolcache/Python/3.12.15/x64/lib
2026-10-09T01:49:49.4683784Z ##[endgroup]
2026-10-09T01:49:51.9090265Z NATIVE_RAW_PROOF_META {"archive_sha256": "2814b9232a2d56364d8f5ccd9c075cd32f46d1d889565ccca90d26a0f079d916", "archive_bytes": 2554114, "members": 4888}
2026-10-09T01:49:51.9091875Z NATIVE_RAW_PROOF_BEGIN
2026-10-09T01:49:55.1821697Z NATIVE_RAW_PROOF_END
2026-10-09T01:49:55.1901118Z ##[group]Run actions/upload-artifact@v4
2026-10-09T01:49:55.1901800Z with:
2026-10-09T01:49:55.1902274Z   name: equipment-native-ubuntu-latest-latest-transaction
2026-10-09T01:49:55.1903271Z   path: /home/runner/work/_temp/native-evidence/
addons/equipment_save_io/
native/equipment_save_io/GODOT_CPP_LICENSE.txt

2026-10-09T01:49:55.1903922Z   if-no-files-found: error
2026-10-09T01:49:55.1904318Z   compression-level: 6
2026-10-09T01:49:55.1904627Z   overwrite: false
2026-10-09T01:49:55.1904965Z   include-hidden-files: false
2026-10-09T01:49:55.1905337Z env:
2026-10-09T01:49:55.1905879Z   GODOT_VERSION: 4.7.2-stable
2026-10-09T01:49:55.1906249Z   PYTHONUTF8: 1
2026-10-09T01:49:55.1906544Z   GIT_CONFIG_COUNT: 1
2026-10-09T01:49:55.1906935Z   GIT_CONFIG_KEY_0: core.autocrlf
2026-10-09T01:49:55.1907326Z   GIT_CONFIG_VALUE_0: false
2026-10-09T01:49:55.1907714Z   pythonLocation: /opt/hostedtoolcache/Python/3.12.15/x64
2026-10-09T01:49:55.1908394Z   PKG_CONFIG_PATH: /opt/hostedtoolcache/Python/3.12.15/x64/lib/pkgconfig
2026-10-09T01:49:55.1908941Z   Python_ROOT_DIR: /opt/hostedtoolcache/Python/3.12.15/x64
2026-10-09T01:49:55.1909501Z   Python2_ROOT_DIR: /opt/hostedtoolcache/Python/3.12.15/x64
2026-10-09T01:49:55.1909983Z   Python3_ROOT_DIR: /opt/hostedtoolcache/Python/3.12.15/x64
2026-10-09T01:49:55.1910449Z   LD_LIBRARY_PATH: /opt/hostedtoolcache/Python/3.12.15/x64/lib
2026-10-09T01:49:55.1910920Z ##[endgroup]
2026-10-09T01:49:55.3647806Z (node:4603) [DEP0040] DeprecationWarning: The `punycode` module is deprecated. Please use a userland alternative instead.
2026-10-09T01:49:55.3649478Z (Use `node --trace-deprecation ...` to show where the warning was created)
2026-10-09T01:49:56.7079958Z Multiple search paths detected. Calculating the least common ancestor of all paths
2026-10-09T01:49:56.7083329Z The least common ancestor is /home/runner/work. This will be the root directory of the artifact
2026-10-09T01:49:56.7084620Z With the provided path, there will be 5047 files uploaded
2026-10-09T01:49:56.7090106Z Artifact name is valid!
2026-10-09T01:49:56.7090685Z Root directory input is valid!
2026-10-09T01:49:56.9447778Z Beginning upload of artifact content to blob storage
2026-10-09T01:49:57.3306279Z (node:4603) [DEP0169] DeprecationWarning: `url.parse()` behavior is not standardized and prone to errors that have security implications. Use the WHATWG URL API instead. CVEs are not issued for `url.parse()` vulnerabilities.
2026-10-09T01:49:57.4796172Z Uploaded bytes 8388608
2026-10-09T01:49:57.7215988Z Uploaded bytes 16777216
2026-10-09T01:49:58.0708510Z Uploaded bytes 25165824
2026-10-09T01:49:58.2587008Z Uploaded bytes 33554432
2026-10-09T01:49:58.5755590Z Uploaded bytes 41943040
2026-10-09T01:49:58.7876375Z Uploaded bytes 50331648
2026-10-09T01:49:59.0028983Z Uploaded bytes 58720256
2026-10-09T01:49:59.2464096Z Uploaded bytes 67108864
2026-10-09T01:49:59.5403055Z Uploaded bytes 75497472
2026-10-09T01:50:00.1459879Z Uploaded bytes 83886080
2026-10-09T01:50:00.7978422Z Uploaded bytes 92274688
2026-10-09T01:50:01.5165809Z Uploaded bytes 100663296
2026-10-09T01:50:02.1925336Z Uploaded bytes 109051904
2026-10-09T01:50:02.6798311Z Uploaded bytes 117440512
2026-10-09T01:50:02.9840881Z Uploaded bytes 125829120
2026-10-09T01:50:03.2336752Z Uploaded bytes 134217728
2026-10-09T01:50:03.5120124Z Uploaded bytes 142606336
2026-10-09T01:50:03.7653633Z Uploaded bytes 150994944
2026-10-09T01:50:04.3182680Z Uploaded bytes 159383552
2026-10-09T01:50:07.0386571Z Uploaded bytes 167772160
2026-10-09T01:50:07.0850975Z Uploaded bytes 169136690
2026-10-09T01:50:07.1009281Z Finished uploading artifact content to blob storage!
2026-10-09T01:50:07.1012802Z SHA256 digest of uploaded artifact zip is 9d1c176c903b29ba14f6e742d79d914a9b4f585c88db0d556c27e299f0722755
2026-10-09T01:50:07.1015028Z Finalizing artifact upload
2026-10-09T01:50:07.3088012Z Artifact equipment-native-ubuntu-latest-latest-transaction.zip successfully finalized. Artifact ID 11590342057
2026-10-09T01:50:07.3090390Z Artifact equipment-native-ubuntu-latest-latest-transaction has been successfully uploaded! Final size is 169136690 bytes. Artifact ID is 11590342057
2026-10-09T01:50:07.3097610Z Artifact download URL: https://github.com/hiroshitanaka-creator/RPG-maker/actions/runs/37869884272/artifacts/11590342057
2026-10-09T01:50:07.3535210Z Post job cleanup.
2026-10-09T01:50:07.4512612Z [command]/usr/bin/git version
2026-10-09T01:50:07.4552590Z git version 2.55.0
2026-10-09T01:50:07.4602561Z Temporarily overriding HOME='/home/runner/work/_temp/19b252ac-d02b-499b-951c-8ffab63c09ee' before making global git config changes
2026-10-09T01:50:07.4604136Z Adding repository directory to the temporary git global config as a safe directory
2026-10-09T01:50:07.4613836Z [command]/usr/bin/git config --global --add safe.directory /home/runner/work/RPG-maker/RPG-maker
2026-10-09T01:50:07.4670575Z [command]/usr/bin/git config --local --name-only --get-regexp core\.sshCommand
2026-10-09T01:50:07.4706777Z [command]/usr/bin/git submodule foreach --recursive sh -c "git config --local --name-only --get-regexp 'core\.sshCommand' && git config --local --unset-all 'core.sshCommand' || :"
2026-10-09T01:50:07.5044067Z [command]/usr/bin/git config --local --name-only --get-regexp http\.https\:\/\/github\.com\/\.extraheader
2026-10-09T01:50:07.5090251Z http.https://github.com/.extraheader
2026-10-09T01:50:07.5156977Z [command]/usr/bin/git config --local --unset-all http.https://github.com/.extraheader
2026-10-09T01:50:07.5160603Z [command]/usr/bin/git submodule foreach --recursive sh -c "git config --local --name-only --get-regexp 'http\.https\:\/\/github\.com\/\.extraheader' && git config --local --unset-all 'http.https://github.com/.extraheader' || :"
2026-10-09T01:50:07.5423284Z [command]/usr/bin/git config --local --name-only --get-regexp ^includeIf\.gitdir:
2026-10-09T01:50:07.5520088Z [command]/usr/bin/git submodule foreach --recursive git config --local --show-origin --name-only --get-regexp remote.origin.url
2026-10-09T01:50:07.6112572Z Cleaning up orphan processes
2026-10-09T01:50:07.6588938Z ##[warning]Node.js 20 is deprecated. The following actions target Node.js 20 but are being forced to run on Node.js 24: actions/checkout@v4, actions/setup-python@v5, actions/upload-artifact@v4. For more information see: https://github.blog/changelog/2025-09-19-deprecation-of-node-20-on-github-actions-runners/
