2026-10-09T01:42:46.8697178Z Current runner version: '2.337.0'
2026-10-09T01:42:46.8717329Z ##[group]Runner Image Provisioner
2026-10-09T01:42:46.8717921Z Hosted Compute Agent
2026-10-09T01:42:46.8718370Z Version: 20261002.596
2026-10-09T01:42:46.8719005Z Commit: c3d12f3313a95f25162a1503be624f3b0617f8c0
2026-10-09T01:42:46.8719544Z Build Date: 2026-10-02T22:28:27Z
2026-10-09T01:42:46.8720009Z Worker ID: {0f6f7b8d-9515-4fe0-89fb-ec0935b624bb}
2026-10-09T01:42:46.8720463Z Region: centralus
2026-10-09T01:42:46.8720860Z Cloud: Azure
2026-10-09T01:42:46.8721211Z ##[endgroup]
2026-10-09T01:42:46.8722179Z ##[group]Operating System
2026-10-09T01:42:46.8722627Z Ubuntu
2026-10-09T01:42:46.8722965Z 24.04.5
2026-10-09T01:42:46.8723322Z LTS
2026-10-09T01:42:46.8723670Z ##[endgroup]
2026-10-09T01:42:46.8724097Z ##[group]Runner Image
2026-10-09T01:42:46.8724540Z Image: ubuntu-24.04
2026-10-09T01:42:46.8724908Z Version: 20261004.327.1
2026-10-09T01:42:46.8726086Z Included Software: https://github.com/actions/runner-images/blob/ubuntu24/20261004.327/images/ubuntu/Ubuntu2404-Readme.md
2026-10-09T01:42:46.8727065Z Image Release: https://github.com/actions/runner-images/releases/tag/ubuntu24%2F20261004.327
2026-10-09T01:42:46.8727717Z ##[endgroup]
2026-10-09T01:42:46.8728440Z ##[group]GITHUB_TOKEN Permissions
2026-10-09T01:42:46.8730209Z Contents: read
2026-10-09T01:42:46.8730616Z Metadata: read
2026-10-09T01:42:46.8731016Z ##[endgroup]
2026-10-09T01:42:46.8732493Z Secret source: Actions
2026-10-09T01:42:46.8733138Z Cache mode: write
2026-10-09T01:42:46.8733615Z Prepare workflow directory
2026-10-09T01:42:46.9007410Z Prepare all required actions
2026-10-09T01:42:46.9040248Z Getting action download info
2026-10-09T01:42:47.1168458Z Download action repository 'actions/checkout@v4' (SHA:11d5960a326750d5838078e36cf38b85af677262)
2026-10-09T01:42:47.2071232Z Download action repository 'actions/setup-python@v5' (SHA:a26af69be951a213d495a4c3e4e4022e16d87065)
2026-10-09T01:42:47.2994107Z Download action repository 'actions/upload-artifact@v4' (SHA:ea165f8d65b6e75b540449e92b4886f43607fa02)
2026-10-09T01:42:47.5147136Z Complete job name: equipment-transaction (latest)
2026-10-09T01:42:47.5649949Z ##[group]Run actions/checkout@v4
2026-10-09T01:42:47.5650396Z with:
2026-10-09T01:42:47.5650678Z   ref: 4f1e6129cea612da657ae389a8e59db217581394
2026-10-09T01:42:47.5651069Z   repository: hiroshitanaka-creator/RPG-maker
2026-10-09T01:42:47.5653390Z   token: ***
2026-10-09T01:42:47.5653639Z   ssh-strict: true
2026-10-09T01:42:47.5653898Z   ssh-user: git
2026-10-09T01:42:47.5654169Z   persist-credentials: true
2026-10-09T01:42:47.5654461Z   clean: true
2026-10-09T01:42:47.5654726Z   sparse-checkout-cone-mode: true
2026-10-09T01:42:47.5655032Z   fetch-depth: 1
2026-10-09T01:42:47.5655286Z   fetch-tags: false
2026-10-09T01:42:47.5655547Z   show-progress: true
2026-10-09T01:42:47.5655810Z   lfs: false
2026-10-09T01:42:47.5656051Z   submodules: false
2026-10-09T01:42:47.5656321Z   set-safe-directory: true
2026-10-09T01:42:47.5656623Z   allow-unsafe-pr-checkout: false
2026-10-09T01:42:47.5657018Z env:
2026-10-09T01:42:47.5657260Z   GODOT_VERSION: 4.7.2-stable
2026-10-09T01:42:47.5657742Z   GODOT_LINUX_SHA256: cadd3204e728a35d3f13adb7fd0d7902636b79f6b95c40c265eb73b6c35329e4
2026-10-09T01:42:47.5658219Z ##[endgroup]
2026-10-09T01:42:47.6350412Z Syncing repository: hiroshitanaka-creator/RPG-maker
2026-10-09T01:42:47.6352072Z ##[group]Getting Git version info
2026-10-09T01:42:47.6352716Z Working directory is '/home/runner/work/RPG-maker/RPG-maker'
2026-10-09T01:42:47.6353694Z [command]/usr/bin/git version
2026-10-09T01:42:47.6421922Z git version 2.55.0
2026-10-09T01:42:47.6436175Z ##[endgroup]
2026-10-09T01:42:47.6447491Z Temporarily overriding HOME='/home/runner/work/_temp/ea070ad9-15a9-43ec-b196-a288a8ee963a' before making global git config changes
2026-10-09T01:42:47.6448920Z Adding repository directory to the temporary git global config as a safe directory
2026-10-09T01:42:47.6451227Z [command]/usr/bin/git config --global --add safe.directory /home/runner/work/RPG-maker/RPG-maker
2026-10-09T01:42:47.6500954Z Deleting the contents of '/home/runner/work/RPG-maker/RPG-maker'
2026-10-09T01:42:47.6505135Z ##[group]Initializing the repository
2026-10-09T01:42:47.6508109Z [command]/usr/bin/git init /home/runner/work/RPG-maker/RPG-maker
2026-10-09T01:42:47.6622669Z hint: Using 'master' as the name for the initial branch. This default branch name
2026-10-09T01:42:47.6623972Z hint: will change to "main" in Git 3.0. To configure the initial branch name
2026-10-09T01:42:47.6625056Z hint: to use in all of your new repositories, which will suppress this warning,
2026-10-09T01:42:47.6625884Z hint: call:
2026-10-09T01:42:47.6626395Z hint:
2026-10-09T01:42:47.6627052Z hint: 	git config --global init.defaultBranch <name>
2026-10-09T01:42:47.6627771Z hint:
2026-10-09T01:42:47.6628799Z hint: Names commonly chosen instead of 'master' are 'main', 'trunk' and
2026-10-09T01:42:47.6630195Z hint: 'development'. The just-created branch can be renamed via this command:
2026-10-09T01:42:47.6631374Z hint:
2026-10-09T01:42:47.6632176Z hint: 	git branch -m <name>
2026-10-09T01:42:47.6633015Z hint:
2026-10-09T01:42:47.6634034Z hint: Disable this message with "git config set advice.defaultBranchName false"
2026-10-09T01:42:47.6635563Z Initialized empty Git repository in /home/runner/work/RPG-maker/RPG-maker/.git/
2026-10-09T01:42:47.6637830Z [command]/usr/bin/git remote add origin https://github.com/hiroshitanaka-creator/RPG-maker
2026-10-09T01:42:47.6686818Z ##[endgroup]
2026-10-09T01:42:47.6687704Z ##[group]Disabling automatic garbage collection
2026-10-09T01:42:47.6720157Z [command]/usr/bin/git config --local gc.auto 0
2026-10-09T01:42:47.6750520Z ##[endgroup]
2026-10-09T01:42:47.6751483Z ##[group]Setting up auth
2026-10-09T01:42:47.6757441Z [command]/usr/bin/git config --local --name-only --get-regexp core\.sshCommand
2026-10-09T01:42:47.6798207Z [command]/usr/bin/git submodule foreach --recursive sh -c "git config --local --name-only --get-regexp 'core\.sshCommand' && git config --local --unset-all 'core.sshCommand' || :"
2026-10-09T01:42:47.7102604Z [command]/usr/bin/git config --local --name-only --get-regexp http\.https\:\/\/github\.com\/\.extraheader
2026-10-09T01:42:47.7134322Z [command]/usr/bin/git submodule foreach --recursive sh -c "git config --local --name-only --get-regexp 'http\.https\:\/\/github\.com\/\.extraheader' && git config --local --unset-all 'http.https://github.com/.extraheader' || :"
2026-10-09T01:42:47.7320442Z [command]/usr/bin/git config --local --name-only --get-regexp ^includeIf\.gitdir:
2026-10-09T01:42:47.7351563Z [command]/usr/bin/git submodule foreach --recursive git config --local --show-origin --name-only --get-regexp remote.origin.url
2026-10-09T01:42:47.7540204Z [command]/usr/bin/git config --local http.https://github.com/.extraheader AUTHORIZATION: basic ***
2026-10-09T01:42:47.7579317Z ##[endgroup]
2026-10-09T01:42:47.7579871Z ##[group]Fetching the repository
2026-10-09T01:42:47.7586710Z [command]/usr/bin/git -c protocol.version=2 fetch --no-tags --prune --no-recurse-submodules --depth=1 origin 4f1e6129cea612da657ae389a8e59db217581394
2026-10-09T01:43:05.9423125Z From https://github.com/hiroshitanaka-creator/RPG-maker
2026-10-09T01:43:05.9424701Z  * branch            4f1e6129cea612da657ae389a8e59db217581394 -> FETCH_HEAD
2026-10-09T01:43:05.9433364Z ##[endgroup]
2026-10-09T01:43:05.9434705Z ##[group]Determining the checkout info
2026-10-09T01:43:05.9435957Z ##[endgroup]
2026-10-09T01:43:05.9436496Z [command]/usr/bin/git sparse-checkout disable
2026-10-09T01:43:05.9605150Z [command]/usr/bin/git config --local --unset-all extensions.worktreeConfig
2026-10-09T01:43:06.0204282Z ##[group]Checking out the ref
2026-10-09T01:43:06.0214718Z [command]/usr/bin/git checkout --progress --force 4f1e6129cea612da657ae389a8e59db217581394
2026-10-09T01:43:07.0480138Z Updating files:  30% (2419/7806)
2026-10-09T01:43:07.0679844Z Updating files:  31% (2420/7806)
2026-10-09T01:43:07.1052324Z Updating files:  32% (2498/7806)
2026-10-09T01:43:07.1765435Z Updating files:  33% (2576/7806)
2026-10-09T01:43:07.1789955Z Updating files:  34% (2655/7806)
2026-10-09T01:43:07.1808504Z Updating files:  35% (2733/7806)
2026-10-09T01:43:07.1830135Z Updating files:  36% (2811/7806)
2026-10-09T01:43:07.1852143Z Updating files:  37% (2889/7806)
2026-10-09T01:43:07.1871186Z Updating files:  38% (2967/7806)
2026-10-09T01:43:07.1893355Z Updating files:  39% (3045/7806)
2026-10-09T01:43:07.1916052Z Updating files:  40% (3123/7806)
2026-10-09T01:43:07.2640175Z Updating files:  41% (3201/7806)
2026-10-09T01:43:07.2659786Z Updating files:  42% (3279/7806)
2026-10-09T01:43:07.2679718Z Updating files:  43% (3357/7806)
2026-10-09T01:43:07.2707419Z Updating files:  44% (3435/7806)
2026-10-09T01:43:07.6205016Z Updating files:  45% (3513/7806)
2026-10-09T01:43:07.6220138Z Updating files:  46% (3591/7806)
2026-10-09T01:43:07.6243050Z Updating files:  47% (3669/7806)
2026-10-09T01:43:07.6266790Z Updating files:  48% (3747/7806)
2026-10-09T01:43:07.6287898Z Updating files:  49% (3825/7806)
2026-10-09T01:43:07.6319613Z Updating files:  50% (3903/7806)
2026-10-09T01:43:07.6338878Z Updating files:  51% (3982/7806)
2026-10-09T01:43:07.6362160Z Updating files:  52% (4060/7806)
2026-10-09T01:43:07.6384458Z Updating files:  53% (4138/7806)
2026-10-09T01:43:07.6404525Z Updating files:  54% (4216/7806)
2026-10-09T01:43:07.6451464Z Updating files:  55% (4294/7806)
2026-10-09T01:43:07.6557396Z Updating files:  56% (4372/7806)
2026-10-09T01:43:07.6585280Z Updating files:  57% (4450/7806)
2026-10-09T01:43:07.6614064Z Updating files:  58% (4528/7806)
2026-10-09T01:43:07.6643316Z Updating files:  59% (4606/7806)
2026-10-09T01:43:07.6672949Z Updating files:  60% (4684/7806)
2026-10-09T01:43:07.6939038Z Updating files:  61% (4762/7806)
2026-10-09T01:43:07.7235911Z Updating files:  62% (4840/7806)
2026-10-09T01:43:07.7539871Z Updating files:  63% (4918/7806)
2026-10-09T01:43:07.7695776Z Updating files:  64% (4996/7806)
2026-10-09T01:43:07.7986303Z Updating files:  65% (5074/7806)
2026-10-09T01:43:07.8714495Z Updating files:  66% (5152/7806)
2026-10-09T01:43:07.9872400Z Updating files:  67% (5231/7806)
2026-10-09T01:43:08.0502228Z Updating files:  68% (5309/7806)
2026-10-09T01:43:08.0825664Z Updating files:  68% (5341/7806)
2026-10-09T01:43:08.0964245Z Updating files:  69% (5387/7806)
2026-10-09T01:43:08.1530730Z Updating files:  70% (5465/7806)
2026-10-09T01:43:08.1787274Z Updating files:  71% (5543/7806)
2026-10-09T01:43:08.2176275Z Updating files:  72% (5621/7806)
2026-10-09T01:43:08.2756781Z Updating files:  73% (5699/7806)
2026-10-09T01:43:08.3153235Z Updating files:  74% (5777/7806)
2026-10-09T01:43:08.3425895Z Updating files:  75% (5855/7806)
2026-10-09T01:43:08.3691312Z Updating files:  76% (5933/7806)
2026-10-09T01:43:08.3972437Z Updating files:  77% (6011/7806)
2026-10-09T01:43:08.4198768Z Updating files:  78% (6089/7806)
2026-10-09T01:43:08.4372586Z Updating files:  79% (6167/7806)
2026-10-09T01:43:08.4454557Z Updating files:  80% (6245/7806)
2026-10-09T01:43:08.4644764Z Updating files:  81% (6323/7806)
2026-10-09T01:43:08.4792620Z Updating files:  82% (6401/7806)
2026-10-09T01:43:08.5096611Z Updating files:  83% (6479/7806)
2026-10-09T01:43:08.5164531Z Updating files:  84% (6558/7806)
2026-10-09T01:43:08.5186694Z Updating files:  85% (6636/7806)
2026-10-09T01:43:08.5462246Z Updating files:  86% (6714/7806)
2026-10-09T01:43:08.5484247Z Updating files:  87% (6792/7806)
2026-10-09T01:43:08.5530313Z Updating files:  88% (6870/7806)
2026-10-09T01:43:08.5663144Z Updating files:  89% (6948/7806)
2026-10-09T01:43:08.5744096Z Updating files:  90% (7026/7806)
2026-10-09T01:43:08.5778474Z Updating files:  91% (7104/7806)
2026-10-09T01:43:08.5810333Z Updating files:  92% (7182/7806)
2026-10-09T01:43:08.5844022Z Updating files:  93% (7260/7806)
2026-10-09T01:43:08.5875831Z Updating files:  94% (7338/7806)
2026-10-09T01:43:08.5911469Z Updating files:  95% (7416/7806)
2026-10-09T01:43:08.5942405Z Updating files:  96% (7494/7806)
2026-10-09T01:43:08.5976490Z Updating files:  97% (7572/7806)
2026-10-09T01:43:08.6015925Z Updating files:  98% (7650/7806)
2026-10-09T01:43:08.6079898Z Updating files:  99% (7728/7806)
2026-10-09T01:43:08.6080811Z Updating files: 100% (7806/7806)
2026-10-09T01:43:08.6081062Z Updating files: 100% (7806/7806), done.
2026-10-09T01:43:08.6305196Z Note: switching to '4f1e6129cea612da657ae389a8e59db217581394'.
2026-10-09T01:43:08.6305521Z 
2026-10-09T01:43:08.6305825Z You are in 'detached HEAD' state. You can look around, make experimental
2026-10-09T01:43:08.6306245Z changes and commit them, and you can discard any commits you make in this
2026-10-09T01:43:08.6306655Z state without impacting any branches by switching back to a branch.
2026-10-09T01:43:08.6306887Z 
2026-10-09T01:43:08.6307052Z If you want to create a new branch to retain commits you create, you may
2026-10-09T01:43:08.6307448Z do so (now or later) by using -c with the switch command. Example:
2026-10-09T01:43:08.6307673Z 
2026-10-09T01:43:08.6307771Z   git switch -c <new-branch-name>
2026-10-09T01:43:08.6307929Z 
2026-10-09T01:43:08.6308023Z Or undo this operation with:
2026-10-09T01:43:08.6308169Z 
2026-10-09T01:43:08.6308388Z   git switch -
2026-10-09T01:43:08.6308493Z 
2026-10-09T01:43:08.6308863Z Turn off this advice by setting config variable advice.detachedHead to false
2026-10-09T01:43:08.6309124Z 
2026-10-09T01:43:08.6309316Z HEAD is now at 4f1e612 docs: submit task 055 evidence and remaining acceptance gaps
2026-10-09T01:43:08.6490497Z ##[endgroup]
2026-10-09T01:43:08.6553330Z [command]/usr/bin/git log -1 --format=%H
2026-10-09T01:43:08.6580185Z 4f1e6129cea612da657ae389a8e59db217581394
2026-10-09T01:43:08.7422405Z ##[group]Run actions/setup-python@v5
2026-10-09T01:43:08.7422583Z with:
2026-10-09T01:43:08.7422709Z   python-version: 3.12
2026-10-09T01:43:08.7422845Z   check-latest: false
2026-10-09T01:43:08.7424542Z   token: ***
2026-10-09T01:43:08.7424675Z   update-environment: true
2026-10-09T01:43:08.7424824Z   allow-prereleases: false
2026-10-09T01:43:08.7424962Z   freethreaded: false
2026-10-09T01:43:08.7425087Z env:
2026-10-09T01:43:08.7425206Z   GODOT_VERSION: 4.7.2-stable
2026-10-09T01:43:08.7425460Z   GODOT_LINUX_SHA256: cadd3204e728a35d3f13adb7fd0d7902636b79f6b95c40c265eb73b6c35329e4
2026-10-09T01:43:08.7425709Z ##[endgroup]
2026-10-09T01:43:08.8355684Z ##[group]Installed versions
2026-10-09T01:43:08.8460805Z (node:2087) [DEP0040] DeprecationWarning: The `punycode` module is deprecated. Please use a userland alternative instead.
2026-10-09T01:43:08.8461463Z (Use `node --trace-deprecation ...` to show where the warning was created)
2026-10-09T01:43:08.8461989Z Successfully set up CPython (3.12.15)
2026-10-09T01:43:08.8462445Z ##[endgroup]
2026-10-09T01:43:08.9234389Z ##[group]Run git fetch --no-tags --depth=1 origin \
2026-10-09T01:43:08.9234723Z [36;1mgit fetch --no-tags --depth=1 origin \[0m
2026-10-09T01:43:08.9234936Z [36;1m  e2c28474b55bd3a9e3dee00be768661ba87e09c4 \[0m
2026-10-09T01:43:08.9235166Z [36;1m  e003b126de6695fa131e07a3db14c3011fb74f2e[0m
2026-10-09T01:43:09.0555200Z shell: /usr/bin/bash -e {0}
2026-10-09T01:43:09.0555407Z env:
2026-10-09T01:43:09.0555554Z   GODOT_VERSION: 4.7.2-stable
2026-10-09T01:43:09.0555816Z   GODOT_LINUX_SHA256: cadd3204e728a35d3f13adb7fd0d7902636b79f6b95c40c265eb73b6c35329e4
2026-10-09T01:43:09.0556120Z   pythonLocation: /opt/hostedtoolcache/Python/3.12.15/x64
2026-10-09T01:43:09.0556371Z   PKG_CONFIG_PATH: /opt/hostedtoolcache/Python/3.12.15/x64/lib/pkgconfig
2026-10-09T01:43:09.0556618Z   Python_ROOT_DIR: /opt/hostedtoolcache/Python/3.12.15/x64
2026-10-09T01:43:09.0556844Z   Python2_ROOT_DIR: /opt/hostedtoolcache/Python/3.12.15/x64
2026-10-09T01:43:09.0557112Z   Python3_ROOT_DIR: /opt/hostedtoolcache/Python/3.12.15/x64
2026-10-09T01:43:09.0557333Z   LD_LIBRARY_PATH: /opt/hostedtoolcache/Python/3.12.15/x64/lib
2026-10-09T01:43:09.0557530Z ##[endgroup]
2026-10-09T01:43:27.1549721Z From https://github.com/hiroshitanaka-creator/RPG-maker
2026-10-09T01:43:27.1550209Z  * branch            e2c28474b55bd3a9e3dee00be768661ba87e09c4 -> FETCH_HEAD
2026-10-09T01:43:27.1557762Z  * branch            e003b126de6695fa131e07a3db14c3011fb74f2e -> FETCH_HEAD
2026-10-09T01:43:27.1592952Z ##[group]Run curl -fL -o "$RUNNER_TEMP/transaction-godot.zip" "https://github.com/godotengine/godot-builds/releases/download/${GODOT_VERSION}/Godot_v${GODOT_VERSION}_linux.x86_64.zip"
2026-10-09T01:43:27.1593677Z [36;1mcurl -fL -o "$RUNNER_TEMP/transaction-godot.zip" "https://github.com/godotengine/godot-builds/releases/download/${GODOT_VERSION}/Godot_v${GODOT_VERSION}_linux.x86_64.zip"[0m
2026-10-09T01:43:27.1594175Z [36;1mecho "${GODOT_LINUX_SHA256}  $RUNNER_TEMP/transaction-godot.zip" | sha256sum --check[0m
2026-10-09T01:43:27.1594508Z [36;1munzip -q "$RUNNER_TEMP/transaction-godot.zip" -d "$RUNNER_TEMP/transaction-bin"[0m
2026-10-09T01:43:27.1594873Z [36;1mmv "$RUNNER_TEMP/transaction-bin/Godot_v${GODOT_VERSION}_linux.x86_64" "$RUNNER_TEMP/transaction-bin/godot"[0m
2026-10-09T01:43:27.1595180Z [36;1mchmod +x "$RUNNER_TEMP/transaction-bin/godot"[0m
2026-10-09T01:43:27.1653344Z shell: /usr/bin/bash -e {0}
2026-10-09T01:43:27.1653495Z env:
2026-10-09T01:43:27.1653657Z   GODOT_VERSION: 4.7.2-stable
2026-10-09T01:43:27.1653897Z   GODOT_LINUX_SHA256: cadd3204e728a35d3f13adb7fd0d7902636b79f6b95c40c265eb73b6c35329e4
2026-10-09T01:43:27.1654177Z   pythonLocation: /opt/hostedtoolcache/Python/3.12.15/x64
2026-10-09T01:43:27.1654414Z   PKG_CONFIG_PATH: /opt/hostedtoolcache/Python/3.12.15/x64/lib/pkgconfig
2026-10-09T01:43:27.1654649Z   Python_ROOT_DIR: /opt/hostedtoolcache/Python/3.12.15/x64
2026-10-09T01:43:27.1654858Z   Python2_ROOT_DIR: /opt/hostedtoolcache/Python/3.12.15/x64
2026-10-09T01:43:27.1655074Z   Python3_ROOT_DIR: /opt/hostedtoolcache/Python/3.12.15/x64
2026-10-09T01:43:27.1655294Z   LD_LIBRARY_PATH: /opt/hostedtoolcache/Python/3.12.15/x64/lib
2026-10-09T01:43:27.1655476Z ##[endgroup]
2026-10-09T01:43:27.1806443Z   % Total    % Received % Xferd  Average Speed   Time    Time     Time  Current
2026-10-09T01:43:27.1806822Z                                  Dload  Upload   Total   Spent    Left  Speed
2026-10-09T01:43:27.1807030Z 
2026-10-09T01:43:27.3381461Z   0     0    0     0    0     0      0      0 --:--:-- --:--:-- --:--:--     0
2026-10-09T01:43:27.3381789Z   0     0    0     0    0     0      0      0 --:--:-- --:--:-- --:--:--     0
2026-10-09T01:43:27.3853719Z 
2026-10-09T01:43:27.7353125Z   0     0    0     0    0     0      0      0 --:--:-- --:--:-- --:--:--     0
2026-10-09T01:43:27.7353567Z 100 74.2M  100 74.2M    0     0   133M      0 --:--:-- --:--:-- --:--:--  212M
2026-10-09T01:43:27.7840656Z /home/runner/work/_temp/transaction-godot.zip: OK
2026-10-09T01:43:28.5581986Z ##[group]Run python tools/fixtures/equipment-save-transaction/run_ci.py \
2026-10-09T01:43:28.5582330Z [36;1mpython tools/fixtures/equipment-save-transaction/run_ci.py \[0m
2026-10-09T01:43:28.5582594Z [36;1m  --profile "latest" --source-sha "$(git rev-parse HEAD)" \[0m
2026-10-09T01:43:28.5582839Z [36;1m  --fixed-sha e003b126de6695fa131e07a3db14c3011fb74f2e \[0m
2026-10-09T01:43:28.5583059Z [36;1m  --godot "$RUNNER_TEMP/transaction-bin/godot" \[0m
2026-10-09T01:43:28.5583296Z [36;1m  --output "$RUNNER_TEMP/equipment-transaction-evidence/results"[0m
2026-10-09T01:43:28.5638440Z shell: /usr/bin/bash -e {0}
2026-10-09T01:43:28.5638736Z env:
2026-10-09T01:43:28.5638857Z   GODOT_VERSION: 4.7.2-stable
2026-10-09T01:43:28.5639089Z   GODOT_LINUX_SHA256: cadd3204e728a35d3f13adb7fd0d7902636b79f6b95c40c265eb73b6c35329e4
2026-10-09T01:43:28.5639368Z   pythonLocation: /opt/hostedtoolcache/Python/3.12.15/x64
2026-10-09T01:43:28.5639654Z   PKG_CONFIG_PATH: /opt/hostedtoolcache/Python/3.12.15/x64/lib/pkgconfig
2026-10-09T01:43:28.5639896Z   Python_ROOT_DIR: /opt/hostedtoolcache/Python/3.12.15/x64
2026-10-09T01:43:28.5640111Z   Python2_ROOT_DIR: /opt/hostedtoolcache/Python/3.12.15/x64
2026-10-09T01:43:28.5640325Z   Python3_ROOT_DIR: /opt/hostedtoolcache/Python/3.12.15/x64
2026-10-09T01:43:28.5640543Z   LD_LIBRARY_PATH: /opt/hostedtoolcache/Python/3.12.15/x64/lib
2026-10-09T01:43:28.5640732Z ##[endgroup]
2026-10-09T01:46:47.2817553Z TRANSACTION_CI_PASS: source=4f1e6129cea612da657ae389a8e59db217581394 cases=172 checks=2178 propagation=14 scope=2
2026-10-09T01:46:47.2909889Z ##[group]Run python tools/check_frozen_files.py
2026-10-09T01:46:47.2910121Z [36;1mpython tools/check_frozen_files.py[0m
2026-10-09T01:46:47.2979729Z shell: /usr/bin/bash -e {0}
2026-10-09T01:46:47.2979874Z env:
2026-10-09T01:46:47.2979998Z   GODOT_VERSION: 4.7.2-stable
2026-10-09T01:46:47.2980230Z   GODOT_LINUX_SHA256: cadd3204e728a35d3f13adb7fd0d7902636b79f6b95c40c265eb73b6c35329e4
2026-10-09T01:46:47.2980517Z   pythonLocation: /opt/hostedtoolcache/Python/3.12.15/x64
2026-10-09T01:46:47.2980761Z   PKG_CONFIG_PATH: /opt/hostedtoolcache/Python/3.12.15/x64/lib/pkgconfig
2026-10-09T01:46:47.2981004Z   Python_ROOT_DIR: /opt/hostedtoolcache/Python/3.12.15/x64
2026-10-09T01:46:47.2981222Z   Python2_ROOT_DIR: /opt/hostedtoolcache/Python/3.12.15/x64
2026-10-09T01:46:47.2981438Z   Python3_ROOT_DIR: /opt/hostedtoolcache/Python/3.12.15/x64
2026-10-09T01:46:47.2981658Z   LD_LIBRARY_PATH: /opt/hostedtoolcache/Python/3.12.15/x64/lib
2026-10-09T01:46:47.2982508Z ##[endgroup]
2026-10-09T01:46:47.3318809Z 保護対象26件、一致26件。
2026-10-09T01:46:47.3505010Z ##[group]Run actions/upload-artifact@v4
2026-10-09T01:46:47.3506131Z with:
2026-10-09T01:46:47.3506261Z   name: equipment-transaction-latest
2026-10-09T01:46:47.3506466Z   path: /home/runner/work/_temp/equipment-transaction-evidence/
2026-10-09T01:46:47.3506670Z   if-no-files-found: error
2026-10-09T01:46:47.3507674Z   compression-level: 6
2026-10-09T01:46:47.3507799Z   overwrite: false
2026-10-09T01:46:47.3508454Z   include-hidden-files: false
2026-10-09T01:46:47.3509018Z env:
2026-10-09T01:46:47.3510194Z   GODOT_VERSION: 4.7.2-stable
2026-10-09T01:46:47.3510421Z   GODOT_LINUX_SHA256: cadd3204e728a35d3f13adb7fd0d7902636b79f6b95c40c265eb73b6c35329e4
2026-10-09T01:46:47.3511874Z   pythonLocation: /opt/hostedtoolcache/Python/3.12.15/x64
2026-10-09T01:46:47.3550998Z   PKG_CONFIG_PATH: /opt/hostedtoolcache/Python/3.12.15/x64/lib/pkgconfig
2026-10-09T01:46:47.3551286Z   Python_ROOT_DIR: /opt/hostedtoolcache/Python/3.12.15/x64
2026-10-09T01:46:47.3551536Z   Python2_ROOT_DIR: /opt/hostedtoolcache/Python/3.12.15/x64
2026-10-09T01:46:47.3551752Z   Python3_ROOT_DIR: /opt/hostedtoolcache/Python/3.12.15/x64
2026-10-09T01:46:47.3553134Z   LD_LIBRARY_PATH: /opt/hostedtoolcache/Python/3.12.15/x64/lib
2026-10-09T01:46:47.3553319Z ##[endgroup]
2026-10-09T01:46:47.7291039Z (node:4100) [DEP0040] DeprecationWarning: The `punycode` module is deprecated. Please use a userland alternative instead.
2026-10-09T01:46:47.7291906Z (Use `node --trace-deprecation ...` to show where the warning was created)
2026-10-09T01:46:54.8248474Z With the provided path, there will be 68472 files uploaded
2026-10-09T01:46:54.8253034Z Artifact name is valid!
2026-10-09T01:46:54.8253577Z Root directory input is valid!
2026-10-09T01:46:55.4285413Z Beginning upload of artifact content to blob storage
2026-10-09T01:46:58.6610076Z (node:4100) [DEP0169] DeprecationWarning: `url.parse()` behavior is not standardized and prone to errors that have security implications. Use the WHATWG URL API instead. CVEs are not issued for `url.parse()` vulnerabilities.
2026-10-09T01:46:59.2450024Z Uploaded bytes 8388608
2026-10-09T01:47:03.7159427Z Uploaded bytes 16777216
2026-10-09T01:47:07.9810466Z Uploaded bytes 25165824
2026-10-09T01:47:11.9279469Z Uploaded bytes 33554432
2026-10-09T01:47:15.3439812Z Uploaded bytes 41943040
2026-10-09T01:47:18.4779582Z Uploaded bytes 50331648
2026-10-09T01:47:20.3213764Z Uploaded bytes 58720256
2026-10-09T01:47:20.6209239Z Uploaded bytes 63160085
2026-10-09T01:47:20.6593627Z Finished uploading artifact content to blob storage!
2026-10-09T01:47:20.6595833Z SHA256 digest of uploaded artifact zip is 9876504c4be89afead2a9f8f24b046bc479c339e18c12179050c726be623a335
2026-10-09T01:47:20.6597472Z Finalizing artifact upload
2026-10-09T01:47:20.9352252Z Artifact equipment-transaction-latest.zip successfully finalized. Artifact ID 11590406597
2026-10-09T01:47:20.9352972Z Artifact equipment-transaction-latest has been successfully uploaded! Final size is 63160085 bytes. Artifact ID is 11590406597
2026-10-09T01:47:20.9358198Z Artifact download URL: https://github.com/hiroshitanaka-creator/RPG-maker/actions/runs/37869884334/artifacts/11590406597
2026-10-09T01:47:21.0129723Z Post job cleanup.
2026-10-09T01:47:21.0911068Z (node:4121) [DEP0040] DeprecationWarning: The `punycode` module is deprecated. Please use a userland alternative instead.
2026-10-09T01:47:21.0911740Z (Use `node --trace-deprecation ...` to show where the warning was created)
2026-10-09T01:47:21.1058152Z Post job cleanup.
2026-10-09T01:47:21.1663017Z [command]/usr/bin/git version
2026-10-09T01:47:21.1692559Z git version 2.55.0
2026-10-09T01:47:21.1715983Z Temporarily overriding HOME='/home/runner/work/_temp/fe2f4277-f371-4de5-b5d9-7e0c2aecdde8' before making global git config changes
2026-10-09T01:47:21.1716714Z Adding repository directory to the temporary git global config as a safe directory
2026-10-09T01:47:21.1719665Z [command]/usr/bin/git config --global --add safe.directory /home/runner/work/RPG-maker/RPG-maker
2026-10-09T01:47:21.1750322Z [command]/usr/bin/git config --local --name-only --get-regexp core\.sshCommand
2026-10-09T01:47:21.1779153Z [command]/usr/bin/git submodule foreach --recursive sh -c "git config --local --name-only --get-regexp 'core\.sshCommand' && git config --local --unset-all 'core.sshCommand' || :"
2026-10-09T01:47:21.1996905Z [command]/usr/bin/git config --local --name-only --get-regexp http\.https\:\/\/github\.com\/\.extraheader
2026-10-09T01:47:21.2021198Z http.https://github.com/.extraheader
2026-10-09T01:47:21.2030022Z [command]/usr/bin/git config --local --unset-all http.https://github.com/.extraheader
2026-10-09T01:47:21.2062669Z [command]/usr/bin/git submodule foreach --recursive sh -c "git config --local --name-only --get-regexp 'http\.https\:\/\/github\.com\/\.extraheader' && git config --local --unset-all 'http.https://github.com/.extraheader' || :"
2026-10-09T01:47:21.2317538Z [command]/usr/bin/git config --local --name-only --get-regexp ^includeIf\.gitdir:
2026-10-09T01:47:21.2351365Z [command]/usr/bin/git submodule foreach --recursive git config --local --show-origin --name-only --get-regexp remote.origin.url
2026-10-09T01:47:21.2755435Z Cleaning up orphan processes
2026-10-09T01:47:21.2987692Z ##[warning]Node.js 20 is deprecated. The following actions target Node.js 20 but are being forced to run on Node.js 24: actions/checkout@v4, actions/setup-python@v5, actions/upload-artifact@v4. For more information see: https://github.blog/changelog/2025-09-19-deprecation-of-node-20-on-github-actions-runners/
