Godot Engine v4.7.2.stable.official.ed1daf0bf - https://godotengine.org

---  GUT  ---
[1m[INFO]:  [0musing [/tmp/task049/xdg/data/godot/app_userdata/RPG-maker] for temporary output.
Godot version:  4.7.2
GUT version:  9.6.1


res://test/unit/test_job_data.gd
* test_exact_job_counts_and_schema
* test_runtime_uses_all_job_definitions_and_valid_abilities
2/2 passed.
SCOPE_GUT_RESULT {"assertions":765,"failed_assertions":0,"invalid":false,"pending":0,"tests":2}




==============================================
= Run Summary
==============================================

Totals
------
Scripts               1
Tests                 2
Passing Tests         2
Asserts             765
Time              0.68s


---- All tests passed! ----
GUT 9.7.1:  https://github.com/bitwes/Gut/releases/tag/v9.7.1 is now available!

