Godot Engine v4.7.2.stable.official.ed1daf0bf - https://godotengine.org

---  GUT  ---
[1m[INFO]:  [0musing [/tmp/task049/xdg/data/godot/app_userdata/RPG-maker] for temporary output.
Godot version:  4.7.2
GUT version:  9.6.1


res://test/unit/test_job_actions.gd
* test_action_mastery_entry_and_fixed_original_conditions
* test_jp_alone_never_masters_any_job
* test_every_job_requires_both_conditions_and_preserves_action_progress
* test_preview_queue_replacement_and_multihits_do_not_multiply_counts
* test_legacy_load_is_unchanged_and_explicit_upgrade_preserves_mastery_without_fabricating_counts
5/5 passed.
SCOPE_GUT_RESULT {"assertions":946,"failed_assertions":0,"invalid":false,"pending":0,"tests":5}




==============================================
= Run Summary
==============================================

Totals
------
Scripts               1
Tests                 5
Passing Tests         5
Asserts             946
Time              5.59s


---- All tests passed! ----
GUT 9.7.1:  https://github.com/bitwes/Gut/releases/tag/v9.7.1 is now available!

