Godot Engine v4.7.2.stable.official.ed1daf0bf - https://godotengine.org

---  GUT  ---
[1m[INFO]:  [0musing [/tmp/task049/xdg/data/godot/app_userdata/RPG-maker] for temporary output.
Godot version:  4.7.2
GUT version:  9.6.1


res://test/unit/test_battle_loop.gd
* test_three_and_four_member_battles_are_reproducible
* test_guard_damage_action_order_and_defeat
2/2 passed.
SCOPE_GUT_RESULT {"assertions":79,"failed_assertions":0,"invalid":false,"pending":0,"tests":2}




==============================================
= Run Summary
==============================================

Totals
------
Scripts               1
Tests                 2
Passing Tests         2
Asserts              79
Time              0.782s


---- All tests passed! ----
GUT 9.7.1:  https://github.com/bitwes/Gut/releases/tag/v9.7.1 is now available!

