Godot Engine v4.7.2.stable.official.ed1daf0bf - https://godotengine.org

---  GUT  ---
[1m[INFO]:  [0musing [/tmp/task049/xdg/data/godot/app_userdata/RPG-maker] for temporary output.
Godot version:  4.7.2
GUT version:  9.6.1


res://test/unit/test_save_roundtrip.gd
* test_save_load_preserves_all_required_state_for_three_and_four_members
* test_invalid_save_does_not_destroy_current_state
2/2 passed.
SCOPE_GUT_RESULT {"assertions":87,"failed_assertions":0,"invalid":false,"pending":0,"tests":2}




==============================================
= Run Summary
==============================================

Totals
------
Scripts               1
Tests                 2
Passing Tests         2
Asserts              87
Time              0.991s


---- All tests passed! ----
GUT 9.7.1:  https://github.com/bitwes/Gut/releases/tag/v9.7.1 is now available!

