Godot Engine v4.7.2.stable.official.ed1daf0bf - https://godotengine.org

TASK011_FAIL: 静止時に再遷移しない
TASK011_FAIL: 階段の出発階
TASK011_FAIL: 道中では指定位置へ歩き誤接続しない
TASK011_FAIL: 道中では指定位置へ歩き誤接続しない
TASK011_FAIL: 道中では指定位置へ歩き誤接続しない
TASK011_FAIL: 道中では指定位置へ歩き誤接続しない
TASK011_FAIL: 道中では指定位置へ歩き誤接続しない
TASK011_FAIL: 道中では指定位置へ歩き誤接続しない
TASK011_FAIL: 道中では指定位置へ歩き誤接続しない
TASK011_FAIL: 道中では指定位置へ歩き誤接続しない
TASK011_FAIL: 道中では指定位置へ歩き誤接続しない
TASK011_FAIL: 道中では指定位置へ歩き誤接続しない
TASK011_FAIL: 道中では指定位置へ歩き誤接続しない
TASK011_FAIL: 道中では指定位置へ歩き誤接続しない
TASK011_FAIL: 道中では指定位置へ歩き誤接続しない
TASK011_FAIL: 道中では指定位置へ歩き誤接続しない
TASK011_FAIL: 道中では指定位置へ歩き誤接続しない
TASK011_FAIL: 道中では指定位置へ歩き誤接続しない
TASK011_FAIL: 道中では指定位置へ歩き誤接続しない
TASK011_FAIL: 道中では指定位置へ歩き誤接続しない
TASK011_FAIL: 道中では指定位置へ歩き誤接続しない
TASK011_FAIL: 道中では指定位置へ歩き誤接続しない
TASK011_FAIL: 道中では指定位置へ歩き誤接続しない
TASK011_FAIL: 道中では指定位置へ歩き誤接続しない
TASK011_FAIL: 道中では指定位置へ歩き誤接続しない
TASK011_FAIL: 道中では指定位置へ歩き誤接続しない
TASK011_FAIL: 道中では指定位置へ歩き誤接続しない
TASK011_FAIL: 道中では指定位置へ歩き誤接続しない
TASK011_FAIL: 道中では指定位置へ歩き誤接続しない
TASK011_FAIL: 道中では指定位置へ歩き誤接続しない
TASK011_FAIL: 道中では指定位置へ歩き誤接続しない
TASK011_FAIL: 道中では指定位置へ歩き誤接続しない
TASK011_FAIL: 道中では指定位置へ歩き誤接続しない
TASK011_FAIL: 道中では指定位置へ歩き誤接続しない
TASK011_FAIL: 道中では指定位置へ歩き誤接続しない
TASK011_FAIL: 道中では指定位置へ歩き誤接続しない
TASK011_FAIL: 道中では指定位置へ歩き誤接続しない
TASK011_FAIL: 道中では指定位置へ歩き誤接続しない
TASK011_FAIL: 道中では指定位置へ歩き誤接続しない
TASK011_FAIL: 道中では指定位置へ歩き誤接続しない
TASK011_FAIL: 道中では指定位置へ歩き誤接続しない
TASK011_FAIL: 道中では指定位置へ歩き誤接続しない
TASK011_FAIL: 道中では指定位置へ歩き誤接続しない
TASK011_FAIL: 道中では指定位置へ歩き誤接続しない
TASK011_FAIL: 道中では指定位置へ歩き誤接続しない
TASK011_FAIL: 道中では指定位置へ歩き誤接続しない
TASK011_FAIL: 道中では指定位置へ歩き誤接続しない
TASK011_FAIL: 道中では指定位置へ歩き誤接続しない
TASK011_FAIL: 道中では指定位置へ歩き誤接続しない
TASK011_FAIL: 道中では指定位置へ歩き誤接続しない
TASK011_FAIL: 道中では指定位置へ歩き誤接続しない
TASK011_FAIL: 道中では指定位置へ歩き誤接続しない
TASK011_FAIL: 道中では指定位置へ歩き誤接続しない
TASK011_FAIL: 道中では指定位置へ歩き誤接続しない
TASK011_FAIL: 道中では指定位置へ歩き誤接続しない
TASK011_FAIL: 道中では指定位置へ歩き誤接続しない
TASK011_FAIL: 道中では指定位置へ歩き誤接続しない
TASK011_FAIL: 道中では指定位置へ歩き誤接続しない
TASK011_FAIL: 階段の着地と向き
TASK011_FAIL: 静止時に再遷移しない
TASK011_FAIL: 階段の出発階
TASK011_FAIL: 階段への経路
TASK011_FAIL: 階段への経路
TASK011_FAIL: 階段の出発階
TASK011_FAIL: 階段への経路
TASK011_FAIL: 階段の出発階
TASK011_FAIL: 階段への経路
TASK011_FAIL: 階段の出発階
TASK011_FAIL: 階段への経路
TASK011_FAIL: 階段の出発階
TASK011_FAIL: 階段への経路
TASK011_FAIL: 階段の出発階
TASK011_FAIL: 階段への経路
TASK011_FAIL: 階段への経路
TASK011_FAIL: 階段の出発階
TASK011_FAIL: 階段への経路
TASK011_FAIL: 階段の出発階
TASK011_FAIL: 階段への経路
TASK011_FAIL: 階段の出発階
TASK011_FAIL: 階段への経路
TASK011_FAIL: 階段の出発階
TASK011_FAIL: 階段への経路
TASK011_FAIL: 階段の出発階
TASK011_FAIL: 階段への経路
TASK011_FAIL: 階段への経路
TASK011_FAIL: 階段の出発階
TASK011_FAIL: 階段への経路
TASK011_FAIL: 階段の出発階
TASK011_FAIL: 階段への経路
TASK011_FAIL: 階段の出発階
TASK011_FAIL: 階段への経路
TASK011_FAIL: 階段の出発階
TASK011_FAIL: 階段への経路
TASK011_FAIL: 階段の出発階
TASK011_FAIL: 階段への経路
TASK011_FAIL: 階段への経路
TASK011_FAIL: 階段の出発階
TASK011_FAIL: 階段への経路
TASK011_FAIL: 階段の出発階
TASK011_FAIL: 階段への経路
TASK011_FAIL: 階段の出発階
TASK011_FAIL: 階段への経路
TASK011_FAIL: 階段の出発階
TASK011_FAIL: 階段への経路
TASK011_FAIL: 階段の出発階
TASK011_FAIL: 階段への経路
TASK011_FAIL: 階段への経路
TASK011_FAIL: 階段の出発階
TASK011_FAIL: 階段への経路
TASK011_FAIL: 階段の出発階
TASK011_FAIL: 階段への経路
TASK011_FAIL: 階段の出発階
TASK011_FAIL: 階段への経路
TASK011_FAIL: 階段の出発階
TASK011_FAIL: 階段への経路
TASK011_FAIL: 階段の出発階
TASK011_FAIL: 階段への経路
TASK011_FAIL: 階段への経路
TASK011_FAIL: 階段の出発階
TASK011_FAIL: 階段への経路
TASK011_FAIL: 階段の出発階
TASK011_FAIL: 階段への経路
TASK011_FAIL: 階段の出発階
TASK011_FAIL: 階段への経路
TASK011_FAIL: 階段の出発階
TASK011_FAIL: 階段への経路
TASK011_FAIL: 階段の出発階
TASK011_FAIL: 階段への経路
TASK011_FAIL: 階段への経路
TASK011_FAIL: 階段の出発階
TASK011_FAIL: 階段への経路
TASK011_FAIL: 階段の出発階
TASK011_FAIL: 階段への経路
TASK011_FAIL: 階段の出発階
TASK011_FAIL: 階段への経路
TASK011_FAIL: 階段の出発階
TASK011_FAIL: 階段への経路
TASK011_FAIL: 階段の出発階
TASK011_FAIL: 階段への経路
TASK011_FAIL: 階段への経路
TASK011_FAIL: 階段の出発階
TASK011_FAIL: 階段への経路
TASK011_FAIL: 階段の出発階
TASK011_FAIL: 階段への経路
TASK011_FAIL: 階段の出発階
TASK011_FAIL: 階段への経路
TASK011_FAIL: 階段の出発階
TASK011_FAIL: 階段への経路
TASK011_FAIL: 階段の出発階
TASK011_FAIL: 階段への経路
TASK011_FAIL: 階段への経路
TASK011_FAIL: 階段の出発階
TASK011_FAIL: 階段への経路
TASK011_FAIL: 階段の出発階
TASK011_FAIL: 階段への経路
TASK011_FAIL: 階段の出発階
TASK011_FAIL: 階段への経路
TASK011_FAIL: 階段の出発階
TASK011_FAIL: 階段への経路
TASK011_FAIL: 階段の出発階
TASK011_FAIL: 階段への経路
TASK011_FAIL: 階段への経路
TASK011_FAIL: 階段の出発階
TASK011_FAIL: 階段への経路
TASK011_FAIL: 階段の出発階
TASK011_FAIL: 階段への経路
TASK011_RUNTIME_FAIL: cells=5067 moves=3552 stairs=2 saves=16 relocation=16
